Archive member included to satisfy reference by file (symbol)

C:/ST/STM32CubeIDE_1.16.0/STM32CubeIDE/plugins/com.st.stm32cube.ide.mcu.externaltools.gnu-tools-for-stm32.12.3.rel1.win32_1.0.200.202406191623/tools/bin/../lib/gcc/arm-none-eabi/12.3.1/../../../../arm-none-eabi/lib/thumb/v7e-m+fp/hard\libc_nano.a(libc_a-exit.o)
                              C:/ST/STM32CubeIDE_1.16.0/STM32CubeIDE/plugins/com.st.stm32cube.ide.mcu.externaltools.gnu-tools-for-stm32.12.3.rel1.win32_1.0.200.202406191623/tools/bin/../lib/gcc/arm-none-eabi/12.3.1/../../../../arm-none-eabi/lib/thumb/v7e-m+fp/hard/crt0.o (exit)
C:/ST/STM32CubeIDE_1.16.0/STM32CubeIDE/plugins/com.st.stm32cube.ide.mcu.externaltools.gnu-tools-for-stm32.12.3.rel1.win32_1.0.200.202406191623/tools/bin/../lib/gcc/arm-none-eabi/12.3.1/../../../../arm-none-eabi/lib/thumb/v7e-m+fp/hard\libc_nano.a(libc_a-findfp.o)
                              C:/ST/STM32CubeIDE_1.16.0/STM32CubeIDE/plugins/com.st.stm32cube.ide.mcu.externaltools.gnu-tools-for-stm32.12.3.rel1.win32_1.0.200.202406191623/tools/bin/../lib/gcc/arm-none-eabi/12.3.1/../../../../arm-none-eabi/lib/thumb/v7e-m+fp/hard\libc_nano.a(libc_a-exit.o) (__stdio_exit_handler)
C:/ST/STM32CubeIDE_1.16.0/STM32CubeIDE/plugins/com.st.stm32cube.ide.mcu.externaltools.gnu-tools-for-stm32.12.3.rel1.win32_1.0.200.202406191623/tools/bin/../lib/gcc/arm-none-eabi/12.3.1/../../../../arm-none-eabi/lib/thumb/v7e-m+fp/hard\libc_nano.a(libc_a-fwalk.o)
                              C:/ST/STM32CubeIDE_1.16.0/STM32CubeIDE/plugins/com.st.stm32cube.ide.mcu.externaltools.gnu-tools-for-stm32.12.3.rel1.win32_1.0.200.202406191623/tools/bin/../lib/gcc/arm-none-eabi/12.3.1/../../../../arm-none-eabi/lib/thumb/v7e-m+fp/hard\libc_nano.a(libc_a-findfp.o) (_fwalk_sglue)
C:/ST/STM32CubeIDE_1.16.0/STM32CubeIDE/plugins/com.st.stm32cube.ide.mcu.externaltools.gnu-tools-for-stm32.12.3.rel1.win32_1.0.200.202406191623/tools/bin/../lib/gcc/arm-none-eabi/12.3.1/../../../../arm-none-eabi/lib/thumb/v7e-m+fp/hard\libc_nano.a(libc_a-printf.o)
                              ./Core/Src/Gyro.o (printf)
C:/ST/STM32CubeIDE_1.16.0/STM32CubeIDE/plugins/com.st.stm32cube.ide.mcu.externaltools.gnu-tools-for-stm32.12.3.rel1.win32_1.0.200.202406191623/tools/bin/../lib/gcc/arm-none-eabi/12.3.1/../../../../arm-none-eabi/lib/thumb/v7e-m+fp/hard\libc_nano.a(libc_a-stdio.o)
                              C:/ST/STM32CubeIDE_1.16.0/STM32CubeIDE/plugins/com.st.stm32cube.ide.mcu.externaltools.gnu-tools-for-stm32.12.3.rel1.win32_1.0.200.202406191623/tools/bin/../lib/gcc/arm-none-eabi/12.3.1/../../../../arm-none-eabi/lib/thumb/v7e-m+fp/hard\libc_nano.a(libc_a-findfp.o) (__sread)
C:/ST/STM32CubeIDE_1.16.0/STM32CubeIDE/plugins/com.st.stm32cube.ide.mcu.externaltools.gnu-tools-for-stm32.12.3.rel1.win32_1.0.200.202406191623/tools/bin/../lib/gcc/arm-none-eabi/12.3.1/../../../../arm-none-eabi/lib/thumb/v7e-m+fp/hard\libc_nano.a(libc_a-memset.o)
                              C:/ST/STM32CubeIDE_1.16.0/STM32CubeIDE/plugins/com.st.stm32cube.ide.mcu.externaltools.gnu-tools-for-stm32.12.3.rel1.win32_1.0.200.202406191623/tools/bin/../lib/gcc/arm-none-eabi/12.3.1/../../../../arm-none-eabi/lib/thumb/v7e-m+fp/hard/crt0.o (memset)
C:/ST/STM32CubeIDE_1.16.0/STM32CubeIDE/plugins/com.st.stm32cube.ide.mcu.externaltools.gnu-tools-for-stm32.12.3.rel1.win32_1.0.200.202406191623/tools/bin/../lib/gcc/arm-none-eabi/12.3.1/../../../../arm-none-eabi/lib/thumb/v7e-m+fp/hard\libc_nano.a(libc_a-closer.o)
                              C:/ST/STM32CubeIDE_1.16.0/STM32CubeIDE/plugins/com.st.stm32cube.ide.mcu.externaltools.gnu-tools-for-stm32.12.3.rel1.win32_1.0.200.202406191623/tools/bin/../lib/gcc/arm-none-eabi/12.3.1/../../../../arm-none-eabi/lib/thumb/v7e-m+fp/hard\libc_nano.a(libc_a-stdio.o) (_close_r)
C:/ST/STM32CubeIDE_1.16.0/STM32CubeIDE/plugins/com.st.stm32cube.ide.mcu.externaltools.gnu-tools-for-stm32.12.3.rel1.win32_1.0.200.202406191623/tools/bin/../lib/gcc/arm-none-eabi/12.3.1/../../../../arm-none-eabi/lib/thumb/v7e-m+fp/hard\libc_nano.a(libc_a-reent.o)
                              C:/ST/STM32CubeIDE_1.16.0/STM32CubeIDE/plugins/com.st.stm32cube.ide.mcu.externaltools.gnu-tools-for-stm32.12.3.rel1.win32_1.0.200.202406191623/tools/bin/../lib/gcc/arm-none-eabi/12.3.1/../../../../arm-none-eabi/lib/thumb/v7e-m+fp/hard\libc_nano.a(libc_a-closer.o) (errno)
C:/ST/STM32CubeIDE_1.16.0/STM32CubeIDE/plugins/com.st.stm32cube.ide.mcu.externaltools.gnu-tools-for-stm32.12.3.rel1.win32_1.0.200.202406191623/tools/bin/../lib/gcc/arm-none-eabi/12.3.1/../../../../arm-none-eabi/lib/thumb/v7e-m+fp/hard\libc_nano.a(libc_a-impure.o)
                              C:/ST/STM32CubeIDE_1.16.0/STM32CubeIDE/plugins/com.st.stm32cube.ide.mcu.externaltools.gnu-tools-for-stm32.12.3.rel1.win32_1.0.200.202406191623/tools/bin/../lib/gcc/arm-none-eabi/12.3.1/../../../../arm-none-eabi/lib/thumb/v7e-m+fp/hard\libc_nano.a(libc_a-printf.o) (_impure_ptr)
[...]
Memory Configuration

Name             Origin             Length             Attributes
CCMRAM           0x10000000         0x00010000         xrw
RAM              0x20000000         0x00030000         xrw
FLASH            0x08000000         0x00200000         xr
*default*        0x00000000         0xffffffff

Linker script and memory map

LOAD C:/ST/STM32CubeIDE_1.16.0/STM32CubeIDE/plugins/com.st.stm32cube.ide.mcu.externaltools.gnu-tools-for-stm32.12.3.rel1.win32_1.0.200.202406191623/tools/bin/../lib/gcc/arm-none-eabi/12.3.1/thumb/v7e-m+fp/hard/crti.o
LOAD C:/ST/STM32CubeIDE_1.16.0/STM32CubeIDE/plugins/com.st.stm32cube.ide.mcu.externaltools.gnu-tools-for-stm32.12.3.rel1.win32_1.0.200.202406191623/tools/bin/../lib/gcc/arm-none-eabi/12.3.1/thumb/v7e-m+fp/hard/crtbegin.o
LOAD C:/ST/STM32CubeIDE_1.16.0/STM32CubeIDE/plugins/com.st.stm32cube.ide.mcu.externaltools.gnu-tools-for-stm32.12.3.rel1.win32_1.0.200.202406191623/tools/bin/../lib/gcc/arm-none-eabi/12.3.1/../../../../arm-none-eabi/lib/thumb/v7e-m+fp/hard/crt0.o
LOAD ./Core/Src/ApplicationCode.o
LOAD ./Core/Src/Button_Driver.o
LOAD ./Core/Src/ErrorHandling.o
LOAD ./Core/Src/Gyro.o
LOAD ./Core/Src/InterruptControl.o
LOAD ./Core/Src/LCD_Driver.o
LOAD ./Core/Src/LED_Driver.o
LOAD ./Core/Src/RNG_Driver.o
LOAD ./Core/Src/Scheduler.o
LOAD ./Core/Src/fonts.o
LOAD ./Core/Src/ili9341.o
LOAD ./Core/Src/main.o
LOAD ./Core/Src/stm32f4xx_hal_msp.o
LOAD ./Core/Src/stm32f4xx_it.o
LOAD ./Core/Src/stmpe811.o
LOAD ./Core/Src/sysmem.o
LOAD ./Core/Src/system_stm32f4xx.o
LOAD ./Core/Startup/startup_stm32f429zitx.o
LOAD ./Drivers/STM32F4xx_HAL_Driver/Src/stm32f4xx_hal.o
LOAD ./Drivers/STM32F4xx_HAL_Driver/Src/stm32f4xx_hal_cortex.o
LOAD ./Drivers/STM32F4xx_HAL_Driver/Src/stm32f4xx_hal_dma.o
LOAD ./Drivers/STM32F4xx_HAL_Driver/Src/stm32f4xx_hal_dma_ex.o
LOAD ./Drivers/STM32F4xx_HAL_Driver/Src/stm32f4xx_hal_dsi.o
LOAD ./Drivers/STM32F4xx_HAL_Driver/Src/stm32f4xx_hal_exti.o
LOAD ./Drivers/STM32F4xx_HAL_Driver/Src/stm32f4xx_hal_flash.o
LOAD ./Drivers/STM32F4xx_HAL_Driver/Src/stm32f4xx_hal_flash_ex.o
LOAD ./Drivers/STM32F4xx_HAL_Driver/Src/stm32f4xx_hal_flash_ramfunc.o
LOAD ./Drivers/STM32F4xx_HAL_Driver/Src/stm32f4xx_hal_gpio.o
LOAD ./Drivers/STM32F4xx_HAL_Driver/Src/stm32f4xx_hal_i2c.o
LOAD ./Drivers/STM32F4xx_HAL_Driver/Src/stm32f4xx_hal_i2c_ex.o
LOAD ./Drivers/STM32F4xx_HAL_Driver/Src/stm32f4xx_hal_ltdc.o
LOAD ./Drivers/STM32F4xx_HAL_Driver/Src/stm32f4xx_hal_ltdc_ex.o
LOAD ./Drivers/STM32F4xx_HAL_Driver/Src/stm32f4xx_hal_pwr.o
LOAD ./Drivers/STM32F4xx_HAL_Driver/Src/stm32f4xx_hal_pwr_ex.o
LOAD ./Drivers/STM32F4xx_HAL_Driver/Src/stm32f4xx_hal_rcc.o
LOAD ./Drivers/STM32F4xx_HAL_Driver/Src/stm32f4xx_hal_rcc_ex.o
LOAD ./Drivers/STM32F4xx_HAL_Driver/Src/stm32f4xx_hal_rng.o
LOAD ./Drivers/STM32F4xx_HAL_Driver/Src/stm32f4xx_hal_spi.o
LOAD ./Drivers/STM32F4xx_HAL_Driver/Src/stm32f4xx_hal_tim.o
LOAD ./Drivers/STM32F4xx_HAL_Driver/Src/stm32f4xx_hal_tim_ex.o
START GROUP
LOAD C:/ST/STM32CubeIDE_1.16.0/STM32CubeIDE/plugins/com.st.stm32cube.ide.mcu.externaltools.gnu-tools-for-stm32.12.3.rel1.win32_1.0.200.202406191623/tools/bin/../lib/gcc/arm-none-eabi/12.3.1/../../../../arm-none-eabi/lib/thumb/v7e-m+fp/hard\libc_nano.a
LOAD C:/ST/STM32CubeIDE_1.16.0/STM32CubeIDE/plugins/com.st.stm32cube.ide.mcu.externaltools.gnu-tools-for-stm32.12.3.rel1.win32_1.0.200.202406191623/tools/bin/../lib/gcc/arm-none-eabi/12.3.1/../../../../arm-none-eabi/lib/thumb/v7e-m+fp/hard\libm.a
END GROUP
START GROUP
LOAD C:/ST/STM32CubeIDE_1.16.0/STM32CubeIDE/plugins/com.st.stm32cube.ide.mcu.externaltools.gnu-tools-for-stm32.12.3.rel1.win32_1.0.200.202406191623/tools/bin/../lib/gcc/arm-none-eabi/12.3.1/thumb/v7e-m+fp/hard\libgcc.a
LOAD C:/ST/STM32CubeIDE_1.16.0/STM32CubeIDE/plugins/com.st.stm32cube.ide.mcu.externaltools.gnu-tools-for-stm32.12.3.rel1.win32_1.0.200.202406191623/tools/bin/../lib/gcc/arm-none-eabi/12.3.1/../../../../arm-none-eabi/lib/thumb/v7e-m+fp/hard\libc_nano.a
END GROUP
START GROUP
LOAD C:/ST/STM32CubeIDE_1.16.0/STM32CubeIDE/plugins/com.st.stm32cube.ide.mcu.externaltools.gnu-tools-for-stm32.12.3.rel1.win32_1.0.200.202406191623/tools/bin/../lib/gcc/arm-none-eabi/12.3.1/thumb/v7e-m+fp/hard\libgcc.a
LOAD C:/ST/STM32CubeIDE_1.16.0/STM32CubeIDE/plugins/com.st.stm32cube.ide.mcu.externaltools.gnu-tools-for-stm32.12.3.rel1.win32_1.0.200.202406191623/tools/bin/../lib/gcc/arm-none-eabi/12.3.1/../../../../arm-none-eabi/lib/thumb/v7e-m+fp/hard\libc_nano.a
LOAD C:/ST/STM32CubeIDE_1.16.0/STM32CubeIDE/plugins/com.st.stm32cube.ide.mcu.externaltools.gnu-tools-for-stm32.12.3.rel1.win32_1.0.200.202406191623/tools/bin/../lib/gcc/arm-none-eabi/12.3.1/../../../../arm-none-eabi/lib/thumb/v7e-m+fp/hard\libnosys.a
END GROUP
START GROUP
LOAD C:/ST/STM32CubeIDE_1.16.0/STM32CubeIDE/plugins/com.st.stm32cube.ide.mcu.externaltools.gnu-tools-for-stm32.12.3.rel1.win32_1.0.200.202406191623/tools/bin/../lib/gcc/arm-none-eabi/12.3.1/thumb/v7e-m+fp/hard\libgcc.a
LOAD C:/ST/STM32CubeIDE_1.16.0/STM32CubeIDE/plugins/com.st.stm32cube.ide.mcu.externaltools.gnu-tools-for-stm32.12.3.rel1.win32_1.0.200.202406191623/tools/bin/../lib/gcc/arm-none-eabi/12.3.1/../../../../arm-none-eabi/lib/thumb/v7e-m+fp/hard\libc_nano.a
LOAD C:/ST/STM32CubeIDE_1.16.0/STM32CubeIDE/plugins/com.st.stm32cube.ide.mcu.externaltools.gnu-tools-for-stm32.12.3.rel1.win32_1.0.200.202406191623/tools/bin/../lib/gcc/arm-none-eabi/12.3.1/../../../../arm-none-eabi/lib/thumb/v7e-m+fp/hard\libnosys.a
END GROUP
LOAD C:/ST/STM32CubeIDE_1.16.0/STM32CubeIDE/plugins/com.st.stm32cube.ide.mcu.externaltools.gnu-tools-for-stm32.12.3.rel1.win32_1.0.200.202406191623/tools/bin/../lib/gcc/arm-none-eabi/12.3.1/thumb/v7e-m+fp/hard/crtend.o
LOAD C:/ST/STM32CubeIDE_1.16.0/STM32CubeIDE/plugins/com.st.stm32cube.ide.mcu.externaltools.gnu-tools-for-stm32.12.3.rel1.win32_1.0.200.202406191623/tools/bin/../lib/gcc/arm-none-eabi/12.3.1/thumb/v7e-m+fp/hard/crtn.o
                0x20030000                        _estack = (ORIGIN (RAM) + LENGTH (RAM))
                0x00000200                        _Min_Heap_Size = 0x200
                0x00000400                        _Min_Stack_Size = 0x400

.isr_vector     0x08000000      0x1ac
                0x08000000                        . = ALIGN (0x4)
 *(.isr_vector)
 .isr_vector    0x08000000      0x1ac ./Core/Startup/startup_stm32f429zitx.o
                0x08000000                g_pfnVectors
                0x080001ac                        . = ALIGN (0x4)

.text           0x080001ac     0x3544
                0x080001ac                        . = ALIGN (0x4)
 *(.text)
 .text          0x080001ac       0x40 C:/ST/STM32CubeIDE_1.16.0/STM32CubeIDE/plugins/com.st.stm32cube.ide.mcu.externaltools.gnu-tools-for-stm32.12.3.rel1.win32_1.0.200.202406191623/tools/bin/../lib/gcc/arm-none-eabi/12.3.1/thumb/v7e-m+fp/hard/crtbegin.o
 .text          0x080001ec       0x30 C:/ST/STM32CubeIDE_1.16.0/STM32CubeIDE/plugins/com.st.stm32cube.ide.mcu.externaltools.gnu-tools-for-stm32.12.3.rel1.win32_1.0.200.202406191623/tools/bin/../lib/gcc/arm-none-eabi/12.3.1/thumb/v7e-m+fp/hard\libgcc.a(_aeabi_uldivmod.o)
                0x080001ec                __aeabi_uldivmod
 .text          0x0800021c      0x2bc C:/ST/STM32CubeIDE_1.16.0/STM32CubeIDE/plugins/com.st.stm32cube.ide.mcu.externaltools.gnu-tools-for-stm32.12.3.rel1.win32_1.0.200.202406191623/tools/bin/../lib/gcc/arm-none-eabi/12.3.1/thumb/v7e-m+fp/hard\libgcc.a(_udivmoddi4.o)
                0x0800021c                __udivmoddi4
 .text          0x080004d8        0x4 C:/ST/STM32CubeIDE_1.16.0/STM32CubeIDE/plugins/com.st.stm32cube.ide.mcu.externaltools.gnu-tools-for-stm32.12.3.rel1.win32_1.0.200.202406191623/tools/bin/../lib/gcc/arm-none-eabi/12.3.1/thumb/v7e-m+fp/hard\libgcc.a(_dvmd_tls.o)
                0x080004d8                __aeabi_idiv0
                0x080004d8                __aeabi_ldiv0
 *(.text*)
 .text.ApplicationInit
                0x080004dc       0x20 ./Core/Src/ApplicationCode.o
                0x080004dc                ApplicationInit
 .text.LCD_Visual_Demo
                0x080004fc        0xc ./Core/Src/ApplicationCode.o
                0x080004fc                LCD_Visual_Demo
 .text.LCD_GPIO_Init
                0x08000508      0x190 ./Core/Src/LCD_Driver.o
                0x08000508                LCD_GPIO_Init
 .text.LTCD_Layer_Init
                0x08000698       0x80 ./Core/Src/LCD_Driver.o
                0x08000698                LTCD_Layer_Init
 .text.LTCD__Init
                0x08000718       0xbc ./Core/Src/LCD_Driver.o
                0x08000718                LTCD__Init
 .text.LCD_Draw_Pixel
                0x080007d4       0x3c ./Core/Src/LCD_Driver.o
                0x080007d4                LCD_Draw_Pixel
 .text.LCD_Draw_Circle_Fill
                0x08000810       0xa6 ./Core/Src/LCD_Driver.o
                0x08000810                LCD_Draw_Circle_Fill
 .text.LCD_Draw_Vertical_Line
                0x080008b6       0x4e ./Core/Src/LCD_Driver.o
                0x080008b6                LCD_Draw_Vertical_Line
 .text.LCD_Clear
                0x08000904       0x44 ./Core/Src/LCD_Driver.o
                0x08000904                LCD_Clear
 .text.LCD_SetTextColor
                0x08000948       0x20 ./Core/Src/LCD_Driver.o
                0x08000948                LCD_SetTextColor
 .text.LCD_SetFont
                0x08000968       0x20 ./Core/Src/LCD_Driver.o
                0x08000968                LCD_SetFont
 .text.LCD_Draw_Char
                0x08000988       0xdc ./Core/Src/LCD_Driver.o
                0x08000988                LCD_Draw_Char
 .text.LCD_DisplayChar
                0x08000a64       0x44 ./Core/Src/LCD_Driver.o
                0x08000a64                LCD_DisplayChar
 .text.visualDemo
                0x08000aa8      0x158 ./Core/Src/LCD_Driver.o
                0x08000aa8                visualDemo
 .text.LCD_Error_Handler
                0x08000c00        0xc ./Core/Src/LCD_Driver.o
                0x08000c00                LCD_Error_Handler
 .text.ili9341_Init
                0x08000c0c      0x294 ./Core/Src/ili9341.o
                0x08000c0c                ili9341_Init
 .text.ili9341_Write_Reg
                0x08000ea0       0x1a ./Core/Src/ili9341.o
                0x08000ea0                ili9341_Write_Reg
 .text.ili9341_Send_Data
                0x08000eba       0x1a ./Core/Src/ili9341.o
                0x08000eba                ili9341_Send_Data
 .text.SPI_Init
                0x08000ed4       0x74 ./Core/Src/ili9341.o
 .text.SPI_Write
                0x08000f48       0x3c ./Core/Src/ili9341.o
 .text.SPI_Error
                0x08000f84       0x18 ./Core/Src/ili9341.o
 .text.SPI_MspInit
                0x08000f9c       0x74 ./Core/Src/ili9341.o
 .text.LCD_IO_Init
                0x08001010       0xf0 ./Core/Src/ili9341.o
                0x08001010                LCD_IO_Init
 .text.LCD_IO_WriteData
                0x08001100       0x44 ./Core/Src/ili9341.o
                0x08001100                LCD_IO_WriteData
 .text.LCD_IO_WriteReg
                0x08001144       0x44 ./Core/Src/ili9341.o
                0x08001144                LCD_IO_WriteReg
 .text.LCD_Delay
                0x08001188       0x16 ./Core/Src/ili9341.o
                0x08001188                LCD_Delay
 .text.main     0x0800119e       0x20 ./Core/Src/main.o
                0x0800119e                main
 *fill*         0x080011be        0x2 
 .text.SystemClockOverride
                0x080011c0       0x80 ./Core/Src/main.o
                0x080011c0                SystemClockOverride
 .text.Error_Handler
                0x08001240        0xc ./Core/Src/main.o
                0x08001240                Error_Handler
 .text.HAL_MspInit
                0x0800124c       0x50 ./Core/Src/stm32f4xx_hal_msp.o
                0x0800124c                HAL_MspInit
 .text.HAL_LTDC_MspInit
                0x0800129c      0x250 ./Core/Src/stm32f4xx_hal_msp.o
                0x0800129c                HAL_LTDC_MspInit
 .text.HAL_SPI_MspInit
                0x080014ec       0x90 ./Core/Src/stm32f4xx_hal_msp.o
                0x080014ec                HAL_SPI_MspInit
 .text.HAL_SPI_MspDeInit
                0x0800157c       0x3c ./Core/Src/stm32f4xx_hal_msp.o
                0x0800157c                HAL_SPI_MspDeInit
 .text.NMI_Handler
                0x080015b8        0x8 ./Core/Src/stm32f4xx_it.o
                0x080015b8                NMI_Handler
 .text.HardFault_Handler
                0x080015c0        0x8 ./Core/Src/stm32f4xx_it.o
                0x080015c0                HardFault_Handler
 .text.MemManage_Handler
                0x080015c8        0x8 ./Core/Src/stm32f4xx_it.o
                0x080015c8                MemManage_Handler
 .text.BusFault_Handler
                0x080015d0        0x8 ./Core/Src/stm32f4xx_it.o
                0x080015d0                BusFault_Handler
 .text.UsageFault_Handler
                0x080015d8        0x8 ./Core/Src/stm32f4xx_it.o
                0x080015d8                UsageFault_Handler
 .text.SVC_Handler
                0x080015e0        0xe ./Core/Src/stm32f4xx_it.o
                0x080015e0                SVC_Handler
 .text.DebugMon_Handler
                0x080015ee        0xe ./Core/Src/stm32f4xx_it.o
                0x080015ee                DebugMon_Handler
 .text.PendSV_Handler
                0x080015fc        0xe ./Core/Src/stm32f4xx_it.o
                0x080015fc                PendSV_Handler
 .text.SysTick_Handler
                0x0800160a        0xc ./Core/Src/stm32f4xx_it.o
                0x0800160a                SysTick_Handler
 *fill*         0x08001616        0x2 
 .text.SystemInit
                0x08001618       0x24 ./Core/Src/system_stm32f4xx.o
                0x08001618                SystemInit
 .text.Reset_Handler
                0x0800163c       0x50 ./Core/Startup/startup_stm32f429zitx.o
                0x0800163c                Reset_Handler
 .text.Default_Handler
                0x0800168c        0x2 ./Core/Startup/startup_stm32f429zitx.o
                0x0800168c                RTC_Alarm_IRQHandler
                0x0800168c                HASH_RNG_IRQHandler
                0x0800168c                EXTI2_IRQHandler
                0x0800168c                TIM8_CC_IRQHandler
                0x0800168c                UART8_IRQHandler
                0x0800168c                SPI4_IRQHandler
                0x0800168c                TIM1_CC_IRQHandler
                0x0800168c                DMA2_Stream5_IRQHandler
                0x0800168c                DMA1_Stream5_IRQHandler
                0x0800168c                PVD_IRQHandler
                0x0800168c                SDIO_IRQHandler
                0x0800168c                TAMP_STAMP_IRQHandler
                0x0800168c                CAN2_RX1_IRQHandler
                0x0800168c                EXTI3_IRQHandler
                0x0800168c                TIM8_TRG_COM_TIM14_IRQHandler
                0x0800168c                TIM1_UP_TIM10_IRQHandler
                0x0800168c                TIM8_UP_TIM13_IRQHandler
                0x0800168c                I2C3_ER_IRQHandler
                0x0800168c                EXTI0_IRQHandler
                0x0800168c                I2C2_EV_IRQHandler
                0x0800168c                DMA1_Stream2_IRQHandler
                0x0800168c                CAN1_RX0_IRQHandler
                0x0800168c                FPU_IRQHandler
                0x0800168c                OTG_HS_WKUP_IRQHandler
                0x0800168c                LTDC_ER_IRQHandler
                0x0800168c                CAN2_SCE_IRQHandler
                0x0800168c                DMA2_Stream2_IRQHandler
                0x0800168c                SPI1_IRQHandler
                0x0800168c                TIM6_DAC_IRQHandler
                0x0800168c                TIM1_BRK_TIM9_IRQHandler
                0x0800168c                DCMI_IRQHandler
                0x0800168c                CAN2_RX0_IRQHandler
                0x0800168c                DMA2_Stream3_IRQHandler
                0x0800168c                USART6_IRQHandler
                0x0800168c                USART3_IRQHandler
                0x0800168c                CAN1_RX1_IRQHandler
                0x0800168c                UART5_IRQHandler
                0x0800168c                DMA2_Stream0_IRQHandler
                0x0800168c                TIM4_IRQHandler
                0x0800168c                I2C1_EV_IRQHandler
                0x0800168c                DMA1_Stream6_IRQHandler
                0x0800168c                DMA1_Stream1_IRQHandler
                0x0800168c                UART4_IRQHandler
                0x0800168c                TIM3_IRQHandler
                0x0800168c                RCC_IRQHandler
                0x0800168c                TIM8_BRK_TIM12_IRQHandler
                0x0800168c                Default_Handler
                0x0800168c                EXTI15_10_IRQHandler
                0x0800168c                ADC_IRQHandler
                0x0800168c                DMA1_Stream7_IRQHandler
                0x0800168c                SPI5_IRQHandler
                0x0800168c                TIM7_IRQHandler
                0x0800168c                CAN2_TX_IRQHandler
                0x0800168c                TIM5_IRQHandler
                0x0800168c                DMA2_Stream7_IRQHandler
                0x0800168c                I2C3_EV_IRQHandler
                0x0800168c                EXTI9_5_IRQHandler
                0x0800168c                RTC_WKUP_IRQHandler
                0x0800168c                LTDC_IRQHandler
                0x0800168c                ETH_WKUP_IRQHandler
                0x0800168c                SPI2_IRQHandler
                0x0800168c                OTG_HS_EP1_IN_IRQHandler
                0x0800168c                DMA1_Stream0_IRQHandler
                0x0800168c                CAN1_TX_IRQHandler
                0x0800168c                EXTI4_IRQHandler
                0x0800168c                ETH_IRQHandler
                0x0800168c                OTG_HS_EP1_OUT_IRQHandler
                0x0800168c                WWDG_IRQHandler
                0x0800168c                SPI6_IRQHandler
                0x0800168c                TIM2_IRQHandler
                0x0800168c                OTG_FS_WKUP_IRQHandler
                0x0800168c                TIM1_TRG_COM_TIM11_IRQHandler
                0x0800168c                OTG_HS_IRQHandler
                0x0800168c                DMA2D_IRQHandler
                0x0800168c                EXTI1_IRQHandler
                0x0800168c                UART7_IRQHandler
                0x0800168c                USART2_IRQHandler
                0x0800168c                I2C2_ER_IRQHandler
                0x0800168c                DMA2_Stream1_IRQHandler
                0x0800168c                CAN1_SCE_IRQHandler
                0x0800168c                FLASH_IRQHandler
                0x0800168c                DMA2_Stream4_IRQHandler
                0x0800168c                USART1_IRQHandler
                0x0800168c                OTG_FS_IRQHandler
                0x0800168c                SPI3_IRQHandler
                0x0800168c                DMA1_Stream4_IRQHandler
                0x0800168c                I2C1_ER_IRQHandler
                0x0800168c                FMC_IRQHandler
                0x0800168c                DMA2_Stream6_IRQHandler
                0x0800168c                SAI1_IRQHandler
                0x0800168c                DMA1_Stream3_IRQHandler
 *fill*         0x0800168e        0x2 
 .text.HAL_Init
                0x08001690       0x44 ./Drivers/STM32F4xx_HAL_Driver/Src/stm32f4xx_hal.o
                0x08001690                HAL_Init
 .text.HAL_InitTick
                0x080016d4       0x60 ./Drivers/STM32F4xx_HAL_Driver/Src/stm32f4xx_hal.o
                0x080016d4                HAL_InitTick
 .text.HAL_IncTick
                0x08001734       0x28 ./Drivers/STM32F4xx_HAL_Driver/Src/stm32f4xx_hal.o
                0x08001734                HAL_IncTick
 .text.HAL_GetTick
                0x0800175c       0x18 ./Drivers/STM32F4xx_HAL_Driver/Src/stm32f4xx_hal.o
                0x0800175c                HAL_GetTick
 .text.HAL_Delay
                0x08001774       0x48 ./Drivers/STM32F4xx_HAL_Driver/Src/stm32f4xx_hal.o
                0x08001774                HAL_Delay
 .text.__NVIC_SetPriorityGrouping
                0x080017bc       0x48 ./Drivers/STM32F4xx_HAL_Driver/Src/stm32f4xx_hal_cortex.o
 .text.__NVIC_GetPriorityGrouping
                0x08001804       0x1c ./Drivers/STM32F4xx_HAL_Driver/Src/stm32f4xx_hal_cortex.o
 .text.__NVIC_SetPriority
                0x08001820       0x54 ./Drivers/STM32F4xx_HAL_Driver/Src/stm32f4xx_hal_cortex.o
 .text.NVIC_EncodePriority
                0x08001874       0x66 ./Drivers/STM32F4xx_HAL_Driver/Src/stm32f4xx_hal_cortex.o
 *fill*         0x080018da        0x2 
 .text.SysTick_Config
                0x080018dc       0x44 ./Drivers/STM32F4xx_HAL_Driver/Src/stm32f4xx_hal_cortex.o
 .text.HAL_NVIC_SetPriorityGrouping
                0x08001920       0x16 ./Drivers/STM32F4xx_HAL_Driver/Src/stm32f4xx_hal_cortex.o
                0x08001920                HAL_NVIC_SetPriorityGrouping
 .text.HAL_NVIC_SetPriority
                0x08001936       0x38 ./Drivers/STM32F4xx_HAL_Driver/Src/stm32f4xx_hal_cortex.o
                0x08001936                HAL_NVIC_SetPriority
 .text.HAL_SYSTICK_Config
                0x0800196e       0x18 ./Drivers/STM32F4xx_HAL_Driver/Src/stm32f4xx_hal_cortex.o
                0x0800196e                HAL_SYSTICK_Config
 *fill*         0x08001986        0x2 
 .text.HAL_GPIO_Init
                0x08001988      0x358 ./Drivers/STM32F4xx_HAL_Driver/Src/stm32f4xx_hal_gpio.o
                0x08001988                HAL_GPIO_Init
 .text.HAL_GPIO_DeInit
                0x08001ce0      0x218 ./Drivers/STM32F4xx_HAL_Driver/Src/stm32f4xx_hal_gpio.o
                0x08001ce0                HAL_GPIO_DeInit
 .text.HAL_GPIO_WritePin
                0x08001ef8       0x32 ./Drivers/STM32F4xx_HAL_Driver/Src/stm32f4xx_hal_gpio.o
                0x08001ef8                HAL_GPIO_WritePin
 *fill*         0x08001f2a        0x2 
 .text.HAL_LTDC_Init
                0x08001f2c      0x1a0 ./Drivers/STM32F4xx_HAL_Driver/Src/stm32f4xx_hal_ltdc.o
                0x08001f2c                HAL_LTDC_Init
 .text.HAL_LTDC_ConfigLayer
                0x080020cc       0x7c ./Drivers/STM32F4xx_HAL_Driver/Src/stm32f4xx_hal_ltdc.o
                0x080020cc                HAL_LTDC_ConfigLayer
 .text.LTDC_SetConfig
                0x08002148      0x32e ./Drivers/STM32F4xx_HAL_Driver/Src/stm32f4xx_hal_ltdc.o
 *fill*         0x08002476        0x2 
 .text.HAL_RCC_OscConfig
                0x08002478      0x4f0 ./Drivers/STM32F4xx_HAL_Driver/Src/stm32f4xx_hal_rcc.o
                0x08002478                HAL_RCC_OscConfig
 .text.HAL_RCC_ClockConfig
                0x08002968      0x1cc ./Drivers/STM32F4xx_HAL_Driver/Src/stm32f4xx_hal_rcc.o
                0x08002968                HAL_RCC_ClockConfig
 .text.HAL_RCC_GetSysClockFreq
                0x08002b34      0x20c ./Drivers/STM32F4xx_HAL_Driver/Src/stm32f4xx_hal_rcc.o
                0x08002b34                HAL_RCC_GetSysClockFreq
 .text.HAL_RCCEx_PeriphCLKConfig
                0x08002d40      0x380 ./Drivers/STM32F4xx_HAL_Driver/Src/stm32f4xx_hal_rcc_ex.o
                0x08002d40                HAL_RCCEx_PeriphCLKConfig
 .text.HAL_SPI_Init
                0x080030c0      0x112 ./Drivers/STM32F4xx_HAL_Driver/Src/stm32f4xx_hal_spi.o
                0x080030c0                HAL_SPI_Init
 .text.HAL_SPI_DeInit
                0x080031d2       0x50 ./Drivers/STM32F4xx_HAL_Driver/Src/stm32f4xx_hal_spi.o
                0x080031d2                HAL_SPI_DeInit
 .text.HAL_SPI_Transmit
                0x08003222      0x288 ./Drivers/STM32F4xx_HAL_Driver/Src/stm32f4xx_hal_spi.o
                0x08003222                HAL_SPI_Transmit
 .text.HAL_SPI_GetState
                0x080034aa       0x1c ./Drivers/STM32F4xx_HAL_Driver/Src/stm32f4xx_hal_spi.o
                0x080034aa                HAL_SPI_GetState
 *fill*         0x080034c6        0x2 
 .text.SPI_WaitFlagStateUntilTimeout
                0x080034c8      0x110 ./Drivers/STM32F4xx_HAL_Driver/Src/stm32f4xx_hal_spi.o
 .text.SPI_EndRxTxTransaction
                0x080035d8       0xa8 ./Drivers/STM32F4xx_HAL_Driver/Src/stm32f4xx_hal_spi.o
 .text.memset   0x08003680       0x10 C:/ST/STM32CubeIDE_1.16.0/STM32CubeIDE/plugins/com.st.stm32cube.ide.mcu.externaltools.gnu-tools-for-stm32.12.3.rel1.win32_1.0.200.202406191623/tools/bin/../lib/gcc/arm-none-eabi/12.3.1/../../../../arm-none-eabi/lib/thumb/v7e-m+fp/hard\libc_nano.a(libc_a-memset.o)
                0x08003680                memset
 .text.__libc_init_array
                0x08003690       0x48 C:/ST/STM32CubeIDE_1.16.0/STM32CubeIDE/plugins/com.st.stm32cube.ide.mcu.externaltools.gnu-tools-for-stm32.12.3.rel1.win32_1.0.200.202406191623/tools/bin/../lib/gcc/arm-none-eabi/12.3.1/../../../../arm-none-eabi/lib/thumb/v7e-m+fp/hard\libc_nano.a(libc_a-init.o)
                0x08003690                __libc_init_array
 *(.glue_7)
 .glue_7        0x080036d8        0x0 linker stubs
 *(.glue_7t)
 .glue_7t       0x080036d8        0x0 linker stubs
 *(.eh_frame)
 .eh_frame      0x080036d8        0x0 C:/ST/STM32CubeIDE_1.16.0/STM32CubeIDE/plugins/com.st.stm32cube.ide.mcu.externaltools.gnu-tools-for-stm32.12.3.rel1.win32_1.0.200.202406191623/tools/bin/../lib/gcc/arm-none-eabi/12.3.1/thumb/v7e-m+fp/hard/crtbegin.o
 *(.init)
 .init          0x080036d8        0x4 C:/ST/STM32CubeIDE_1.16.0/STM32CubeIDE/plugins/com.st.stm32cube.ide.mcu.externaltools.gnu-tools-for-stm32.12.3.rel1.win32_1.0.200.202406191623/tools/bin/../lib/gcc/arm-none-eabi/12.3.1/thumb/v7e-m+fp/hard/crti.o
                0x080036d8                _init
 .init          0x080036dc        0x8 C:/ST/STM32CubeIDE_1.16.0/STM32CubeIDE/plugins/com.st.stm32cube.ide.mcu.externaltools.gnu-tools-for-stm32.12.3.rel1.win32_1.0.200.202406191623/tools/bin/../lib/gcc/arm-none-eabi/12.3.1/thumb/v7e-m+fp/hard/crtn.o
 *(.fini)
 .fini          0x080036e4        0x4 C:/ST/STM32CubeIDE_1.16.0/STM32CubeIDE/plugins/com.st.stm32cube.ide.mcu.externaltools.gnu-tools-for-stm32.12.3.rel1.win32_1.0.200.202406191623/tools/bin/../lib/gcc/arm-none-eabi/12.3.1/thumb/v7e-m+fp/hard/crti.o
                0x080036e4                _fini
 .fini          0x080036e8        0x8 C:/ST/STM32CubeIDE_1.16.0/STM32CubeIDE/plugins/com.st.stm32cube.ide.mcu.externaltools.gnu-tools-for-stm32.12.3.rel1.win32_1.0.200.202406191623/tools/bin/../lib/gcc/arm-none-eabi/12.3.1/thumb/v7e-m+fp/hard/crtn.o
                0x080036f0                        . = ALIGN (0x4)
                0x080036f0                        _etext = .

.vfp11_veneer   0x080036f0        0x0
 .vfp11_veneer  0x080036f0        0x0 linker stubs

.v4_bx          0x080036f0        0x0
 .v4_bx         0x080036f0        0x0 linker stubs

.iplt           0x080036f0        0x0
 .iplt          0x080036f0        0x0 C:/ST/STM32CubeIDE_1.16.0/STM32CubeIDE/plugins/com.st.stm32cube.ide.mcu.externaltools.gnu-tools-for-stm32.12.3.rel1.win32_1.0.200.202406191623/tools/bin/../lib/gcc/arm-none-eabi/12.3.1/thumb/v7e-m+fp/hard/crtbegin.o

.rodata         0x080036f0     0x11e0
                0x080036f0                        . = ALIGN (0x4)
 *(.rodata)
 *(.rodata*)
 .rodata.ASCII16x24_Table
                0x080036f0     0x11d0 ./Core/Src/fonts.o
                0x080036f0                ASCII16x24_Table
 .rodata.AHBPrescTable
                0x080048c0       0x10 ./Core/Src/system_stm32f4xx.o
                0x080048c0                AHBPrescTable
                0x080048d0                        . = ALIGN (0x4)

.ARM.extab      0x080048d0        0x0
                0x080048d0                        . = ALIGN (0x4)
 *(.ARM.extab* .gnu.linkonce.armextab.*)
                0x080048d0                        . = ALIGN (0x4)

.ARM            0x080048d0        0x8
                0x080048d0                        . = ALIGN (0x4)
                0x080048d0                        __exidx_start = .
 *(.ARM.exidx*)
 .ARM.exidx     0x080048d0        0x8 C:/ST/STM32CubeIDE_1.16.0/STM32CubeIDE/plugins/com.st.stm32cube.ide.mcu.externaltools.gnu-tools-for-stm32.12.3.rel1.win32_1.0.200.202406191623/tools/bin/../lib/gcc/arm-none-eabi/12.3.1/thumb/v7e-m+fp/hard\libgcc.a(_udivmoddi4.o)
                0x080048d8                        __exidx_end = .
                0x080048d8                        . = ALIGN (0x4)

.preinit_array  0x080048d8        0x0
                0x080048d8                        . = ALIGN (0x4)
                0x080048d8                        PROVIDE (__preinit_array_start = .)
 *(.preinit_array*)
                0x080048d8                        PROVIDE (__preinit_array_end = .)
                0x080048d8                        . = ALIGN (0x4)

.init_array     0x080048d8        0x4
                0x080048d8                        . = ALIGN (0x4)
                0x080048d8                        PROVIDE (__init_array_start = .)
 *(SORT_BY_NAME(.init_array.*))
 *(.init_array*)
 .init_array    0x080048d8        0x4 C:/ST/STM32CubeIDE_1.16.0/STM32CubeIDE/plugins/com.st.stm32cube.ide.mcu.externaltools.gnu-tools-for-stm32.12.3.rel1.win32_1.0.200.202406191623/tools/bin/../lib/gcc/arm-none-eabi/12.3.1/thumb/v7e-m+fp/hard/crtbegin.o
                0x080048dc                        PROVIDE (__init_array_end = .)
                0x080048dc                        . = ALIGN (0x4)

.fini_array     0x080048dc        0x4
                0x080048dc                        . = ALIGN (0x4)
                [!provide]                        PROVIDE (__fini_array_start = .)
 *(SORT_BY_NAME(.fini_array.*))
 *(.fini_array*)
 .fini_array    0x080048dc        0x4 C:/ST/STM32CubeIDE_1.16.0/STM32CubeIDE/plugins/com.st.stm32cube.ide.mcu.externaltools.gnu-tools-for-stm32.12.3.rel1.win32_1.0.200.202406191623/tools/bin/../lib/gcc/arm-none-eabi/12.3.1/thumb/v7e-m+fp/hard/crtbegin.o
                [!provide]                        PROVIDE (__fini_array_end = .)
                0x080048e0                        . = ALIGN (0x4)
                0x080048e0                        _sidata = LOADADDR (.data)

.rel.dyn        0x080048e0        0x0
 .rel.iplt      0x080048e0        0x0 C:/ST/STM32CubeIDE_1.16.0/STM32CubeIDE/plugins/com.st.stm32cube.ide.mcu.externaltools.gnu-tools-for-stm32.12.3.rel1.win32_1.0.200.202406191623/tools/bin/../lib/gcc/arm-none-eabi/12.3.1/thumb/v7e-m+fp/hard/crtbegin.o

.data           0x20000000       0x1c load address 0x080048e0
                0x20000000                        . = ALIGN (0x4)
                0x20000000                        _sdata = .
 *(.data)
 *(.data*)
 .data.CurrentTextColor
                0x20000000        0x2 ./Core/Src/LCD_Driver.o
 *fill*         0x20000002        0x2 
 .data.Font16x24
                0x20000004        0x8 ./Core/Src/fonts.o
                0x20000004                Font16x24
 .data.SpiTimeout
                0x2000000c        0x4 ./Core/Src/ili9341.o
                0x2000000c                SpiTimeout
 .data.SystemCoreClock
                0x20000010        0x4 ./Core/Src/system_stm32f4xx.o
                0x20000010                SystemCoreClock
 .data.uwTickPrio
                0x20000014        0x4 ./Drivers/STM32F4xx_HAL_Driver/Src/stm32f4xx_hal.o
                0x20000014                uwTickPrio
 .data.uwTickFreq
                0x20000018        0x1 ./Drivers/STM32F4xx_HAL_Driver/Src/stm32f4xx_hal.o
                0x20000018                uwTickFreq
 *(.RamFunc)
 *(.RamFunc*)
                0x2000001c                        . = ALIGN (0x4)
 *fill*         0x20000019        0x3 
                0x2000001c                        _edata = .
                0x080048fc                        _siccmram = LOADADDR (.ccmram)

.igot.plt       0x2000001c        0x0 load address 0x080048fc
 .igot.plt      0x2000001c        0x0 C:/ST/STM32CubeIDE_1.16.0/STM32CubeIDE/plugins/com.st.stm32cube.ide.mcu.externaltools.gnu-tools-for-stm32.12.3.rel1.win32_1.0.200.202406191623/tools/bin/../lib/gcc/arm-none-eabi/12.3.1/thumb/v7e-m+fp/hard/crtbegin.o

.ccmram         0x10000000        0x0 load address 0x080048fc
                0x10000000                        . = ALIGN (0x4)
                0x10000000                        _sccmram = .
 *(.ccmram)
 *(.ccmram*)
                0x10000000                        . = ALIGN (0x4)
                0x10000000                        _eccmram = .
                0x10000000                        . = ALIGN (0x4)

.bss            0x2000001c    0x25958
                0x2000001c                        _sbss = .
                0x2000001c                        __bss_start__ = _sbss
 *(.bss)
 .bss           0x2000001c       0x1c C:/ST/STM32CubeIDE_1.16.0/STM32CubeIDE/plugins/com.st.stm32cube.ide.mcu.externaltools.gnu-tools-for-stm32.12.3.rel1.win32_1.0.200.202406191623/tools/bin/../lib/gcc/arm-none-eabi/12.3.1/thumb/v7e-m+fp/hard/crtbegin.o
 *(.bss*)
 .bss.hltdc     0x20000038       0xa8 ./Core/Src/LCD_Driver.o
 .bss.PeriphClkInitStruct
                0x200000e0       0x30 ./Core/Src/LCD_Driver.o
 .bss.LCD_Currentfonts
                0x20000110        0x4 ./Core/Src/LCD_Driver.o
 .bss.frameBuffer
                0x20000114    0x25800 ./Core/Src/LCD_Driver.o
                0x20000114                frameBuffer
 .bss.SpiHandle
                0x20025914       0x58 ./Core/Src/ili9341.o
 .bss.Is_LCD_IO_Initialized
                0x2002596c        0x1 ./Core/Src/ili9341.o
 *fill*         0x2002596d        0x3 
 .bss.uwTick    0x20025970        0x4 ./Drivers/STM32F4xx_HAL_Driver/Src/stm32f4xx_hal.o
                0x20025970                uwTick
 *(COMMON)
                0x20025974                        . = ALIGN (0x4)
                0x20025974                        _ebss = .
                0x20025974                        __bss_end__ = _ebss

._user_heap_stack
                0x20025974      0x604
                0x20025978                        . = ALIGN (0x8)
 *fill*         0x20025974        0x4 
                [!provide]                        PROVIDE (end = .)
                0x20025978                        PROVIDE (_end = .)
                0x20025b78                        . = (. + _Min_Heap_Size)
 *fill*         0x20025978      0x200 
                0x20025f78                        . = (. + _Min_Stack_Size)
 *fill*         0x20025b78      0x400 
                0x20025f78                        . = ALIGN (0x8)

/DISCARD/
 libc.a(*)
 libm.a(*)
 libgcc.a(*)

.ARM.attributes
                0x00000000       0x30
 *(.ARM.attributes)
 .ARM.attributes
                0x00000000       0x22 C:/ST/STM32CubeIDE_1.16.0/STM32CubeIDE/plugins/com.st.stm32cube.ide.mcu.externaltools.gnu-tools-for-stm32.12.3.rel1.win32_1.0.200.202406191623/tools/bin/../lib/gcc/arm-none-eabi/12.3.1/thumb/v7e-m+fp/hard/crti.o
 .ARM.attributes
                0x00000022       0x34 C:/ST/STM32CubeIDE_1.16.0/STM32CubeIDE/plugins/com.st.stm32cube.ide.mcu.externaltools.gnu-tools-for-stm32.12.3.rel1.win32_1.0.200.202406191623/tools/bin/../lib/gcc/arm-none-eabi/12.3.1/thumb/v7e-m+fp/hard/crtbegin.o
 .ARM.attributes
                0x00000056       0x34 ./Core/Src/ApplicationCode.o
 .ARM.attributes
                0x0000008a       0x34 ./Core/Src/LCD_Driver.o
 .ARM.attributes
                0x000000be       0x34 ./Core/Src/fonts.o
 .ARM.attributes
                0x000000f2       0x34 ./Core/Src/ili9341.o
 .ARM.attributes
                0x00000126       0x34 ./Core/Src/main.o
 .ARM.attributes
                0x0000015a       0x34 ./Core/Src/stm32f4xx_hal_msp.o
 .ARM.attributes
                0x0000018e       0x34 ./Core/Src/stm32f4xx_it.o
 .ARM.attributes
                0x000001c2       0x34 ./Core/Src/system_stm32f4xx.o
 .ARM.attributes
                0x000001f6       0x21 ./Core/Startup/startup_stm32f429zitx.o
 .ARM.attributes
                0x00000217       0x34 ./Drivers/STM32F4xx_HAL_Driver/Src/stm32f4xx_hal.o
 .ARM.attributes
                0x0000024b       0x34 ./Drivers/STM32F4xx_HAL_Driver/Src/stm32f4xx_hal_cortex.o
 .ARM.attributes
                0x0000027f       0x34 ./Drivers/STM32F4xx_HAL_Driver/Src/stm32f4xx_hal_gpio.o
 .ARM.attributes
                0x000002b3       0x34 ./Drivers/STM32F4xx_HAL_Driver/Src/stm32f4xx_hal_ltdc.o
 .ARM.attributes
                0x000002e7       0x34 ./Drivers/STM32F4xx_HAL_Driver/Src/stm32f4xx_hal_rcc.o
 .ARM.attributes
                0x0000031b       0x34 ./Drivers/STM32F4xx_HAL_Driver/Src/stm32f4xx_hal_rcc_ex.o
 .ARM.attributes
                0x0000034f       0x34 ./Drivers/STM32F4xx_HAL_Driver/Src/stm32f4xx_hal_spi.o
 .ARM.attributes
                0x00000383       0x34 C:/ST/STM32CubeIDE_1.16.0/STM32CubeIDE/plugins/com.st.stm32cube.ide.mcu.externaltools.gnu-tools-for-stm32.12.3.rel1.win32_1.0.200.202406191623/tools/bin/../lib/gcc/arm-none-eabi/12.3.1/../../../../arm-none-eabi/lib/thumb/v7e-m+fp/hard\libc_nano.a(libc_a-memset.o)
 .ARM.attributes
                0x000003b7       0x34 C:/ST/STM32CubeIDE_1.16.0/STM32CubeIDE/plugins/com.st.stm32cube.ide.mcu.externaltools.gnu-tools-for-stm32.12.3.rel1.win32_1.0.200.202406191623/tools/bin/../lib/gcc/arm-none-eabi/12.3.1/../../../../arm-none-eabi/lib/thumb/v7e-m+fp/hard\libc_nano.a(libc_a-init.o)
 .ARM.attributes
                0x000003eb       0x22 C:/ST/STM32CubeIDE_1.16.0/STM32CubeIDE/plugins/com.st.stm32cube.ide.mcu.externaltools.gnu-tools-for-stm32.12.3.rel1.win32_1.0.200.202406191623/tools/bin/../lib/gcc/arm-none-eabi/12.3.1/thumb/v7e-m+fp/hard\libgcc.a(_aeabi_uldivmod.o)
 .ARM.attributes
                0x0000040d       0x34 C:/ST/STM32CubeIDE_1.16.0/STM32CubeIDE/plugins/com.st.stm32cube.ide.mcu.externaltools.gnu-tools-for-stm32.12.3.rel1.win32_1.0.200.202406191623/tools/bin/../lib/gcc/arm-none-eabi/12.3.1/thumb/v7e-m+fp/hard\libgcc.a(_udivmoddi4.o)
 .ARM.attributes
                0x00000441       0x22 C:/ST/STM32CubeIDE_1.16.0/STM32CubeIDE/plugins/com.st.stm32cube.ide.mcu.externaltools.gnu-tools-for-stm32.12.3.rel1.win32_1.0.200.202406191623/tools/bin/../lib/gcc/arm-none-eabi/12.3.1/thumb/v7e-m+fp/hard\libgcc.a(_dvmd_tls.o)
 .ARM.attributes
                0x00000463       0x22 C:/ST/STM32CubeIDE_1.16.0/STM32CubeIDE/plugins/com.st.stm32cube.ide.mcu.externaltools.gnu-tools-for-stm32.12.3.rel1.win32_1.0.200.202406191623/tools/bin/../lib/gcc/arm-none-eabi/12.3.1/thumb/v7e-m+fp/hard/crtn.o
OUTPUT(ELamLabFinal.elf elf32-littlearm)
LOAD linker stubs
LOAD C:/ST/STM32CubeIDE_1.16.0/STM32CubeIDE/plugins/com.st.stm32cube.ide.mcu.externaltools.gnu-tools-for-stm32.12.3.rel1.win32_1.0.200.202406191623/tools/bin/../lib/gcc/arm-none-eabi/12.3.1/../../../../arm-none-eabi/lib/thumb/v7e-m+fp/hard\libc.a
LOAD C:/ST/STM32CubeIDE_1.16.0/STM32CubeIDE/plugins/com.st.stm32cube.ide.mcu.externaltools.gnu-tools-for-stm32.12.3.rel1.win32_1.0.200.202406191623/tools/bin/../lib/gcc/arm-none-eabi/12.3.1/../../../../arm-none-eabi/lib/thumb/v7e-m+fp/hard\libm.a
LOAD C:/ST/STM32CubeIDE_1.16.0/STM32CubeIDE/plugins/com.st.stm32cube.ide.mcu.externaltools.gnu-tools-for-stm32.12.3.rel1.win32_1.0.200.202406191623/tools/bin/../lib/gcc/arm-none-eabi/12.3.1/thumb/v7e-m+fp/hard\libgcc.a

.debug_info     0x00000000     0x8f31
 .debug_info    0x00000000      0x10c ./Core/Src/ApplicationCode.o
 .debug_info    0x0000010c      0xdd6 ./Core/Src/LCD_Driver.o
 .debug_info    0x00000ee2      0x145 ./Core/Src/fonts.o
 .debug_info    0x00001027      0xc85 ./Core/Src/ili9341.o
 .debug_info    0x00001cac      0x52c ./Core/Src/main.o
 .debug_info    0x000021d8     0x1438 ./Core/Src/stm32f4xx_hal_msp.o
 .debug_info    0x00003610      0x112 ./Core/Src/stm32f4xx_it.o
 .debug_info    0x00003722      0x52e ./Core/Src/system_stm32f4xx.o
 .debug_info    0x00003c50       0x30 ./Core/Startup/startup_stm32f429zitx.o
 .debug_info    0x00003c80      0x9ba ./Drivers/STM32F4xx_HAL_Driver/Src/stm32f4xx_hal.o
 .debug_info    0x0000463a      0xdc2 ./Drivers/STM32F4xx_HAL_Driver/Src/stm32f4xx_hal_cortex.o
 .debug_info    0x000053fc      0x6db ./Drivers/STM32F4xx_HAL_Driver/Src/stm32f4xx_hal_gpio.o
 .debug_info    0x00005ad7     0x1022 ./Drivers/STM32F4xx_HAL_Driver/Src/stm32f4xx_hal_ltdc.o
 .debug_info    0x00006af9      0x8c7 ./Drivers/STM32F4xx_HAL_Driver/Src/stm32f4xx_hal_rcc.o
 .debug_info    0x000073c0      0x64c ./Drivers/STM32F4xx_HAL_Driver/Src/stm32f4xx_hal_rcc_ex.o
 .debug_info    0x00007a0c     0x1525 ./Drivers/STM32F4xx_HAL_Driver/Src/stm32f4xx_hal_spi.o

.debug_abbrev   0x00000000     0x1cdb
 .debug_abbrev  0x00000000       0x87 ./Core/Src/ApplicationCode.o
 .debug_abbrev  0x00000087      0x2c7 ./Core/Src/LCD_Driver.o
 .debug_abbrev  0x0000034e       0xc6 ./Core/Src/fonts.o
 .debug_abbrev  0x00000414      0x2c9 ./Core/Src/ili9341.o
 .debug_abbrev  0x000006dd      0x1ef ./Core/Src/main.o
 .debug_abbrev  0x000008cc      0x245 ./Core/Src/stm32f4xx_hal_msp.o
 .debug_abbrev  0x00000b11       0x73 ./Core/Src/stm32f4xx_it.o
 .debug_abbrev  0x00000b84      0x11a ./Core/Src/system_stm32f4xx.o
 .debug_abbrev  0x00000c9e       0x24 ./Core/Startup/startup_stm32f429zitx.o
 .debug_abbrev  0x00000cc2      0x214 ./Drivers/STM32F4xx_HAL_Driver/Src/stm32f4xx_hal.o
 .debug_abbrev  0x00000ed6      0x31d ./Drivers/STM32F4xx_HAL_Driver/Src/stm32f4xx_hal_cortex.o
 .debug_abbrev  0x000011f3      0x1d4 ./Drivers/STM32F4xx_HAL_Driver/Src/stm32f4xx_hal_gpio.o
 .debug_abbrev  0x000013c7      0x233 ./Drivers/STM32F4xx_HAL_Driver/Src/stm32f4xx_hal_ltdc.o
 .debug_abbrev  0x000015fa      0x2b7 ./Drivers/STM32F4xx_HAL_Driver/Src/stm32f4xx_hal_rcc.o
 .debug_abbrev  0x000018b1      0x1b0 ./Drivers/STM32F4xx_HAL_Driver/Src/stm32f4xx_hal_rcc_ex.o
 .debug_abbrev  0x00001a61      0x27a ./Drivers/STM32F4xx_HAL_Driver/Src/stm32f4xx_hal_spi.o

.debug_aranges  0x00000000      0x938
 .debug_aranges
                0x00000000       0x28 ./Core/Src/ApplicationCode.o
 .debug_aranges
                0x00000028       0x88 ./Core/Src/LCD_Driver.o
 .debug_aranges
                0x000000b0       0x18 ./Core/Src/fonts.o
 .debug_aranges
                0x000000c8       0x98 ./Core/Src/ili9341.o
 .debug_aranges
                0x00000160       0x38 ./Core/Src/main.o
 .debug_aranges
                0x00000198       0x60 ./Core/Src/stm32f4xx_hal_msp.o
 .debug_aranges
                0x000001f8       0x60 ./Core/Src/stm32f4xx_it.o
 .debug_aranges
                0x00000258       0x28 ./Core/Src/system_stm32f4xx.o
 .debug_aranges
                0x00000280       0x28 ./Core/Startup/startup_stm32f429zitx.o
 .debug_aranges
                0x000002a8      0x100 ./Drivers/STM32F4xx_HAL_Driver/Src/stm32f4xx_hal.o
 .debug_aranges
                0x000003a8      0x130 ./Drivers/STM32F4xx_HAL_Driver/Src/stm32f4xx_hal_cortex.o
 .debug_aranges
                0x000004d8       0x58 ./Drivers/STM32F4xx_HAL_Driver/Src/stm32f4xx_hal_gpio.o
 .debug_aranges
                0x00000530      0x158 ./Drivers/STM32F4xx_HAL_Driver/Src/stm32f4xx_hal_ltdc.o
 .debug_aranges
                0x00000688       0x88 ./Drivers/STM32F4xx_HAL_Driver/Src/stm32f4xx_hal_rcc.o
 .debug_aranges
                0x00000710       0x58 ./Drivers/STM32F4xx_HAL_Driver/Src/stm32f4xx_hal_rcc_ex.o
 .debug_aranges
                0x00000768      0x1d0 ./Drivers/STM32F4xx_HAL_Driver/Src/stm32f4xx_hal_spi.o

.debug_rnglists
                0x00000000      0x6cf
 .debug_rnglists
                0x00000000       0x19 ./Core/Src/ApplicationCode.o
 .debug_rnglists
                0x00000019       0x67 ./Core/Src/LCD_Driver.o
 .debug_rnglists
                0x00000080       0x6f ./Core/Src/ili9341.o
 .debug_rnglists
                0x000000ef       0x27 ./Core/Src/main.o
 .debug_rnglists
                0x00000116       0x47 ./Core/Src/stm32f4xx_hal_msp.o
 .debug_rnglists
                0x0000015d       0x43 ./Core/Src/stm32f4xx_it.o
 .debug_rnglists
                0x000001a0       0x1a ./Core/Src/system_stm32f4xx.o
 .debug_rnglists
                0x000001ba       0x19 ./Core/Startup/startup_stm32f429zitx.o
 .debug_rnglists
                0x000001d3       0xbb ./Drivers/STM32F4xx_HAL_Driver/Src/stm32f4xx_hal.o
 .debug_rnglists
                0x0000028e       0xe0 ./Drivers/STM32F4xx_HAL_Driver/Src/stm32f4xx_hal_cortex.o
 .debug_rnglists
                0x0000036e       0x3f ./Drivers/STM32F4xx_HAL_Driver/Src/stm32f4xx_hal_gpio.o
 .debug_rnglists
                0x000003ad      0x10a ./Drivers/STM32F4xx_HAL_Driver/Src/stm32f4xx_hal_ltdc.o
 .debug_rnglists
                0x000004b7       0x66 ./Drivers/STM32F4xx_HAL_Driver/Src/stm32f4xx_hal_rcc.o
 .debug_rnglists
                0x0000051d       0x43 ./Drivers/STM32F4xx_HAL_Driver/Src/stm32f4xx_hal_rcc_ex.o
 .debug_rnglists
                0x00000560      0x16f ./Drivers/STM32F4xx_HAL_Driver/Src/stm32f4xx_hal_spi.o

.debug_macro    0x00000000    0x244f9
 .debug_macro   0x00000000      0x313 ./Core/Src/ApplicationCode.o
 .debug_macro   0x00000313      0xab4 ./Core/Src/ApplicationCode.o
 .debug_macro   0x00000dc7      0x2a7 ./Core/Src/ApplicationCode.o
 .debug_macro   0x0000106e       0x2e ./Core/Src/ApplicationCode.o
 .debug_macro   0x0000109c       0x28 ./Core/Src/ApplicationCode.o
 .debug_macro   0x000010c4       0x22 ./Core/Src/ApplicationCode.o
 .debug_macro   0x000010e6       0x8e ./Core/Src/ApplicationCode.o
 .debug_macro   0x00001174       0x51 ./Core/Src/ApplicationCode.o
 .debug_macro   0x000011c5      0x103 ./Core/Src/ApplicationCode.o
 .debug_macro   0x000012c8       0x6a ./Core/Src/ApplicationCode.o
 .debug_macro   0x00001332      0x1df ./Core/Src/ApplicationCode.o
 .debug_macro   0x00001511       0x1c ./Core/Src/ApplicationCode.o
 .debug_macro   0x0000152d       0x22 ./Core/Src/ApplicationCode.o
 .debug_macro   0x0000154f       0xfb ./Core/Src/ApplicationCode.o
 .debug_macro   0x0000164a     0x1011 ./Core/Src/ApplicationCode.o
 .debug_macro   0x0000265b      0x11f ./Core/Src/ApplicationCode.o
 .debug_macro   0x0000277a    0x17fd8 ./Core/Src/ApplicationCode.o
 .debug_macro   0x0001a752       0x6d ./Core/Src/ApplicationCode.o
 .debug_macro   0x0001a7bf     0x3711 ./Core/Src/ApplicationCode.o
 .debug_macro   0x0001ded0      0x189 ./Core/Src/ApplicationCode.o
 .debug_macro   0x0001e059       0x5c ./Core/Src/ApplicationCode.o
 .debug_macro   0x0001e0b5      0xcba ./Core/Src/ApplicationCode.o
 .debug_macro   0x0001ed6f      0x9e9 ./Core/Src/ApplicationCode.o
 .debug_macro   0x0001f758      0x115 ./Core/Src/ApplicationCode.o
 .debug_macro   0x0001f86d      0x156 ./Core/Src/ApplicationCode.o
 .debug_macro   0x0001f9c3       0xa5 ./Core/Src/ApplicationCode.o
 .debug_macro   0x0001fa68      0x182 ./Core/Src/ApplicationCode.o
 .debug_macro   0x0001fbea      0x287 ./Core/Src/ApplicationCode.o
 .debug_macro   0x0001fe71       0x5f ./Core/Src/ApplicationCode.o
 .debug_macro   0x0001fed0      0x236 ./Core/Src/ApplicationCode.o
 .debug_macro   0x00020106      0x132 ./Core/Src/ApplicationCode.o
 .debug_macro   0x00020238      0x41d ./Core/Src/ApplicationCode.o
 .debug_macro   0x00020655       0x2e ./Core/Src/ApplicationCode.o
 .debug_macro   0x00020683      0x1b5 ./Core/Src/ApplicationCode.o
 .debug_macro   0x00020838       0x22 ./Core/Src/ApplicationCode.o
 .debug_macro   0x0002085a       0xd6 ./Core/Src/ApplicationCode.o
 .debug_macro   0x00020930      0x198 ./Core/Src/ApplicationCode.o
 .debug_macro   0x00020ac8       0xd6 ./Core/Src/ApplicationCode.o
 .debug_macro   0x00020b9e      0x127 ./Core/Src/ApplicationCode.o
 .debug_macro   0x00020cc5       0xe2 ./Core/Src/ApplicationCode.o
 .debug_macro   0x00020da7       0x89 ./Core/Src/ApplicationCode.o
 .debug_macro   0x00020e30       0xa4 ./Core/Src/ApplicationCode.o
 .debug_macro   0x00020ed4      0x225 ./Core/Src/ApplicationCode.o
 .debug_macro   0x000210f9      0x134 ./Core/Src/ApplicationCode.o
 .debug_macro   0x0002122d      0x332 ./Core/Src/ApplicationCode.o
 .debug_macro   0x0002155f       0x22 ./Core/Src/ApplicationCode.o
 .debug_macro   0x00021581      0x179 ./Core/Src/ApplicationCode.o
 .debug_macro   0x000216fa       0x88 ./Core/Src/ApplicationCode.o
 .debug_macro   0x00021782       0x61 ./Core/Src/ApplicationCode.o
 .debug_macro   0x000217e3       0x2a ./Core/Src/ApplicationCode.o
 .debug_macro   0x0002180d       0x43 ./Core/Src/ApplicationCode.o
 .debug_macro   0x00021850       0x34 ./Core/Src/ApplicationCode.o
 .debug_macro   0x00021884       0x16 ./Core/Src/ApplicationCode.o
 .debug_macro   0x0002189a       0x35 ./Core/Src/ApplicationCode.o
 .debug_macro   0x000218cf      0x369 ./Core/Src/ApplicationCode.o
 .debug_macro   0x00021c38       0x10 ./Core/Src/ApplicationCode.o
 .debug_macro   0x00021c48       0x16 ./Core/Src/ApplicationCode.o
 .debug_macro   0x00021c5e       0x43 ./Core/Src/ApplicationCode.o
 .debug_macro   0x00021ca1       0x34 ./Core/Src/ApplicationCode.o
 .debug_macro   0x00021cd5       0x10 ./Core/Src/ApplicationCode.o
 .debug_macro   0x00021ce5       0x58 ./Core/Src/ApplicationCode.o
 .debug_macro   0x00021d3d       0x8e ./Core/Src/ApplicationCode.o
 .debug_macro   0x00021dcb       0x1c ./Core/Src/ApplicationCode.o
 .debug_macro   0x00021de7      0x177 ./Core/Src/ApplicationCode.o
 .debug_macro   0x00021f5e       0x16 ./Core/Src/ApplicationCode.o
 .debug_macro   0x00021f74       0x16 ./Core/Src/ApplicationCode.o
 .debug_macro   0x00021f8a      0x146 ./Core/Src/ApplicationCode.o
 .debug_macro   0x000220d0      0x231 ./Core/Src/LCD_Driver.o
 .debug_macro   0x00022301       0x6d ./Core/Src/fonts.o
 .debug_macro   0x0002236e      0x206 ./Core/Src/ili9341.o
 .debug_macro   0x00022574      0x32c ./Core/Src/ili9341.o
 .debug_macro   0x000228a0      0x322 ./Core/Src/main.o
 .debug_macro   0x00022bc2      0x4c8 ./Core/Src/main.o
 .debug_macro   0x0002308a      0x206 ./Core/Src/stm32f4xx_hal_msp.o
 .debug_macro   0x00023290      0x210 ./Core/Src/stm32f4xx_it.o
 .debug_macro   0x000234a0      0x1f7 ./Core/Src/system_stm32f4xx.o
 .debug_macro   0x00023697      0x257 ./Drivers/STM32F4xx_HAL_Driver/Src/stm32f4xx_hal.o
 .debug_macro   0x000238ee      0x1f7 ./Drivers/STM32F4xx_HAL_Driver/Src/stm32f4xx_hal_cortex.o
 .debug_macro   0x00023ae5      0x1fd ./Drivers/STM32F4xx_HAL_Driver/Src/stm32f4xx_hal_gpio.o
 .debug_macro   0x00023ce2      0x1ff ./Drivers/STM32F4xx_HAL_Driver/Src/stm32f4xx_hal_ltdc.o
 .debug_macro   0x00023ee1      0x21b ./Drivers/STM32F4xx_HAL_Driver/Src/stm32f4xx_hal_rcc.o
 .debug_macro   0x000240fc      0x1f7 ./Drivers/STM32F4xx_HAL_Driver/Src/stm32f4xx_hal_rcc_ex.o
 .debug_macro   0x000242f3      0x206 ./Drivers/STM32F4xx_HAL_Driver/Src/stm32f4xx_hal_spi.o

.debug_line     0x00000000     0xbb5c
 .debug_line    0x00000000      0x953 ./Core/Src/ApplicationCode.o
 .debug_line    0x00000953      0xb28 ./Core/Src/LCD_Driver.o
 .debug_line    0x0000147b      0x412 ./Core/Src/fonts.o
 .debug_line    0x0000188d      0x9d9 ./Core/Src/ili9341.o
 .debug_line    0x00002266      0x9f2 ./Core/Src/main.o
 .debug_line    0x00002c58      0x960 ./Core/Src/stm32f4xx_hal_msp.o
 .debug_line    0x000035b8      0x85a ./Core/Src/stm32f4xx_it.o
 .debug_line    0x00003e12      0x81c ./Core/Src/system_stm32f4xx.o
 .debug_line    0x0000462e       0x7a ./Core/Startup/startup_stm32f429zitx.o
 .debug_line    0x000046a8      0xabb ./Drivers/STM32F4xx_HAL_Driver/Src/stm32f4xx_hal.o
 .debug_line    0x00005163      0xd77 ./Drivers/STM32F4xx_HAL_Driver/Src/stm32f4xx_hal_cortex.o
 .debug_line    0x00005eda      0xc39 ./Drivers/STM32F4xx_HAL_Driver/Src/stm32f4xx_hal_gpio.o
 .debug_line    0x00006b13     0x183c ./Drivers/STM32F4xx_HAL_Driver/Src/stm32f4xx_hal_ltdc.o
 .debug_line    0x0000834f      0xe10 ./Drivers/STM32F4xx_HAL_Driver/Src/stm32f4xx_hal_rcc.o
 .debug_line    0x0000915f      0xc5a ./Drivers/STM32F4xx_HAL_Driver/Src/stm32f4xx_hal_rcc_ex.o
 .debug_line    0x00009db9     0x1da3 ./Drivers/STM32F4xx_HAL_Driver/Src/stm32f4xx_hal_spi.o

.debug_str      0x00000000    0xd70af
 .debug_str     0x00000000    0xd3071 ./Core/Src/ApplicationCode.o
                              0xd3332 (size before relaxing)
 .debug_str     0x000d3071      0x6ca ./Core/Src/LCD_Driver.o
                              0xd031a (size before relaxing)
 .debug_str     0x000d373b       0x40 ./Core/Src/fonts.o
                               0x3d6c (size before relaxing)
 .debug_str     0x000d377b      0x549 ./Core/Src/ili9341.o
                              0xcfacc (size before relaxing)
 .debug_str     0x000d3cc4     0x1066 ./Core/Src/main.o
                              0xd44a8 (size before relaxing)
 .debug_str     0x000d4d2a      0x405 ./Core/Src/stm32f4xx_hal_msp.o
                              0xd0395 (size before relaxing)
 .debug_str     0x000d512f       0xc9 ./Core/Src/stm32f4xx_it.o
                              0xcf6bc (size before relaxing)
 .debug_str     0x000d51f8       0xdb ./Core/Src/system_stm32f4xx.o
                              0xce8be (size before relaxing)
 .debug_str     0x000d52d3       0x44 ./Core/Startup/startup_stm32f429zitx.o
                                 0x6e (size before relaxing)
 .debug_str     0x000d5317      0xb7f ./Drivers/STM32F4xx_HAL_Driver/Src/stm32f4xx_hal.o
                              0xcf4e1 (size before relaxing)
 .debug_str     0x000d5e96      0x392 ./Drivers/STM32F4xx_HAL_Driver/Src/stm32f4xx_hal_cortex.o
                              0xcf20f (size before relaxing)
 .debug_str     0x000d6228      0x121 ./Drivers/STM32F4xx_HAL_Driver/Src/stm32f4xx_hal_gpio.o
                              0xcea39 (size before relaxing)
 .debug_str     0x000d6349      0x4a5 ./Drivers/STM32F4xx_HAL_Driver/Src/stm32f4xx_hal_ltdc.o
                              0xcef22 (size before relaxing)
 .debug_str     0x000d67ee      0x233 ./Drivers/STM32F4xx_HAL_Driver/Src/stm32f4xx_hal_rcc.o
                              0xcecf2 (size before relaxing)
 .debug_str     0x000d6a21      0x133 ./Drivers/STM32F4xx_HAL_Driver/Src/stm32f4xx_hal_rcc_ex.o
                              0xceab9 (size before relaxing)
 .debug_str     0x000d6b54      0x55b ./Drivers/STM32F4xx_HAL_Driver/Src/stm32f4xx_hal_spi.o
                              0xcf169 (size before relaxing)

.comment        0x00000000       0x43
 .comment       0x00000000       0x43 ./Core/Src/ApplicationCode.o
                                 0x44 (size before relaxing)
 .comment       0x00000043       0x44 ./Core/Src/LCD_Driver.o
 .comment       0x00000043       0x44 ./Core/Src/fonts.o
 .comment       0x00000043       0x44 ./Core/Src/ili9341.o
 .comment       0x00000043       0x44 ./Core/Src/main.o
 .comment       0x00000043       0x44 ./Core/Src/stm32f4xx_hal_msp.o
 .comment       0x00000043       0x44 ./Core/Src/stm32f4xx_it.o
 .comment       0x00000043       0x44 ./Core/Src/system_stm32f4xx.o
 .comment       0x00000043       0x44 ./Drivers/STM32F4xx_HAL_Driver/Src/stm32f4xx_hal.o
 .comment       0x00000043       0x44 ./Drivers/STM32F4xx_HAL_Driver/Src/stm32f4xx_hal_cortex.o
 .comment       0x00000043       0x44 ./Drivers/STM32F4xx_HAL_Driver/Src/stm32f4xx_hal_gpio.o
 .comment       0x00000043       0x44 ./Drivers/STM32F4xx_HAL_Driver/Src/stm32f4xx_hal_ltdc.o
 .comment       0x00000043       0x44 ./Drivers/STM32F4xx_HAL_Driver/Src/stm32f4xx_hal_rcc.o
 .comment       0x00000043       0x44 ./Drivers/STM32F4xx_HAL_Driver/Src/stm32f4xx_hal_rcc_ex.o
 .comment       0x00000043       0x44 ./Drivers/STM32F4xx_HAL_Driver/Src/stm32f4xx_hal_spi.o

.debug_frame    0x00000000     0x23e4
 .debug_frame   0x00000000       0x48 ./Core/Src/ApplicationCode.o
 .debug_frame   0x00000048      0x204 ./Core/Src/LCD_Driver.o
 .debug_frame   0x0000024c      0x228 ./Core/Src/ili9341.o
 .debug_frame   0x00000474       0x8c ./Core/Src/main.o
 .debug_frame   0x00000500      0x160 ./Core/Src/stm32f4xx_hal_msp.o
 .debug_frame   0x00000660      0x104 ./Core/Src/stm32f4xx_it.o
 .debug_frame   0x00000764       0x58 ./Core/Src/system_stm32f4xx.o
 .debug_frame   0x000007bc      0x3b4 ./Drivers/STM32F4xx_HAL_Driver/Src/stm32f4xx_hal.o
 .debug_frame   0x00000b70      0x508 ./Drivers/STM32F4xx_HAL_Driver/Src/stm32f4xx_hal_cortex.o
 .debug_frame   0x00001078      0x14c ./Drivers/STM32F4xx_HAL_Driver/Src/stm32f4xx_hal_gpio.o
 .debug_frame   0x000011c4      0x61c ./Drivers/STM32F4xx_HAL_Driver/Src/stm32f4xx_hal_ltdc.o
 .debug_frame   0x000017e0      0x1f4 ./Drivers/STM32F4xx_HAL_Driver/Src/stm32f4xx_hal_rcc.o
 .debug_frame   0x000019d4      0x13c ./Drivers/STM32F4xx_HAL_Driver/Src/stm32f4xx_hal_rcc_ex.o
 .debug_frame   0x00001b10      0x828 ./Drivers/STM32F4xx_HAL_Driver/Src/stm32f4xx_hal_spi.o
 .debug_frame   0x00002338       0x20 C:/ST/STM32CubeIDE_1.16.0/STM32CubeIDE/plugins/com.st.stm32cube.ide.mcu.externaltools.gnu-tools-for-stm32.12.3.rel1.win32_1.0.200.202406191623/tools/bin/../lib/gcc/arm-none-eabi/12.3.1/../../../../arm-none-eabi/lib/thumb/v7e-m+fp/hard\libc_nano.a(libc_a-memset.o)
 .debug_frame   0x00002358       0x2c C:/ST/STM32CubeIDE_1.16.0/STM32CubeIDE/plugins/com.st.stm32cube.ide.mcu.externaltools.gnu-tools-for-stm32.12.3.rel1.win32_1.0.200.202406191623/tools/bin/../lib/gcc/arm-none-eabi/12.3.1/../../../../arm-none-eabi/lib/thumb/v7e-m+fp/hard\libc_nano.a(libc_a-init.o)
 .debug_frame   0x00002384       0x2c C:/ST/STM32CubeIDE_1.16.0/STM32CubeIDE/plugins/com.st.stm32cube.ide.mcu.externaltools.gnu-tools-for-stm32.12.3.rel1.win32_1.0.200.202406191623/tools/bin/../lib/gcc/arm-none-eabi/12.3.1/thumb/v7e-m+fp/hard\libgcc.a(_aeabi_uldivmod.o)
 .debug_frame   0x000023b0       0x34 C:/ST/STM32CubeIDE_1.16.0/STM32CubeIDE/plugins/com.st.stm32cube.ide.mcu.externaltools.gnu-tools-for-stm32.12.3.rel1.win32_1.0.200.202406191623/tools/bin/../lib/gcc/arm-none-eabi/12.3.1/thumb/v7e-m+fp/hard\libgcc.a(_udivmoddi4.o)

.debug_line_str
                0x00000000       0x52
 .debug_line_str
                0x00000000       0x52 ./Core/Startup/startup_stm32f429zitx.o
