Archive member included to satisfy reference by file (symbol)

C:/ST/STM32CubeIDE_1.17.0/STM32CubeIDE/plugins/com.st.stm32cube.ide.mcu.externaltools.gnu-tools-for-stm32.12.3.rel1.win32_1.1.0.202410251130/tools/bin/../lib/gcc/arm-none-eabi/12.3.1/../../../../arm-none-eabi/lib/thumb/v7e-m+fp/hard\librdimon_nano.a(arm_librdimon_a-syscalls.o)
                              C:/ST/STM32CubeIDE_1.17.0/STM32CubeIDE/plugins/com.st.stm32cube.ide.mcu.externaltools.gnu-tools-for-stm32.12.3.rel1.win32_1.1.0.202410251130/tools/bin/../lib/gcc/arm-none-eabi/12.3.1/../../../../arm-none-eabi/lib/thumb/v7e-m+fp/hard/rdimon-crt0.o (__heap_limit)
C:/ST/STM32CubeIDE_1.17.0/STM32CubeIDE/plugins/com.st.stm32cube.ide.mcu.externaltools.gnu-tools-for-stm32.12.3.rel1.win32_1.1.0.202410251130/tools/bin/../lib/gcc/arm-none-eabi/12.3.1/../../../../arm-none-eabi/lib/thumb/v7e-m+fp/hard\libc_nano.a(libc_a-exit.o)
                              C:/ST/STM32CubeIDE_1.17.0/STM32CubeIDE/plugins/com.st.stm32cube.ide.mcu.externaltools.gnu-tools-for-stm32.12.3.rel1.win32_1.1.0.202410251130/tools/bin/../lib/gcc/arm-none-eabi/12.3.1/../../../../arm-none-eabi/lib/thumb/v7e-m+fp/hard/rdimon-crt0.o (exit)
C:/ST/STM32CubeIDE_1.17.0/STM32CubeIDE/plugins/com.st.stm32cube.ide.mcu.externaltools.gnu-tools-for-stm32.12.3.rel1.win32_1.1.0.202410251130/tools/bin/../lib/gcc/arm-none-eabi/12.3.1/../../../../arm-none-eabi/lib/thumb/v7e-m+fp/hard\libc_nano.a(libc_a-itoa.o)
                              ./Core/Src/Block_Driver.o (itoa)
C:/ST/STM32CubeIDE_1.17.0/STM32CubeIDE/plugins/com.st.stm32cube.ide.mcu.externaltools.gnu-tools-for-stm32.12.3.rel1.win32_1.1.0.202410251130/tools/bin/../lib/gcc/arm-none-eabi/12.3.1/../../../../arm-none-eabi/lib/thumb/v7e-m+fp/hard\libc_nano.a(libc_a-utoa.o)
                              C:/ST/STM32CubeIDE_1.17.0/STM32CubeIDE/plugins/com.st.stm32cube.ide.mcu.externaltools.gnu-tools-for-stm32.12.3.rel1.win32_1.1.0.202410251130/tools/bin/../lib/gcc/arm-none-eabi/12.3.1/../../../../arm-none-eabi/lib/thumb/v7e-m+fp/hard\libc_nano.a(libc_a-itoa.o) (__utoa)
C:/ST/STM32CubeIDE_1.17.0/STM32CubeIDE/plugins/com.st.stm32cube.ide.mcu.externaltools.gnu-tools-for-stm32.12.3.rel1.win32_1.1.0.202410251130/tools/bin/../lib/gcc/arm-none-eabi/12.3.1/../../../../arm-none-eabi/lib/thumb/v7e-m+fp/hard\libc_nano.a(libc_a-findfp.o)
                              C:/ST/STM32CubeIDE_1.17.0/STM32CubeIDE/plugins/com.st.stm32cube.ide.mcu.externaltools.gnu-tools-for-stm32.12.3.rel1.win32_1.1.0.202410251130/tools/bin/../lib/gcc/arm-none-eabi/12.3.1/../../../../arm-none-eabi/lib/thumb/v7e-m+fp/hard\libc_nano.a(libc_a-exit.o) (__stdio_exit_handler)
C:/ST/STM32CubeIDE_1.17.0/STM32CubeIDE/plugins/com.st.stm32cube.ide.mcu.externaltools.gnu-tools-for-stm32.12.3.rel1.win32_1.1.0.202410251130/tools/bin/../lib/gcc/arm-none-eabi/12.3.1/../../../../arm-none-eabi/lib/thumb/v7e-m+fp/hard\libc_nano.a(libc_a-fwalk.o)
                              C:/ST/STM32CubeIDE_1.17.0/STM32CubeIDE/plugins/com.st.stm32cube.ide.mcu.externaltools.gnu-tools-for-stm32.12.3.rel1.win32_1.1.0.202410251130/tools/bin/../lib/gcc/arm-none-eabi/12.3.1/../../../../arm-none-eabi/lib/thumb/v7e-m+fp/hard\libc_nano.a(libc_a-findfp.o) (_fwalk_sglue)
C:/ST/STM32CubeIDE_1.17.0/STM32CubeIDE/plugins/com.st.stm32cube.ide.mcu.externaltools.gnu-tools-for-stm32.12.3.rel1.win32_1.1.0.202410251130/tools/bin/../lib/gcc/arm-none-eabi/12.3.1/../../../../arm-none-eabi/lib/thumb/v7e-m+fp/hard\libc_nano.a(libc_a-printf.o)
                              ./Core/Src/ApplicationCode.o (printf)
C:/ST/STM32CubeIDE_1.17.0/STM32CubeIDE/plugins/com.st.stm32cube.ide.mcu.externaltools.gnu-tools-for-stm32.12.3.rel1.win32_1.1.0.202410251130/tools/bin/../lib/gcc/arm-none-eabi/12.3.1/../../../../arm-none-eabi/lib/thumb/v7e-m+fp/hard\libc_nano.a(libc_a-puts.o)
                              ./Core/Src/ApplicationCode.o (puts)
C:/ST/STM32CubeIDE_1.17.0/STM32CubeIDE/plugins/com.st.stm32cube.ide.mcu.externaltools.gnu-tools-for-stm32.12.3.rel1.win32_1.1.0.202410251130/tools/bin/../lib/gcc/arm-none-eabi/12.3.1/../../../../arm-none-eabi/lib/thumb/v7e-m+fp/hard\libc_nano.a(libc_a-stdio.o)
                              C:/ST/STM32CubeIDE_1.17.0/STM32CubeIDE/plugins/com.st.stm32cube.ide.mcu.externaltools.gnu-tools-for-stm32.12.3.rel1.win32_1.1.0.202410251130/tools/bin/../lib/gcc/arm-none-eabi/12.3.1/../../../../arm-none-eabi/lib/thumb/v7e-m+fp/hard\libc_nano.a(libc_a-findfp.o) (__sread)
C:/ST/STM32CubeIDE_1.17.0/STM32CubeIDE/plugins/com.st.stm32cube.ide.mcu.externaltools.gnu-tools-for-stm32.12.3.rel1.win32_1.1.0.202410251130/tools/bin/../lib/gcc/arm-none-eabi/12.3.1/../../../../arm-none-eabi/lib/thumb/v7e-m+fp/hard\libc_nano.a(libc_a-wbuf.o)
                              C:/ST/STM32CubeIDE_1.17.0/STM32CubeIDE/plugins/com.st.stm32cube.ide.mcu.externaltools.gnu-tools-for-stm32.12.3.rel1.win32_1.1.0.202410251130/tools/bin/../lib/gcc/arm-none-eabi/12.3.1/../../../../arm-none-eabi/lib/thumb/v7e-m+fp/hard\libc_nano.a(libc_a-puts.o) (__swbuf_r)
[...]
Memory Configuration

Name             Origin             Length             Attributes
CCMRAM           0x10000000         0x00010000         xrw
RAM              0x20000000         0x00030000         xrw
FLASH            0x08000000         0x00200000         xr
*default*        0x00000000         0xffffffff

Linker script and memory map

LOAD C:/ST/STM32CubeIDE_1.17.0/STM32CubeIDE/plugins/com.st.stm32cube.ide.mcu.externaltools.gnu-tools-for-stm32.12.3.rel1.win32_1.1.0.202410251130/tools/bin/../lib/gcc/arm-none-eabi/12.3.1/thumb/v7e-m+fp/hard/crti.o
LOAD C:/ST/STM32CubeIDE_1.17.0/STM32CubeIDE/plugins/com.st.stm32cube.ide.mcu.externaltools.gnu-tools-for-stm32.12.3.rel1.win32_1.1.0.202410251130/tools/bin/../lib/gcc/arm-none-eabi/12.3.1/thumb/v7e-m+fp/hard/crtbegin.o
LOAD C:/ST/STM32CubeIDE_1.17.0/STM32CubeIDE/plugins/com.st.stm32cube.ide.mcu.externaltools.gnu-tools-for-stm32.12.3.rel1.win32_1.1.0.202410251130/tools/bin/../lib/gcc/arm-none-eabi/12.3.1/../../../../arm-none-eabi/lib/thumb/v7e-m+fp/hard/rdimon-crt0.o
LOAD ./Core/Src/ApplicationCode.o
LOAD ./Core/Src/Block_Driver.o
LOAD ./Core/Src/Button_Driver.o
LOAD ./Core/Src/ErrorHandling.o
LOAD ./Core/Src/Gyro.o
LOAD ./Core/Src/InterruptControl.o
LOAD ./Core/Src/LCD_Driver.o
LOAD ./Core/Src/LED_Driver.o
LOAD ./Core/Src/RNG_Driver.o
LOAD ./Core/Src/Scheduler.o
LOAD ./Core/Src/Timer_Driver.o
LOAD ./Core/Src/fonts.o
LOAD ./Core/Src/ili9341.o
LOAD ./Core/Src/main.o
LOAD ./Core/Src/stm32f4xx_hal_msp.o
LOAD ./Core/Src/stm32f4xx_it.o
LOAD ./Core/Src/stmpe811.o
LOAD ./Core/Src/sysmem.o
LOAD ./Core/Src/system_stm32f4xx.o
LOAD ./Core/Startup/startup_stm32f429zitx.o
LOAD ./Drivers/STM32F4xx_HAL_Driver/Src/stm32f4xx_hal.o
LOAD ./Drivers/STM32F4xx_HAL_Driver/Src/stm32f4xx_hal_cortex.o
LOAD ./Drivers/STM32F4xx_HAL_Driver/Src/stm32f4xx_hal_dma.o
LOAD ./Drivers/STM32F4xx_HAL_Driver/Src/stm32f4xx_hal_dma_ex.o
LOAD ./Drivers/STM32F4xx_HAL_Driver/Src/stm32f4xx_hal_dsi.o
LOAD ./Drivers/STM32F4xx_HAL_Driver/Src/stm32f4xx_hal_exti.o
LOAD ./Drivers/STM32F4xx_HAL_Driver/Src/stm32f4xx_hal_flash.o
LOAD ./Drivers/STM32F4xx_HAL_Driver/Src/stm32f4xx_hal_flash_ex.o
LOAD ./Drivers/STM32F4xx_HAL_Driver/Src/stm32f4xx_hal_flash_ramfunc.o
LOAD ./Drivers/STM32F4xx_HAL_Driver/Src/stm32f4xx_hal_gpio.o
LOAD ./Drivers/STM32F4xx_HAL_Driver/Src/stm32f4xx_hal_i2c.o
LOAD ./Drivers/STM32F4xx_HAL_Driver/Src/stm32f4xx_hal_i2c_ex.o
LOAD ./Drivers/STM32F4xx_HAL_Driver/Src/stm32f4xx_hal_ltdc.o
LOAD ./Drivers/STM32F4xx_HAL_Driver/Src/stm32f4xx_hal_ltdc_ex.o
LOAD ./Drivers/STM32F4xx_HAL_Driver/Src/stm32f4xx_hal_pwr.o
LOAD ./Drivers/STM32F4xx_HAL_Driver/Src/stm32f4xx_hal_pwr_ex.o
LOAD ./Drivers/STM32F4xx_HAL_Driver/Src/stm32f4xx_hal_rcc.o
LOAD ./Drivers/STM32F4xx_HAL_Driver/Src/stm32f4xx_hal_rcc_ex.o
LOAD ./Drivers/STM32F4xx_HAL_Driver/Src/stm32f4xx_hal_rng.o
LOAD ./Drivers/STM32F4xx_HAL_Driver/Src/stm32f4xx_hal_spi.o
LOAD ./Drivers/STM32F4xx_HAL_Driver/Src/stm32f4xx_hal_tim.o
LOAD ./Drivers/STM32F4xx_HAL_Driver/Src/stm32f4xx_hal_tim_ex.o
LOAD C:/ST/STM32CubeIDE_1.17.0/STM32CubeIDE/plugins/com.st.stm32cube.ide.mcu.externaltools.gnu-tools-for-stm32.12.3.rel1.win32_1.1.0.202410251130/tools/bin/../lib/gcc/arm-none-eabi/12.3.1/../../../../arm-none-eabi/lib/thumb/v7e-m+fp/hard\librdimon_nano.a
START GROUP
LOAD C:/ST/STM32CubeIDE_1.17.0/STM32CubeIDE/plugins/com.st.stm32cube.ide.mcu.externaltools.gnu-tools-for-stm32.12.3.rel1.win32_1.1.0.202410251130/tools/bin/../lib/gcc/arm-none-eabi/12.3.1/../../../../arm-none-eabi/lib/thumb/v7e-m+fp/hard\libc_nano.a
LOAD C:/ST/STM32CubeIDE_1.17.0/STM32CubeIDE/plugins/com.st.stm32cube.ide.mcu.externaltools.gnu-tools-for-stm32.12.3.rel1.win32_1.1.0.202410251130/tools/bin/../lib/gcc/arm-none-eabi/12.3.1/../../../../arm-none-eabi/lib/thumb/v7e-m+fp/hard\libm.a
END GROUP
START GROUP
LOAD C:/ST/STM32CubeIDE_1.17.0/STM32CubeIDE/plugins/com.st.stm32cube.ide.mcu.externaltools.gnu-tools-for-stm32.12.3.rel1.win32_1.1.0.202410251130/tools/bin/../lib/gcc/arm-none-eabi/12.3.1/thumb/v7e-m+fp/hard\libgcc.a
LOAD C:/ST/STM32CubeIDE_1.17.0/STM32CubeIDE/plugins/com.st.stm32cube.ide.mcu.externaltools.gnu-tools-for-stm32.12.3.rel1.win32_1.1.0.202410251130/tools/bin/../lib/gcc/arm-none-eabi/12.3.1/../../../../arm-none-eabi/lib/thumb/v7e-m+fp/hard\libc_nano.a
END GROUP
START GROUP
LOAD C:/ST/STM32CubeIDE_1.17.0/STM32CubeIDE/plugins/com.st.stm32cube.ide.mcu.externaltools.gnu-tools-for-stm32.12.3.rel1.win32_1.1.0.202410251130/tools/bin/../lib/gcc/arm-none-eabi/12.3.1/thumb/v7e-m+fp/hard\libgcc.a
LOAD C:/ST/STM32CubeIDE_1.17.0/STM32CubeIDE/plugins/com.st.stm32cube.ide.mcu.externaltools.gnu-tools-for-stm32.12.3.rel1.win32_1.1.0.202410251130/tools/bin/../lib/gcc/arm-none-eabi/12.3.1/../../../../arm-none-eabi/lib/thumb/v7e-m+fp/hard\libc_nano.a
LOAD C:/ST/STM32CubeIDE_1.17.0/STM32CubeIDE/plugins/com.st.stm32cube.ide.mcu.externaltools.gnu-tools-for-stm32.12.3.rel1.win32_1.1.0.202410251130/tools/bin/../lib/gcc/arm-none-eabi/12.3.1/../../../../arm-none-eabi/lib/thumb/v7e-m+fp/hard\libnosys.a
END GROUP
START GROUP
LOAD C:/ST/STM32CubeIDE_1.17.0/STM32CubeIDE/plugins/com.st.stm32cube.ide.mcu.externaltools.gnu-tools-for-stm32.12.3.rel1.win32_1.1.0.202410251130/tools/bin/../lib/gcc/arm-none-eabi/12.3.1/thumb/v7e-m+fp/hard\libgcc.a
LOAD C:/ST/STM32CubeIDE_1.17.0/STM32CubeIDE/plugins/com.st.stm32cube.ide.mcu.externaltools.gnu-tools-for-stm32.12.3.rel1.win32_1.1.0.202410251130/tools/bin/../lib/gcc/arm-none-eabi/12.3.1/../../../../arm-none-eabi/lib/thumb/v7e-m+fp/hard\libc_nano.a
LOAD C:/ST/STM32CubeIDE_1.17.0/STM32CubeIDE/plugins/com.st.stm32cube.ide.mcu.externaltools.gnu-tools-for-stm32.12.3.rel1.win32_1.1.0.202410251130/tools/bin/../lib/gcc/arm-none-eabi/12.3.1/../../../../arm-none-eabi/lib/thumb/v7e-m+fp/hard\librdimon_nano.a
END GROUP
START GROUP
LOAD C:/ST/STM32CubeIDE_1.17.0/STM32CubeIDE/plugins/com.st.stm32cube.ide.mcu.externaltools.gnu-tools-for-stm32.12.3.rel1.win32_1.1.0.202410251130/tools/bin/../lib/gcc/arm-none-eabi/12.3.1/thumb/v7e-m+fp/hard\libgcc.a
LOAD C:/ST/STM32CubeIDE_1.17.0/STM32CubeIDE/plugins/com.st.stm32cube.ide.mcu.externaltools.gnu-tools-for-stm32.12.3.rel1.win32_1.1.0.202410251130/tools/bin/../lib/gcc/arm-none-eabi/12.3.1/../../../../arm-none-eabi/lib/thumb/v7e-m+fp/hard\libc_nano.a
LOAD C:/ST/STM32CubeIDE_1.17.0/STM32CubeIDE/plugins/com.st.stm32cube.ide.mcu.externaltools.gnu-tools-for-stm32.12.3.rel1.win32_1.1.0.202410251130/tools/bin/../lib/gcc/arm-none-eabi/12.3.1/../../../../arm-none-eabi/lib/thumb/v7e-m+fp/hard\librdimon_nano.a
LOAD C:/ST/STM32CubeIDE_1.17.0/STM32CubeIDE/plugins/com.st.stm32cube.ide.mcu.externaltools.gnu-tools-for-stm32.12.3.rel1.win32_1.1.0.202410251130/tools/bin/../lib/gcc/arm-none-eabi/12.3.1/../../../../arm-none-eabi/lib/thumb/v7e-m+fp/hard\libnosys.a
END GROUP
LOAD C:/ST/STM32CubeIDE_1.17.0/STM32CubeIDE/plugins/com.st.stm32cube.ide.mcu.externaltools.gnu-tools-for-stm32.12.3.rel1.win32_1.1.0.202410251130/tools/bin/../lib/gcc/arm-none-eabi/12.3.1/thumb/v7e-m+fp/hard/crtend.o
LOAD C:/ST/STM32CubeIDE_1.17.0/STM32CubeIDE/plugins/com.st.stm32cube.ide.mcu.externaltools.gnu-tools-for-stm32.12.3.rel1.win32_1.1.0.202410251130/tools/bin/../lib/gcc/arm-none-eabi/12.3.1/thumb/v7e-m+fp/hard/crtn.o
                0x20030000                        _estack = (ORIGIN (RAM) + LENGTH (RAM))
                0x00000200                        _Min_Heap_Size = 0x200
                0x00000400                        _Min_Stack_Size = 0x400

.isr_vector     0x08000000      0x1ac
                0x08000000                        . = ALIGN (0x4)
 *(.isr_vector)
 .isr_vector    0x08000000      0x1ac ./Core/Startup/startup_stm32f429zitx.o
                0x08000000                g_pfnVectors
                0x080001ac                        . = ALIGN (0x4)

.text           0x080001b0     0xaf48
                0x080001b0                        . = ALIGN (0x4)
 *(.text)
 .text          0x080001b0       0x40 C:/ST/STM32CubeIDE_1.17.0/STM32CubeIDE/plugins/com.st.stm32cube.ide.mcu.externaltools.gnu-tools-for-stm32.12.3.rel1.win32_1.1.0.202410251130/tools/bin/../lib/gcc/arm-none-eabi/12.3.1/thumb/v7e-m+fp/hard/crtbegin.o
 .text          0x080001f0       0x10 C:/ST/STM32CubeIDE_1.17.0/STM32CubeIDE/plugins/com.st.stm32cube.ide.mcu.externaltools.gnu-tools-for-stm32.12.3.rel1.win32_1.1.0.202410251130/tools/bin/../lib/gcc/arm-none-eabi/12.3.1/../../../../arm-none-eabi/lib/thumb/v7e-m+fp/hard\libc_nano.a(libc_a-strlen.o)
                0x080001f0                strlen
 .text          0x08000200       0xa0 C:/ST/STM32CubeIDE_1.17.0/STM32CubeIDE/plugins/com.st.stm32cube.ide.mcu.externaltools.gnu-tools-for-stm32.12.3.rel1.win32_1.1.0.202410251130/tools/bin/../lib/gcc/arm-none-eabi/12.3.1/../../../../arm-none-eabi/lib/thumb/v7e-m+fp/hard\libc_nano.a(libc_a-memchr.o)
                0x08000200                memchr
 .text          0x080002a0       0x30 C:/ST/STM32CubeIDE_1.17.0/STM32CubeIDE/plugins/com.st.stm32cube.ide.mcu.externaltools.gnu-tools-for-stm32.12.3.rel1.win32_1.1.0.202410251130/tools/bin/../lib/gcc/arm-none-eabi/12.3.1/thumb/v7e-m+fp/hard\libgcc.a(_aeabi_uldivmod.o)
                0x080002a0                __aeabi_uldivmod
 .text          0x080002d0      0x2bc C:/ST/STM32CubeIDE_1.17.0/STM32CubeIDE/plugins/com.st.stm32cube.ide.mcu.externaltools.gnu-tools-for-stm32.12.3.rel1.win32_1.1.0.202410251130/tools/bin/../lib/gcc/arm-none-eabi/12.3.1/thumb/v7e-m+fp/hard\libgcc.a(_udivmoddi4.o)
                0x080002d0                __udivmoddi4
 .text          0x0800058c        0x4 C:/ST/STM32CubeIDE_1.17.0/STM32CubeIDE/plugins/com.st.stm32cube.ide.mcu.externaltools.gnu-tools-for-stm32.12.3.rel1.win32_1.1.0.202410251130/tools/bin/../lib/gcc/arm-none-eabi/12.3.1/thumb/v7e-m+fp/hard\libgcc.a(_dvmd_tls.o)
                0x0800058c                __aeabi_idiv0
                0x0800058c                __aeabi_ldiv0
 *(.text*)
 .text.__NVIC_EnableIRQ
                0x08000590       0x3c ./Core/Src/ApplicationCode.o
 .text.__NVIC_DisableIRQ
                0x080005cc       0x48 ./Core/Src/ApplicationCode.o
 .text.gameRun  0x08000614        0xc ./Core/Src/ApplicationCode.o
                0x08000614                gameRun
 .text.ApplicationInit
                0x08000620       0x3c ./Core/Src/ApplicationCode.o
                0x08000620                ApplicationInit
 .text.LCDTouchScreenInterruptGPIOInit
                0x0800065c       0x74 ./Core/Src/ApplicationCode.o
                0x0800065c                LCDTouchScreenInterruptGPIOInit
 .text.EXTI15_10_IRQHandler
                0x080006d0      0x108 ./Core/Src/ApplicationCode.o
                0x080006d0                EXTI15_10_IRQHandler
 .text.EXTI0_IRQHandler
                0x080007d8       0x30 ./Core/Src/ApplicationCode.o
                0x080007d8                EXTI0_IRQHandler
 .text.DrawBlock
                0x08000808       0x7a ./Core/Src/Block_Driver.o
                0x08000808                DrawBlock
 .text.spawn_square
                0x08000882      0x14e ./Core/Src/Block_Driver.o
                0x08000882                spawn_square
 .text.spawn_rect
                0x080009d0       0x92 ./Core/Src/Block_Driver.o
                0x080009d0                spawn_rect
 .text.spawn_s  0x08000a62      0x106 ./Core/Src/Block_Driver.o
                0x08000a62                spawn_s
 .text.spawn_z  0x08000b68      0x104 ./Core/Src/Block_Driver.o
                0x08000b68                spawn_z
 .text.spawn_l  0x08000c6c       0xfe ./Core/Src/Block_Driver.o
                0x08000c6c                spawn_l
 .text.spawn_j  0x08000d6a       0xf8 ./Core/Src/Block_Driver.o
                0x08000d6a                spawn_j
 .text.spawn_t  0x08000e62      0x10a ./Core/Src/Block_Driver.o
                0x08000e62                spawn_t
 .text.spawn_block
                0x08000f6c      0x514 ./Core/Src/Block_Driver.o
                0x08000f6c                spawn_block
 .text.block_checkCollision
                0x08001480       0xcc ./Core/Src/Block_Driver.o
                0x08001480                block_checkCollision
 .text.block_place
                0x0800154c      0x120 ./Core/Src/Block_Driver.o
                0x0800154c                block_place
 .text.block_fall
                0x0800166c     0x19a8 ./Core/Src/Block_Driver.o
                0x0800166c                block_fall
 .text.block_rotate
                0x08003014     0x1c90 ./Core/Src/Block_Driver.o
                0x08003014                block_rotate
 .text.check_gameEnd
                0x08004ca4       0x38 ./Core/Src/Block_Driver.o
                0x08004ca4                check_gameEnd
 .text.game_Run
                0x08004cdc       0x20 ./Core/Src/Block_Driver.o
                0x08004cdc                game_Run
 .text.game_End
                0x08004cfc       0xe0 ./Core/Src/Block_Driver.o
                0x08004cfc                game_End
 .text.button_clockEnable
                0x08004ddc       0x34 ./Core/Src/Button_Driver.o
                0x08004ddc                button_clockEnable
 .text.buttonInterruptMode
                0x08004e10       0x48 ./Core/Src/Button_Driver.o
                0x08004e10                buttonInterruptMode
 .text.EXTI_ClearPendingBit
                0x08004e58       0x30 ./Core/Src/InterruptControl.o
                0x08004e58                EXTI_ClearPendingBit
 .text.LCD_GPIO_Init
                0x08004e88      0x190 ./Core/Src/LCD_Driver.o
                0x08004e88                LCD_GPIO_Init
 .text.LTCD_Layer_Init
                0x08005018       0x80 ./Core/Src/LCD_Driver.o
                0x08005018                LTCD_Layer_Init
 .text.LTCD__Init
                0x08005098       0xbc ./Core/Src/LCD_Driver.o
                0x08005098                LTCD__Init
 .text.LCD_Draw_Pixel
                0x08005154       0x3c ./Core/Src/LCD_Driver.o
                0x08005154                LCD_Draw_Pixel
 .text.LCD_Draw_Vertical_Line
                0x08005190       0x4e ./Core/Src/LCD_Driver.o
                0x08005190                LCD_Draw_Vertical_Line
 .text.LCD_Draw_Horizontal_Line
                0x080051de       0x4e ./Core/Src/LCD_Driver.o
                0x080051de                LCD_Draw_Horizontal_Line
 .text.LCD_DrawGrid
                0x0800522c       0x8c ./Core/Src/LCD_Driver.o
                0x0800522c                LCD_DrawGrid
 .text.LCD_Clear
                0x080052b8       0x44 ./Core/Src/LCD_Driver.o
                0x080052b8                LCD_Clear
 .text.LCD_SetTextColor
                0x080052fc       0x20 ./Core/Src/LCD_Driver.o
                0x080052fc                LCD_SetTextColor
 .text.LCD_SetFont
                0x0800531c       0x20 ./Core/Src/LCD_Driver.o
                0x0800531c                LCD_SetFont
 .text.LCD_Draw_Char
                0x0800533c       0xdc ./Core/Src/LCD_Driver.o
                0x0800533c                LCD_Draw_Char
 .text.LCD_DisplayChar
                0x08005418       0x44 ./Core/Src/LCD_Driver.o
                0x08005418                LCD_DisplayChar
 .text.LCD_StartScreen
                0x0800545c       0x5c ./Core/Src/LCD_Driver.o
                0x0800545c                LCD_StartScreen
 .text.LCD_Error_Handler
                0x080054b8        0xc ./Core/Src/LCD_Driver.o
                0x080054b8                LCD_Error_Handler
 .text.InitializeLCDTouch
                0x080054c4       0x16 ./Core/Src/LCD_Driver.o
                0x080054c4                InitializeLCDTouch
 .text.DetermineTouchPosition
                0x080054da       0x16 ./Core/Src/LCD_Driver.o
                0x080054da                DetermineTouchPosition
 .text.ReadRegisterFromTouchModule
                0x080054f0       0x1c ./Core/Src/LCD_Driver.o
                0x080054f0                ReadRegisterFromTouchModule
 .text.WriteDataToTouchModule
                0x0800550c       0x24 ./Core/Src/LCD_Driver.o
                0x0800550c                WriteDataToTouchModule
 .text.RNGInit  0x08005530       0x44 ./Core/Src/RNG_Driver.o
                0x08005530                RNGInit
 .text.RNG_getVal
                0x08005574       0x1c ./Core/Src/RNG_Driver.o
                0x08005574                RNG_getVal
 .text.addSchedulerEvent
                0x08005590       0x24 ./Core/Src/Scheduler.o
                0x08005590                addSchedulerEvent
 .text.getScheduledEvents
                0x080055b4       0x18 ./Core/Src/Scheduler.o
                0x080055b4                getScheduledEvents
 .text.timer_getTime
                0x080055cc       0x2c ./Core/Src/Timer_Driver.o
                0x080055cc                timer_getTime
 .text.ili9341_Init
                0x080055f8      0x294 ./Core/Src/ili9341.o
                0x080055f8                ili9341_Init
 .text.ili9341_Write_Reg
                0x0800588c       0x1a ./Core/Src/ili9341.o
                0x0800588c                ili9341_Write_Reg
 .text.ili9341_Send_Data
                0x080058a6       0x1a ./Core/Src/ili9341.o
                0x080058a6                ili9341_Send_Data
 .text.SPI_Init
                0x080058c0       0x74 ./Core/Src/ili9341.o
 .text.SPI_Write
                0x08005934       0x3c ./Core/Src/ili9341.o
 .text.SPI_Error
                0x08005970       0x18 ./Core/Src/ili9341.o
 .text.SPI_MspInit
                0x08005988       0x74 ./Core/Src/ili9341.o
 .text.LCD_IO_Init
                0x080059fc       0xf0 ./Core/Src/ili9341.o
                0x080059fc                LCD_IO_Init
 .text.LCD_IO_WriteData
                0x08005aec       0x44 ./Core/Src/ili9341.o
                0x08005aec                LCD_IO_WriteData
 .text.LCD_IO_WriteReg
                0x08005b30       0x44 ./Core/Src/ili9341.o
                0x08005b30                LCD_IO_WriteReg
 .text.LCD_Delay
                0x08005b74       0x16 ./Core/Src/ili9341.o
                0x08005b74                LCD_Delay
 .text.main     0x08005b8a       0x30 ./Core/Src/main.o
                0x08005b8a                main
 *fill*         0x08005bba        0x2 
 .text.SystemClockOverride
                0x08005bbc       0x80 ./Core/Src/main.o
                0x08005bbc                SystemClockOverride
 .text.Error_Handler
                0x08005c3c        0xc ./Core/Src/main.o
                0x08005c3c                Error_Handler
 .text.HAL_MspInit
                0x08005c48       0x50 ./Core/Src/stm32f4xx_hal_msp.o
                0x08005c48                HAL_MspInit
 .text.HAL_I2C_MspInit
                0x08005c98       0xd4 ./Core/Src/stm32f4xx_hal_msp.o
                0x08005c98                HAL_I2C_MspInit
 .text.HAL_LTDC_MspInit
                0x08005d6c      0x250 ./Core/Src/stm32f4xx_hal_msp.o
                0x08005d6c                HAL_LTDC_MspInit
 .text.HAL_RNG_MspInit
                0x08005fbc       0x44 ./Core/Src/stm32f4xx_hal_msp.o
                0x08005fbc                HAL_RNG_MspInit
 .text.HAL_SPI_MspInit
                0x08006000       0x90 ./Core/Src/stm32f4xx_hal_msp.o
                0x08006000                HAL_SPI_MspInit
 .text.HAL_SPI_MspDeInit
                0x08006090       0x3c ./Core/Src/stm32f4xx_hal_msp.o
                0x08006090                HAL_SPI_MspDeInit
 .text.NMI_Handler
                0x080060cc        0x8 ./Core/Src/stm32f4xx_it.o
                0x080060cc                NMI_Handler
 .text.HardFault_Handler
                0x080060d4        0x8 ./Core/Src/stm32f4xx_it.o
                0x080060d4                HardFault_Handler
 .text.MemManage_Handler
                0x080060dc        0x8 ./Core/Src/stm32f4xx_it.o
                0x080060dc                MemManage_Handler
 .text.BusFault_Handler
                0x080060e4        0x8 ./Core/Src/stm32f4xx_it.o
                0x080060e4                BusFault_Handler
 .text.UsageFault_Handler
                0x080060ec        0x8 ./Core/Src/stm32f4xx_it.o
                0x080060ec                UsageFault_Handler
 .text.SVC_Handler
                0x080060f4        0xe ./Core/Src/stm32f4xx_it.o
                0x080060f4                SVC_Handler
 .text.DebugMon_Handler
                0x08006102        0xe ./Core/Src/stm32f4xx_it.o
                0x08006102                DebugMon_Handler
 .text.PendSV_Handler
                0x08006110        0xe ./Core/Src/stm32f4xx_it.o
                0x08006110                PendSV_Handler
 .text.SysTick_Handler
                0x0800611e        0xc ./Core/Src/stm32f4xx_it.o
                0x0800611e                SysTick_Handler
 *fill*         0x0800612a        0x2 
 .text.__NVIC_EnableIRQ
                0x0800612c       0x3c ./Core/Src/stmpe811.o
 .text.STMPE811_Init
                0x08006168      0x18e ./Core/Src/stmpe811.o
                0x08006168                STMPE811_Init
 .text.STMPE811_Read
                0x080062f6       0x22 ./Core/Src/stmpe811.o
                0x080062f6                STMPE811_Read
 .text.STMPE811_Write
                0x08006318       0x24 ./Core/Src/stmpe811.o
                0x08006318                STMPE811_Write
 .text.STMPE811_DetermineTouchPosition
                0x0800633c       0xee ./Core/Src/stmpe811.o
                0x0800633c                STMPE811_DetermineTouchPosition
 *fill*         0x0800642a        0x2 
 .text.enableInterruptSupportForTouch
                0x0800642c       0x64 ./Core/Src/stmpe811.o
                0x0800642c                enableInterruptSupportForTouch
 .text.verifyHAL_I2C_IS_OKAY
                0x08006490       0x20 ./Core/Src/stmpe811.o
                0x08006490                verifyHAL_I2C_IS_OKAY
 .text.I2C3_Init
                0x080064b0       0x7c ./Core/Src/stmpe811.o
 .text.I2C3_MspInit
                0x0800652c       0xa8 ./Core/Src/stmpe811.o
 .text.I2C3_Write
                0x080065d4       0x54 ./Core/Src/stmpe811.o
                0x080065d4                I2C3_Write
 .text.I2C3_Read
                0x08006628       0x4c ./Core/Src/stmpe811.o
                0x08006628                I2C3_Read
 .text.I2C3_MulitByteRead
                0x08006674       0x44 ./Core/Src/stmpe811.o
                0x08006674                I2C3_MulitByteRead
 .text.TM_STMPE811_ReadX
                0x080066b8       0xbc ./Core/Src/stmpe811.o
                0x080066b8                TM_STMPE811_ReadX
 .text.TM_STMPE811_ReadY
                0x08006774       0xa4 ./Core/Src/stmpe811.o
                0x08006774                TM_STMPE811_ReadY
 .text._sbrk    0x08006818       0x6c ./Core/Src/sysmem.o
                0x08006818                _sbrk
 .text.SystemInit
                0x08006884       0x24 ./Core/Src/system_stm32f4xx.o
                0x08006884                SystemInit
 .text.Reset_Handler
                0x080068a8       0x50 ./Core/Startup/startup_stm32f429zitx.o
                0x080068a8                Reset_Handler
 .text.Default_Handler
                0x080068f8        0x2 ./Core/Startup/startup_stm32f429zitx.o
                0x080068f8                RTC_Alarm_IRQHandler
                0x080068f8                HASH_RNG_IRQHandler
                0x080068f8                EXTI2_IRQHandler
                0x080068f8                TIM8_CC_IRQHandler
                0x080068f8                UART8_IRQHandler
                0x080068f8                SPI4_IRQHandler
                0x080068f8                TIM1_CC_IRQHandler
                0x080068f8                DMA2_Stream5_IRQHandler
                0x080068f8                DMA1_Stream5_IRQHandler
                0x080068f8                PVD_IRQHandler
                0x080068f8                SDIO_IRQHandler
                0x080068f8                TAMP_STAMP_IRQHandler
                0x080068f8                CAN2_RX1_IRQHandler
                0x080068f8                EXTI3_IRQHandler
                0x080068f8                TIM8_TRG_COM_TIM14_IRQHandler
                0x080068f8                TIM1_UP_TIM10_IRQHandler
                0x080068f8                TIM8_UP_TIM13_IRQHandler
                0x080068f8                I2C3_ER_IRQHandler
                0x080068f8                I2C2_EV_IRQHandler
                0x080068f8                DMA1_Stream2_IRQHandler
                0x080068f8                CAN1_RX0_IRQHandler
                0x080068f8                FPU_IRQHandler
                0x080068f8                OTG_HS_WKUP_IRQHandler
                0x080068f8                LTDC_ER_IRQHandler
                0x080068f8                CAN2_SCE_IRQHandler
                0x080068f8                DMA2_Stream2_IRQHandler
                0x080068f8                SPI1_IRQHandler
                0x080068f8                TIM6_DAC_IRQHandler
                0x080068f8                TIM1_BRK_TIM9_IRQHandler
                0x080068f8                DCMI_IRQHandler
                0x080068f8                CAN2_RX0_IRQHandler
                0x080068f8                DMA2_Stream3_IRQHandler
                0x080068f8                USART6_IRQHandler
                0x080068f8                USART3_IRQHandler
                0x080068f8                CAN1_RX1_IRQHandler
                0x080068f8                UART5_IRQHandler
                0x080068f8                DMA2_Stream0_IRQHandler
                0x080068f8                TIM4_IRQHandler
                0x080068f8                I2C1_EV_IRQHandler
                0x080068f8                DMA1_Stream6_IRQHandler
                0x080068f8                DMA1_Stream1_IRQHandler
                0x080068f8                UART4_IRQHandler
                0x080068f8                TIM3_IRQHandler
                0x080068f8                RCC_IRQHandler
                0x080068f8                TIM8_BRK_TIM12_IRQHandler
                0x080068f8                Default_Handler
                0x080068f8                ADC_IRQHandler
                0x080068f8                DMA1_Stream7_IRQHandler
                0x080068f8                SPI5_IRQHandler
                0x080068f8                TIM7_IRQHandler
                0x080068f8                CAN2_TX_IRQHandler
                0x080068f8                TIM5_IRQHandler
                0x080068f8                DMA2_Stream7_IRQHandler
                0x080068f8                I2C3_EV_IRQHandler
                0x080068f8                EXTI9_5_IRQHandler
                0x080068f8                RTC_WKUP_IRQHandler
                0x080068f8                LTDC_IRQHandler
                0x080068f8                ETH_WKUP_IRQHandler
                0x080068f8                SPI2_IRQHandler
                0x080068f8                OTG_HS_EP1_IN_IRQHandler
                0x080068f8                DMA1_Stream0_IRQHandler
                0x080068f8                CAN1_TX_IRQHandler
                0x080068f8                EXTI4_IRQHandler
                0x080068f8                ETH_IRQHandler
                0x080068f8                OTG_HS_EP1_OUT_IRQHandler
                0x080068f8                WWDG_IRQHandler
                0x080068f8                SPI6_IRQHandler
                0x080068f8                TIM2_IRQHandler
                0x080068f8                OTG_FS_WKUP_IRQHandler
                0x080068f8                TIM1_TRG_COM_TIM11_IRQHandler
                0x080068f8                OTG_HS_IRQHandler
                0x080068f8                DMA2D_IRQHandler
                0x080068f8                EXTI1_IRQHandler
                0x080068f8                UART7_IRQHandler
                0x080068f8                USART2_IRQHandler
                0x080068f8                I2C2_ER_IRQHandler
                0x080068f8                DMA2_Stream1_IRQHandler
                0x080068f8                CAN1_SCE_IRQHandler
                0x080068f8                FLASH_IRQHandler
                0x080068f8                DMA2_Stream4_IRQHandler
                0x080068f8                USART1_IRQHandler
                0x080068f8                OTG_FS_IRQHandler
                0x080068f8                SPI3_IRQHandler
                0x080068f8                DMA1_Stream4_IRQHandler
                0x080068f8                I2C1_ER_IRQHandler
                0x080068f8                FMC_IRQHandler
                0x080068f8                DMA2_Stream6_IRQHandler
                0x080068f8                SAI1_IRQHandler
                0x080068f8                DMA1_Stream3_IRQHandler
 *fill*         0x080068fa        0x2 
 .text.HAL_Init
                0x080068fc       0x44 ./Drivers/STM32F4xx_HAL_Driver/Src/stm32f4xx_hal.o
                0x080068fc                HAL_Init
 .text.HAL_InitTick
                0x08006940       0x60 ./Drivers/STM32F4xx_HAL_Driver/Src/stm32f4xx_hal.o
                0x08006940                HAL_InitTick
 .text.HAL_IncTick
                0x080069a0       0x28 ./Drivers/STM32F4xx_HAL_Driver/Src/stm32f4xx_hal.o
                0x080069a0                HAL_IncTick
 .text.HAL_GetTick
                0x080069c8       0x18 ./Drivers/STM32F4xx_HAL_Driver/Src/stm32f4xx_hal.o
                0x080069c8                HAL_GetTick
 .text.HAL_Delay
                0x080069e0       0x48 ./Drivers/STM32F4xx_HAL_Driver/Src/stm32f4xx_hal.o
                0x080069e0                HAL_Delay
 .text.__NVIC_SetPriorityGrouping
                0x08006a28       0x48 ./Drivers/STM32F4xx_HAL_Driver/Src/stm32f4xx_hal_cortex.o
 .text.__NVIC_GetPriorityGrouping
                0x08006a70       0x1c ./Drivers/STM32F4xx_HAL_Driver/Src/stm32f4xx_hal_cortex.o
 .text.__NVIC_EnableIRQ
                0x08006a8c       0x3c ./Drivers/STM32F4xx_HAL_Driver/Src/stm32f4xx_hal_cortex.o
 .text.__NVIC_DisableIRQ
                0x08006ac8       0x48 ./Drivers/STM32F4xx_HAL_Driver/Src/stm32f4xx_hal_cortex.o
 .text.__NVIC_ClearPendingIRQ
                0x08006b10       0x3c ./Drivers/STM32F4xx_HAL_Driver/Src/stm32f4xx_hal_cortex.o
 .text.__NVIC_SetPriority
                0x08006b4c       0x54 ./Drivers/STM32F4xx_HAL_Driver/Src/stm32f4xx_hal_cortex.o
 .text.NVIC_EncodePriority
                0x08006ba0       0x66 ./Drivers/STM32F4xx_HAL_Driver/Src/stm32f4xx_hal_cortex.o
 *fill*         0x08006c06        0x2 
 .text.SysTick_Config
                0x08006c08       0x44 ./Drivers/STM32F4xx_HAL_Driver/Src/stm32f4xx_hal_cortex.o
 .text.HAL_NVIC_SetPriorityGrouping
                0x08006c4c       0x16 ./Drivers/STM32F4xx_HAL_Driver/Src/stm32f4xx_hal_cortex.o
                0x08006c4c                HAL_NVIC_SetPriorityGrouping
 .text.HAL_NVIC_SetPriority
                0x08006c62       0x38 ./Drivers/STM32F4xx_HAL_Driver/Src/stm32f4xx_hal_cortex.o
                0x08006c62                HAL_NVIC_SetPriority
 .text.HAL_NVIC_EnableIRQ
                0x08006c9a       0x1c ./Drivers/STM32F4xx_HAL_Driver/Src/stm32f4xx_hal_cortex.o
                0x08006c9a                HAL_NVIC_EnableIRQ
 .text.HAL_NVIC_DisableIRQ
                0x08006cb6       0x1c ./Drivers/STM32F4xx_HAL_Driver/Src/stm32f4xx_hal_cortex.o
                0x08006cb6                HAL_NVIC_DisableIRQ
 .text.HAL_SYSTICK_Config
                0x08006cd2       0x18 ./Drivers/STM32F4xx_HAL_Driver/Src/stm32f4xx_hal_cortex.o
                0x08006cd2                HAL_SYSTICK_Config
 .text.HAL_NVIC_ClearPendingIRQ
                0x08006cea       0x1c ./Drivers/STM32F4xx_HAL_Driver/Src/stm32f4xx_hal_cortex.o
                0x08006cea                HAL_NVIC_ClearPendingIRQ
 *fill*         0x08006d06        0x2 
 .text.HAL_EXTI_ClearPending
                0x08006d08       0x30 ./Drivers/STM32F4xx_HAL_Driver/Src/stm32f4xx_hal_exti.o
                0x08006d08                HAL_EXTI_ClearPending
 .text.HAL_GPIO_Init
                0x08006d38      0x358 ./Drivers/STM32F4xx_HAL_Driver/Src/stm32f4xx_hal_gpio.o
                0x08006d38                HAL_GPIO_Init
 .text.HAL_GPIO_DeInit
                0x08007090      0x218 ./Drivers/STM32F4xx_HAL_Driver/Src/stm32f4xx_hal_gpio.o
                0x08007090                HAL_GPIO_DeInit
 .text.HAL_GPIO_WritePin
                0x080072a8       0x32 ./Drivers/STM32F4xx_HAL_Driver/Src/stm32f4xx_hal_gpio.o
                0x080072a8                HAL_GPIO_WritePin
 *fill*         0x080072da        0x2 
 .text.HAL_I2C_Init
                0x080072dc      0x288 ./Drivers/STM32F4xx_HAL_Driver/Src/stm32f4xx_hal_i2c.o
                0x080072dc                HAL_I2C_Init
 .text.HAL_I2C_Mem_Write
                0x08007564      0x1f4 ./Drivers/STM32F4xx_HAL_Driver/Src/stm32f4xx_hal_i2c.o
                0x08007564                HAL_I2C_Mem_Write
 .text.HAL_I2C_Mem_Read
                0x08007758      0x464 ./Drivers/STM32F4xx_HAL_Driver/Src/stm32f4xx_hal_i2c.o
                0x08007758                HAL_I2C_Mem_Read
 .text.I2C_RequestMemoryWrite
                0x08007bbc      0x12c ./Drivers/STM32F4xx_HAL_Driver/Src/stm32f4xx_hal_i2c.o
 .text.I2C_RequestMemoryRead
                0x08007ce8      0x1d0 ./Drivers/STM32F4xx_HAL_Driver/Src/stm32f4xx_hal_i2c.o
 .text.I2C_WaitOnFlagUntilTimeout
                0x08007eb8       0xf4 ./Drivers/STM32F4xx_HAL_Driver/Src/stm32f4xx_hal_i2c.o
 .text.I2C_WaitOnMasterAddressFlagUntilTimeout
                0x08007fac      0x140 ./Drivers/STM32F4xx_HAL_Driver/Src/stm32f4xx_hal_i2c.o
 .text.I2C_WaitOnTXEFlagUntilTimeout
                0x080080ec       0x90 ./Drivers/STM32F4xx_HAL_Driver/Src/stm32f4xx_hal_i2c.o
 .text.I2C_WaitOnBTFFlagUntilTimeout
                0x0800817c       0x90 ./Drivers/STM32F4xx_HAL_Driver/Src/stm32f4xx_hal_i2c.o
 .text.I2C_WaitOnRXNEFlagUntilTimeout
                0x0800820c       0xba ./Drivers/STM32F4xx_HAL_Driver/Src/stm32f4xx_hal_i2c.o
 .text.I2C_IsAcknowledgeFailed
                0x080082c6       0x5e ./Drivers/STM32F4xx_HAL_Driver/Src/stm32f4xx_hal_i2c.o
 .text.HAL_LTDC_Init
                0x08008324      0x1a0 ./Drivers/STM32F4xx_HAL_Driver/Src/stm32f4xx_hal_ltdc.o
                0x08008324                HAL_LTDC_Init
 .text.HAL_LTDC_ConfigLayer
                0x080084c4       0x7c ./Drivers/STM32F4xx_HAL_Driver/Src/stm32f4xx_hal_ltdc.o
                0x080084c4                HAL_LTDC_ConfigLayer
 .text.LTDC_SetConfig
                0x08008540      0x32e ./Drivers/STM32F4xx_HAL_Driver/Src/stm32f4xx_hal_ltdc.o
 *fill*         0x0800886e        0x2 
 .text.HAL_RCC_OscConfig
                0x08008870      0x4f0 ./Drivers/STM32F4xx_HAL_Driver/Src/stm32f4xx_hal_rcc.o
                0x08008870                HAL_RCC_OscConfig
 .text.HAL_RCC_ClockConfig
                0x08008d60      0x1cc ./Drivers/STM32F4xx_HAL_Driver/Src/stm32f4xx_hal_rcc.o
                0x08008d60                HAL_RCC_ClockConfig
 .text.HAL_RCC_GetSysClockFreq
                0x08008f2c      0x20c ./Drivers/STM32F4xx_HAL_Driver/Src/stm32f4xx_hal_rcc.o
                0x08008f2c                HAL_RCC_GetSysClockFreq
 .text.HAL_RCC_GetHCLKFreq
                0x08009138       0x18 ./Drivers/STM32F4xx_HAL_Driver/Src/stm32f4xx_hal_rcc.o
                0x08009138                HAL_RCC_GetHCLKFreq
 .text.HAL_RCC_GetPCLK1Freq
                0x08009150       0x28 ./Drivers/STM32F4xx_HAL_Driver/Src/stm32f4xx_hal_rcc.o
                0x08009150                HAL_RCC_GetPCLK1Freq
 .text.HAL_RCCEx_PeriphCLKConfig
                0x08009178      0x380 ./Drivers/STM32F4xx_HAL_Driver/Src/stm32f4xx_hal_rcc_ex.o
                0x08009178                HAL_RCCEx_PeriphCLKConfig
 .text.HAL_RNG_Init
                0x080094f8       0x54 ./Drivers/STM32F4xx_HAL_Driver/Src/stm32f4xx_hal_rng.o
                0x080094f8                HAL_RNG_Init
 .text.HAL_RNG_GenerateRandomNumber
                0x0800954c       0xac ./Drivers/STM32F4xx_HAL_Driver/Src/stm32f4xx_hal_rng.o
                0x0800954c                HAL_RNG_GenerateRandomNumber
 .text.HAL_RNG_GetRandomNumber
                0x080095f8       0x2a ./Drivers/STM32F4xx_HAL_Driver/Src/stm32f4xx_hal_rng.o
                0x080095f8                HAL_RNG_GetRandomNumber
 .text.HAL_SPI_Init
                0x08009622      0x112 ./Drivers/STM32F4xx_HAL_Driver/Src/stm32f4xx_hal_spi.o
                0x08009622                HAL_SPI_Init
 .text.HAL_SPI_DeInit
                0x08009734       0x50 ./Drivers/STM32F4xx_HAL_Driver/Src/stm32f4xx_hal_spi.o
                0x08009734                HAL_SPI_DeInit
 .text.HAL_SPI_Transmit
                0x08009784      0x288 ./Drivers/STM32F4xx_HAL_Driver/Src/stm32f4xx_hal_spi.o
                0x08009784                HAL_SPI_Transmit
 .text.HAL_SPI_GetState
                0x08009a0c       0x1c ./Drivers/STM32F4xx_HAL_Driver/Src/stm32f4xx_hal_spi.o
                0x08009a0c                HAL_SPI_GetState
 .text.SPI_WaitFlagStateUntilTimeout
                0x08009a28      0x110 ./Drivers/STM32F4xx_HAL_Driver/Src/stm32f4xx_hal_spi.o
 .text.SPI_EndRxTxTransaction
                0x08009b38       0xa8 ./Drivers/STM32F4xx_HAL_Driver/Src/stm32f4xx_hal_spi.o
 .text.findslot
                0x08009be0       0x34 C:/ST/STM32CubeIDE_1.17.0/STM32CubeIDE/plugins/com.st.stm32cube.ide.mcu.externaltools.gnu-tools-for-stm32.12.3.rel1.win32_1.1.0.202410251130/tools/bin/../lib/gcc/arm-none-eabi/12.3.1/../../../../arm-none-eabi/lib/thumb/v7e-m+fp/hard\librdimon_nano.a(arm_librdimon_a-syscalls.o)
 .text.error    0x08009c14       0x1c C:/ST/STM32CubeIDE_1.17.0/STM32CubeIDE/plugins/com.st.stm32cube.ide.mcu.externaltools.gnu-tools-for-stm32.12.3.rel1.win32_1.1.0.202410251130/tools/bin/../lib/gcc/arm-none-eabi/12.3.1/../../../../arm-none-eabi/lib/thumb/v7e-m+fp/hard\librdimon_nano.a(arm_librdimon_a-syscalls.o)
 .text.checkerror
                0x08009c30        0xa C:/ST/STM32CubeIDE_1.17.0/STM32CubeIDE/plugins/com.st.stm32cube.ide.mcu.externaltools.gnu-tools-for-stm32.12.3.rel1.win32_1.1.0.202410251130/tools/bin/../lib/gcc/arm-none-eabi/12.3.1/../../../../arm-none-eabi/lib/thumb/v7e-m+fp/hard\librdimon_nano.a(arm_librdimon_a-syscalls.o)
 .text._swiread
                0x08009c3a       0x20 C:/ST/STM32CubeIDE_1.17.0/STM32CubeIDE/plugins/com.st.stm32cube.ide.mcu.externaltools.gnu-tools-for-stm32.12.3.rel1.win32_1.1.0.202410251130/tools/bin/../lib/gcc/arm-none-eabi/12.3.1/../../../../arm-none-eabi/lib/thumb/v7e-m+fp/hard\librdimon_nano.a(arm_librdimon_a-syscalls.o)
                0x08009c3a                _swiread
 .text._read    0x08009c5a       0x34 C:/ST/STM32CubeIDE_1.17.0/STM32CubeIDE/plugins/com.st.stm32cube.ide.mcu.externaltools.gnu-tools-for-stm32.12.3.rel1.win32_1.1.0.202410251130/tools/bin/../lib/gcc/arm-none-eabi/12.3.1/../../../../arm-none-eabi/lib/thumb/v7e-m+fp/hard\librdimon_nano.a(arm_librdimon_a-syscalls.o)
                0x08009c5a                _read
 .text._swilseek
                0x08009c8e       0x78 C:/ST/STM32CubeIDE_1.17.0/STM32CubeIDE/plugins/com.st.stm32cube.ide.mcu.externaltools.gnu-tools-for-stm32.12.3.rel1.win32_1.1.0.202410251130/tools/bin/../lib/gcc/arm-none-eabi/12.3.1/../../../../arm-none-eabi/lib/thumb/v7e-m+fp/hard\librdimon_nano.a(arm_librdimon_a-syscalls.o)
                0x08009c8e                _swilseek
 .text._lseek   0x08009d06        0x4 C:/ST/STM32CubeIDE_1.17.0/STM32CubeIDE/plugins/com.st.stm32cube.ide.mcu.externaltools.gnu-tools-for-stm32.12.3.rel1.win32_1.1.0.202410251130/tools/bin/../lib/gcc/arm-none-eabi/12.3.1/../../../../arm-none-eabi/lib/thumb/v7e-m+fp/hard\librdimon_nano.a(arm_librdimon_a-syscalls.o)
                0x08009d06                _lseek
 .text._swiwrite
                0x08009d0a       0x20 C:/ST/STM32CubeIDE_1.17.0/STM32CubeIDE/plugins/com.st.stm32cube.ide.mcu.externaltools.gnu-tools-for-stm32.12.3.rel1.win32_1.1.0.202410251130/tools/bin/../lib/gcc/arm-none-eabi/12.3.1/../../../../arm-none-eabi/lib/thumb/v7e-m+fp/hard\librdimon_nano.a(arm_librdimon_a-syscalls.o)
                0x08009d0a                _swiwrite
 .text._write   0x08009d2a       0x40 C:/ST/STM32CubeIDE_1.17.0/STM32CubeIDE/plugins/com.st.stm32cube.ide.mcu.externaltools.gnu-tools-for-stm32.12.3.rel1.win32_1.1.0.202410251130/tools/bin/../lib/gcc/arm-none-eabi/12.3.1/../../../../arm-none-eabi/lib/thumb/v7e-m+fp/hard\librdimon_nano.a(arm_librdimon_a-syscalls.o)
                0x08009d2a                _write
 .text._swiclose
                0x08009d6a       0x1a C:/ST/STM32CubeIDE_1.17.0/STM32CubeIDE/plugins/com.st.stm32cube.ide.mcu.externaltools.gnu-tools-for-stm32.12.3.rel1.win32_1.1.0.202410251130/tools/bin/../lib/gcc/arm-none-eabi/12.3.1/../../../../arm-none-eabi/lib/thumb/v7e-m+fp/hard\librdimon_nano.a(arm_librdimon_a-syscalls.o)
                0x08009d6a                _swiclose
 .text._close   0x08009d84       0x44 C:/ST/STM32CubeIDE_1.17.0/STM32CubeIDE/plugins/com.st.stm32cube.ide.mcu.externaltools.gnu-tools-for-stm32.12.3.rel1.win32_1.1.0.202410251130/tools/bin/../lib/gcc/arm-none-eabi/12.3.1/../../../../arm-none-eabi/lib/thumb/v7e-m+fp/hard\librdimon_nano.a(arm_librdimon_a-syscalls.o)
                0x08009d84                _close
 .text._swistat
                0x08009dc8       0x42 C:/ST/STM32CubeIDE_1.17.0/STM32CubeIDE/plugins/com.st.stm32cube.ide.mcu.externaltools.gnu-tools-for-stm32.12.3.rel1.win32_1.1.0.202410251130/tools/bin/../lib/gcc/arm-none-eabi/12.3.1/../../../../arm-none-eabi/lib/thumb/v7e-m+fp/hard\librdimon_nano.a(arm_librdimon_a-syscalls.o)
                0x08009dc8                _swistat
 .text._fstat   0x08009e0a       0x1c C:/ST/STM32CubeIDE_1.17.0/STM32CubeIDE/plugins/com.st.stm32cube.ide.mcu.externaltools.gnu-tools-for-stm32.12.3.rel1.win32_1.1.0.202410251130/tools/bin/../lib/gcc/arm-none-eabi/12.3.1/../../../../arm-none-eabi/lib/thumb/v7e-m+fp/hard\librdimon_nano.a(arm_librdimon_a-syscalls.o)
                0x08009e0a                _fstat
 .text._stat    0x08009e26       0x3a C:/ST/STM32CubeIDE_1.17.0/STM32CubeIDE/plugins/com.st.stm32cube.ide.mcu.externaltools.gnu-tools-for-stm32.12.3.rel1.win32_1.1.0.202410251130/tools/bin/../lib/gcc/arm-none-eabi/12.3.1/../../../../arm-none-eabi/lib/thumb/v7e-m+fp/hard\librdimon_nano.a(arm_librdimon_a-syscalls.o)
                0x08009e26                _stat
 .text._swiopen
                0x08009e60       0xb0 C:/ST/STM32CubeIDE_1.17.0/STM32CubeIDE/plugins/com.st.stm32cube.ide.mcu.externaltools.gnu-tools-for-stm32.12.3.rel1.win32_1.1.0.202410251130/tools/bin/../lib/gcc/arm-none-eabi/12.3.1/../../../../arm-none-eabi/lib/thumb/v7e-m+fp/hard\librdimon_nano.a(arm_librdimon_a-syscalls.o)
                0x08009e60                _swiopen
 .text._get_semihosting_exts
                0x08009f10       0xb4 C:/ST/STM32CubeIDE_1.17.0/STM32CubeIDE/plugins/com.st.stm32cube.ide.mcu.externaltools.gnu-tools-for-stm32.12.3.rel1.win32_1.1.0.202410251130/tools/bin/../lib/gcc/arm-none-eabi/12.3.1/../../../../arm-none-eabi/lib/thumb/v7e-m+fp/hard\librdimon_nano.a(arm_librdimon_a-syscalls.o)
                0x08009f10                _get_semihosting_exts
 .text.initialise_semihosting_exts
                0x08009fc4       0x34 C:/ST/STM32CubeIDE_1.17.0/STM32CubeIDE/plugins/com.st.stm32cube.ide.mcu.externaltools.gnu-tools-for-stm32.12.3.rel1.win32_1.1.0.202410251130/tools/bin/../lib/gcc/arm-none-eabi/12.3.1/../../../../arm-none-eabi/lib/thumb/v7e-m+fp/hard\librdimon_nano.a(arm_librdimon_a-syscalls.o)
 .text._has_ext_stdout_stderr
                0x08009ff8       0x18 C:/ST/STM32CubeIDE_1.17.0/STM32CubeIDE/plugins/com.st.stm32cube.ide.mcu.externaltools.gnu-tools-for-stm32.12.3.rel1.win32_1.1.0.202410251130/tools/bin/../lib/gcc/arm-none-eabi/12.3.1/../../../../arm-none-eabi/lib/thumb/v7e-m+fp/hard\librdimon_nano.a(arm_librdimon_a-syscalls.o)
                0x08009ff8                _has_ext_stdout_stderr
 .text.initialise_monitor_handles
                0x0800a010       0xc0 C:/ST/STM32CubeIDE_1.17.0/STM32CubeIDE/plugins/com.st.stm32cube.ide.mcu.externaltools.gnu-tools-for-stm32.12.3.rel1.win32_1.1.0.202410251130/tools/bin/../lib/gcc/arm-none-eabi/12.3.1/../../../../arm-none-eabi/lib/thumb/v7e-m+fp/hard\librdimon_nano.a(arm_librdimon_a-syscalls.o)
                0x0800a010                initialise_monitor_handles
 .text._isatty  0x0800a0d0       0x3a C:/ST/STM32CubeIDE_1.17.0/STM32CubeIDE/plugins/com.st.stm32cube.ide.mcu.externaltools.gnu-tools-for-stm32.12.3.rel1.win32_1.1.0.202410251130/tools/bin/../lib/gcc/arm-none-eabi/12.3.1/../../../../arm-none-eabi/lib/thumb/v7e-m+fp/hard\librdimon_nano.a(arm_librdimon_a-syscalls.o)
                0x0800a0d0                _isatty
 .text.__itoa   0x0800a10a       0x30 C:/ST/STM32CubeIDE_1.17.0/STM32CubeIDE/plugins/com.st.stm32cube.ide.mcu.externaltools.gnu-tools-for-stm32.12.3.rel1.win32_1.1.0.202410251130/tools/bin/../lib/gcc/arm-none-eabi/12.3.1/../../../../arm-none-eabi/lib/thumb/v7e-m+fp/hard\libc_nano.a(libc_a-itoa.o)
                0x0800a10a                __itoa
 .text.itoa     0x0800a13a        0x4 C:/ST/STM32CubeIDE_1.17.0/STM32CubeIDE/plugins/com.st.stm32cube.ide.mcu.externaltools.gnu-tools-for-stm32.12.3.rel1.win32_1.1.0.202410251130/tools/bin/../lib/gcc/arm-none-eabi/12.3.1/../../../../arm-none-eabi/lib/thumb/v7e-m+fp/hard\libc_nano.a(libc_a-itoa.o)
                0x0800a13a                itoa
 *fill*         0x0800a13e        0x2 
 .text.__utoa   0x0800a140       0x84 C:/ST/STM32CubeIDE_1.17.0/STM32CubeIDE/plugins/com.st.stm32cube.ide.mcu.externaltools.gnu-tools-for-stm32.12.3.rel1.win32_1.1.0.202410251130/tools/bin/../lib/gcc/arm-none-eabi/12.3.1/../../../../arm-none-eabi/lib/thumb/v7e-m+fp/hard\libc_nano.a(libc_a-utoa.o)
                0x0800a140                __utoa
 .text.std      0x0800a1c4       0x6c C:/ST/STM32CubeIDE_1.17.0/STM32CubeIDE/plugins/com.st.stm32cube.ide.mcu.externaltools.gnu-tools-for-stm32.12.3.rel1.win32_1.1.0.202410251130/tools/bin/../lib/gcc/arm-none-eabi/12.3.1/../../../../arm-none-eabi/lib/thumb/v7e-m+fp/hard\libc_nano.a(libc_a-findfp.o)
 .text.stdio_exit_handler
                0x0800a230       0x18 C:/ST/STM32CubeIDE_1.17.0/STM32CubeIDE/plugins/com.st.stm32cube.ide.mcu.externaltools.gnu-tools-for-stm32.12.3.rel1.win32_1.1.0.202410251130/tools/bin/../lib/gcc/arm-none-eabi/12.3.1/../../../../arm-none-eabi/lib/thumb/v7e-m+fp/hard\libc_nano.a(libc_a-findfp.o)
 .text.cleanup_stdio
                0x0800a248       0x40 C:/ST/STM32CubeIDE_1.17.0/STM32CubeIDE/plugins/com.st.stm32cube.ide.mcu.externaltools.gnu-tools-for-stm32.12.3.rel1.win32_1.1.0.202410251130/tools/bin/../lib/gcc/arm-none-eabi/12.3.1/../../../../arm-none-eabi/lib/thumb/v7e-m+fp/hard\libc_nano.a(libc_a-findfp.o)
 .text.global_stdio_init.part.0
                0x0800a288       0x3c C:/ST/STM32CubeIDE_1.17.0/STM32CubeIDE/plugins/com.st.stm32cube.ide.mcu.externaltools.gnu-tools-for-stm32.12.3.rel1.win32_1.1.0.202410251130/tools/bin/../lib/gcc/arm-none-eabi/12.3.1/../../../../arm-none-eabi/lib/thumb/v7e-m+fp/hard\libc_nano.a(libc_a-findfp.o)
 .text.__sfp_lock_acquire
                0x0800a2c4        0xc C:/ST/STM32CubeIDE_1.17.0/STM32CubeIDE/plugins/com.st.stm32cube.ide.mcu.externaltools.gnu-tools-for-stm32.12.3.rel1.win32_1.1.0.202410251130/tools/bin/../lib/gcc/arm-none-eabi/12.3.1/../../../../arm-none-eabi/lib/thumb/v7e-m+fp/hard\libc_nano.a(libc_a-findfp.o)
                0x0800a2c4                __sfp_lock_acquire
 .text.__sfp_lock_release
                0x0800a2d0        0xc C:/ST/STM32CubeIDE_1.17.0/STM32CubeIDE/plugins/com.st.stm32cube.ide.mcu.externaltools.gnu-tools-for-stm32.12.3.rel1.win32_1.1.0.202410251130/tools/bin/../lib/gcc/arm-none-eabi/12.3.1/../../../../arm-none-eabi/lib/thumb/v7e-m+fp/hard\libc_nano.a(libc_a-findfp.o)
                0x0800a2d0                __sfp_lock_release
 .text.__sinit  0x0800a2dc       0x30 C:/ST/STM32CubeIDE_1.17.0/STM32CubeIDE/plugins/com.st.stm32cube.ide.mcu.externaltools.gnu-tools-for-stm32.12.3.rel1.win32_1.1.0.202410251130/tools/bin/../lib/gcc/arm-none-eabi/12.3.1/../../../../arm-none-eabi/lib/thumb/v7e-m+fp/hard\libc_nano.a(libc_a-findfp.o)
                0x0800a2dc                __sinit
 .text._fwalk_sglue
                0x0800a30c       0x3c C:/ST/STM32CubeIDE_1.17.0/STM32CubeIDE/plugins/com.st.stm32cube.ide.mcu.externaltools.gnu-tools-for-stm32.12.3.rel1.win32_1.1.0.202410251130/tools/bin/../lib/gcc/arm-none-eabi/12.3.1/../../../../arm-none-eabi/lib/thumb/v7e-m+fp/hard\libc_nano.a(libc_a-fwalk.o)
                0x0800a30c                _fwalk_sglue
 .text.printf   0x0800a348       0x24 C:/ST/STM32CubeIDE_1.17.0/STM32CubeIDE/plugins/com.st.stm32cube.ide.mcu.externaltools.gnu-tools-for-stm32.12.3.rel1.win32_1.1.0.202410251130/tools/bin/../lib/gcc/arm-none-eabi/12.3.1/../../../../arm-none-eabi/lib/thumb/v7e-m+fp/hard\libc_nano.a(libc_a-printf.o)
                0x0800a348                iprintf
                0x0800a348                printf
 .text._puts_r  0x0800a36c       0xaa C:/ST/STM32CubeIDE_1.17.0/STM32CubeIDE/plugins/com.st.stm32cube.ide.mcu.externaltools.gnu-tools-for-stm32.12.3.rel1.win32_1.1.0.202410251130/tools/bin/../lib/gcc/arm-none-eabi/12.3.1/../../../../arm-none-eabi/lib/thumb/v7e-m+fp/hard\libc_nano.a(libc_a-puts.o)
                0x0800a36c                _puts_r
 *fill*         0x0800a416        0x2 
 .text.puts     0x0800a418       0x10 C:/ST/STM32CubeIDE_1.17.0/STM32CubeIDE/plugins/com.st.stm32cube.ide.mcu.externaltools.gnu-tools-for-stm32.12.3.rel1.win32_1.1.0.202410251130/tools/bin/../lib/gcc/arm-none-eabi/12.3.1/../../../../arm-none-eabi/lib/thumb/v7e-m+fp/hard\libc_nano.a(libc_a-puts.o)
                0x0800a418                puts
 .text.__sread  0x0800a428       0x22 C:/ST/STM32CubeIDE_1.17.0/STM32CubeIDE/plugins/com.st.stm32cube.ide.mcu.externaltools.gnu-tools-for-stm32.12.3.rel1.win32_1.1.0.202410251130/tools/bin/../lib/gcc/arm-none-eabi/12.3.1/../../../../arm-none-eabi/lib/thumb/v7e-m+fp/hard\libc_nano.a(libc_a-stdio.o)
                0x0800a428                __sread
 .text.__swrite
                0x0800a44a       0x38 C:/ST/STM32CubeIDE_1.17.0/STM32CubeIDE/plugins/com.st.stm32cube.ide.mcu.externaltools.gnu-tools-for-stm32.12.3.rel1.win32_1.1.0.202410251130/tools/bin/../lib/gcc/arm-none-eabi/12.3.1/../../../../arm-none-eabi/lib/thumb/v7e-m+fp/hard\libc_nano.a(libc_a-stdio.o)
                0x0800a44a                __swrite
 .text.__sseek  0x0800a482       0x24 C:/ST/STM32CubeIDE_1.17.0/STM32CubeIDE/plugins/com.st.stm32cube.ide.mcu.externaltools.gnu-tools-for-stm32.12.3.rel1.win32_1.1.0.202410251130/tools/bin/../lib/gcc/arm-none-eabi/12.3.1/../../../../arm-none-eabi/lib/thumb/v7e-m+fp/hard\libc_nano.a(libc_a-stdio.o)
                0x0800a482                __sseek
 .text.__sclose
                0x0800a4a6        0x8 C:/ST/STM32CubeIDE_1.17.0/STM32CubeIDE/plugins/com.st.stm32cube.ide.mcu.externaltools.gnu-tools-for-stm32.12.3.rel1.win32_1.1.0.202410251130/tools/bin/../lib/gcc/arm-none-eabi/12.3.1/../../../../arm-none-eabi/lib/thumb/v7e-m+fp/hard\libc_nano.a(libc_a-stdio.o)
                0x0800a4a6                __sclose
 .text.__swbuf_r
                0x0800a4ae       0x7c C:/ST/STM32CubeIDE_1.17.0/STM32CubeIDE/plugins/com.st.stm32cube.ide.mcu.externaltools.gnu-tools-for-stm32.12.3.rel1.win32_1.1.0.202410251130/tools/bin/../lib/gcc/arm-none-eabi/12.3.1/../../../../arm-none-eabi/lib/thumb/v7e-m+fp/hard\libc_nano.a(libc_a-wbuf.o)
                0x0800a4ae                __swbuf_r
 *fill*         0x0800a52a        0x2 
 .text.__swsetup_r
                0x0800a52c       0xac C:/ST/STM32CubeIDE_1.17.0/STM32CubeIDE/plugins/com.st.stm32cube.ide.mcu.externaltools.gnu-tools-for-stm32.12.3.rel1.win32_1.1.0.202410251130/tools/bin/../lib/gcc/arm-none-eabi/12.3.1/../../../../arm-none-eabi/lib/thumb/v7e-m+fp/hard\libc_nano.a(libc_a-wsetup.o)
                0x0800a52c                __swsetup_r
 .text.memset   0x0800a5d8       0x10 C:/ST/STM32CubeIDE_1.17.0/STM32CubeIDE/plugins/com.st.stm32cube.ide.mcu.externaltools.gnu-tools-for-stm32.12.3.rel1.win32_1.1.0.202410251130/tools/bin/../lib/gcc/arm-none-eabi/12.3.1/../../../../arm-none-eabi/lib/thumb/v7e-m+fp/hard\libc_nano.a(libc_a-memset.o)
                0x0800a5d8                memset
 .text._close_r
                0x0800a5e8       0x20 C:/ST/STM32CubeIDE_1.17.0/STM32CubeIDE/plugins/com.st.stm32cube.ide.mcu.externaltools.gnu-tools-for-stm32.12.3.rel1.win32_1.1.0.202410251130/tools/bin/../lib/gcc/arm-none-eabi/12.3.1/../../../../arm-none-eabi/lib/thumb/v7e-m+fp/hard\libc_nano.a(libc_a-closer.o)
                0x0800a5e8                _close_r
 .text._lseek_r
                0x0800a608       0x24 C:/ST/STM32CubeIDE_1.17.0/STM32CubeIDE/plugins/com.st.stm32cube.ide.mcu.externaltools.gnu-tools-for-stm32.12.3.rel1.win32_1.1.0.202410251130/tools/bin/../lib/gcc/arm-none-eabi/12.3.1/../../../../arm-none-eabi/lib/thumb/v7e-m+fp/hard\libc_nano.a(libc_a-lseekr.o)
                0x0800a608                _lseek_r
 .text._read_r  0x0800a62c       0x24 C:/ST/STM32CubeIDE_1.17.0/STM32CubeIDE/plugins/com.st.stm32cube.ide.mcu.externaltools.gnu-tools-for-stm32.12.3.rel1.win32_1.1.0.202410251130/tools/bin/../lib/gcc/arm-none-eabi/12.3.1/../../../../arm-none-eabi/lib/thumb/v7e-m+fp/hard\libc_nano.a(libc_a-readr.o)
                0x0800a62c                _read_r
 .text._write_r
                0x0800a650       0x24 C:/ST/STM32CubeIDE_1.17.0/STM32CubeIDE/plugins/com.st.stm32cube.ide.mcu.externaltools.gnu-tools-for-stm32.12.3.rel1.win32_1.1.0.202410251130/tools/bin/../lib/gcc/arm-none-eabi/12.3.1/../../../../arm-none-eabi/lib/thumb/v7e-m+fp/hard\libc_nano.a(libc_a-writer.o)
                0x0800a650                _write_r
 .text.__errno  0x0800a674        0xc C:/ST/STM32CubeIDE_1.17.0/STM32CubeIDE/plugins/com.st.stm32cube.ide.mcu.externaltools.gnu-tools-for-stm32.12.3.rel1.win32_1.1.0.202410251130/tools/bin/../lib/gcc/arm-none-eabi/12.3.1/../../../../arm-none-eabi/lib/thumb/v7e-m+fp/hard\libc_nano.a(libc_a-errno.o)
                0x0800a674                __errno
 .text.__libc_init_array
                0x0800a680       0x48 C:/ST/STM32CubeIDE_1.17.0/STM32CubeIDE/plugins/com.st.stm32cube.ide.mcu.externaltools.gnu-tools-for-stm32.12.3.rel1.win32_1.1.0.202410251130/tools/bin/../lib/gcc/arm-none-eabi/12.3.1/../../../../arm-none-eabi/lib/thumb/v7e-m+fp/hard\libc_nano.a(libc_a-init.o)
                0x0800a680                __libc_init_array
 .text.__retarget_lock_init_recursive
                0x0800a6c8        0x2 C:/ST/STM32CubeIDE_1.17.0/STM32CubeIDE/plugins/com.st.stm32cube.ide.mcu.externaltools.gnu-tools-for-stm32.12.3.rel1.win32_1.1.0.202410251130/tools/bin/../lib/gcc/arm-none-eabi/12.3.1/../../../../arm-none-eabi/lib/thumb/v7e-m+fp/hard\libc_nano.a(libc_a-lock.o)
                0x0800a6c8                __retarget_lock_init_recursive
 .text.__retarget_lock_acquire_recursive
                0x0800a6ca        0x2 C:/ST/STM32CubeIDE_1.17.0/STM32CubeIDE/plugins/com.st.stm32cube.ide.mcu.externaltools.gnu-tools-for-stm32.12.3.rel1.win32_1.1.0.202410251130/tools/bin/../lib/gcc/arm-none-eabi/12.3.1/../../../../arm-none-eabi/lib/thumb/v7e-m+fp/hard\libc_nano.a(libc_a-lock.o)
                0x0800a6ca                __retarget_lock_acquire_recursive
 .text.__retarget_lock_release_recursive
                0x0800a6cc        0x2 C:/ST/STM32CubeIDE_1.17.0/STM32CubeIDE/plugins/com.st.stm32cube.ide.mcu.externaltools.gnu-tools-for-stm32.12.3.rel1.win32_1.1.0.202410251130/tools/bin/../lib/gcc/arm-none-eabi/12.3.1/../../../../arm-none-eabi/lib/thumb/v7e-m+fp/hard\libc_nano.a(libc_a-lock.o)
                0x0800a6cc                __retarget_lock_release_recursive
 *fill*         0x0800a6ce        0x2 
 .text._free_r  0x0800a6d0       0x94 C:/ST/STM32CubeIDE_1.17.0/STM32CubeIDE/plugins/com.st.stm32cube.ide.mcu.externaltools.gnu-tools-for-stm32.12.3.rel1.win32_1.1.0.202410251130/tools/bin/../lib/gcc/arm-none-eabi/12.3.1/../../../../arm-none-eabi/lib/thumb/v7e-m+fp/hard\libc_nano.a(libc_a-freer.o)
                0x0800a6d0                _free_r
 .text.sbrk_aligned
                0x0800a764       0x44 C:/ST/STM32CubeIDE_1.17.0/STM32CubeIDE/plugins/com.st.stm32cube.ide.mcu.externaltools.gnu-tools-for-stm32.12.3.rel1.win32_1.1.0.202410251130/tools/bin/../lib/gcc/arm-none-eabi/12.3.1/../../../../arm-none-eabi/lib/thumb/v7e-m+fp/hard\libc_nano.a(libc_a-mallocr.o)
 .text._malloc_r
                0x0800a7a8      0x100 C:/ST/STM32CubeIDE_1.17.0/STM32CubeIDE/plugins/com.st.stm32cube.ide.mcu.externaltools.gnu-tools-for-stm32.12.3.rel1.win32_1.1.0.202410251130/tools/bin/../lib/gcc/arm-none-eabi/12.3.1/../../../../arm-none-eabi/lib/thumb/v7e-m+fp/hard\libc_nano.a(libc_a-mallocr.o)
                0x0800a7a8                _malloc_r
 .text.__malloc_lock
                0x0800a8a8        0xc C:/ST/STM32CubeIDE_1.17.0/STM32CubeIDE/plugins/com.st.stm32cube.ide.mcu.externaltools.gnu-tools-for-stm32.12.3.rel1.win32_1.1.0.202410251130/tools/bin/../lib/gcc/arm-none-eabi/12.3.1/../../../../arm-none-eabi/lib/thumb/v7e-m+fp/hard\libc_nano.a(libc_a-mlock.o)
                0x0800a8a8                __malloc_lock
 .text.__malloc_unlock
                0x0800a8b4        0xc C:/ST/STM32CubeIDE_1.17.0/STM32CubeIDE/plugins/com.st.stm32cube.ide.mcu.externaltools.gnu-tools-for-stm32.12.3.rel1.win32_1.1.0.202410251130/tools/bin/../lib/gcc/arm-none-eabi/12.3.1/../../../../arm-none-eabi/lib/thumb/v7e-m+fp/hard\libc_nano.a(libc_a-mlock.o)
                0x0800a8b4                __malloc_unlock
 .text.__sfputc_r
                0x0800a8c0       0x2e C:/ST/STM32CubeIDE_1.17.0/STM32CubeIDE/plugins/com.st.stm32cube.ide.mcu.externaltools.gnu-tools-for-stm32.12.3.rel1.win32_1.1.0.202410251130/tools/bin/../lib/gcc/arm-none-eabi/12.3.1/../../../../arm-none-eabi/lib/thumb/v7e-m+fp/hard\libc_nano.a(libc_a-nano-vfprintf.o)
 .text.__sfputs_r
                0x0800a8ee       0x24 C:/ST/STM32CubeIDE_1.17.0/STM32CubeIDE/plugins/com.st.stm32cube.ide.mcu.externaltools.gnu-tools-for-stm32.12.3.rel1.win32_1.1.0.202410251130/tools/bin/../lib/gcc/arm-none-eabi/12.3.1/../../../../arm-none-eabi/lib/thumb/v7e-m+fp/hard\libc_nano.a(libc_a-nano-vfprintf.o)
                0x0800a8ee                __sfputs_r
 *fill*         0x0800a912        0x2 
 .text._vfprintf_r
                0x0800a914      0x230 C:/ST/STM32CubeIDE_1.17.0/STM32CubeIDE/plugins/com.st.stm32cube.ide.mcu.externaltools.gnu-tools-for-stm32.12.3.rel1.win32_1.1.0.202410251130/tools/bin/../lib/gcc/arm-none-eabi/12.3.1/../../../../arm-none-eabi/lib/thumb/v7e-m+fp/hard\libc_nano.a(libc_a-nano-vfprintf.o)
                0x0800a914                _vfprintf_r
                0x0800a914                _vfiprintf_r
 .text._printf_common
                0x0800ab44       0xda C:/ST/STM32CubeIDE_1.17.0/STM32CubeIDE/plugins/com.st.stm32cube.ide.mcu.externaltools.gnu-tools-for-stm32.12.3.rel1.win32_1.1.0.202410251130/tools/bin/../lib/gcc/arm-none-eabi/12.3.1/../../../../arm-none-eabi/lib/thumb/v7e-m+fp/hard\libc_nano.a(libc_a-nano-vfprintf_i.o)
                0x0800ab44                _printf_common
 *fill*         0x0800ac1e        0x2 
 .text._printf_i
                0x0800ac20      0x240 C:/ST/STM32CubeIDE_1.17.0/STM32CubeIDE/plugins/com.st.stm32cube.ide.mcu.externaltools.gnu-tools-for-stm32.12.3.rel1.win32_1.1.0.202410251130/tools/bin/../lib/gcc/arm-none-eabi/12.3.1/../../../../arm-none-eabi/lib/thumb/v7e-m+fp/hard\libc_nano.a(libc_a-nano-vfprintf_i.o)
                0x0800ac20                _printf_i
 .text.__sflush_r
                0x0800ae60      0x108 C:/ST/STM32CubeIDE_1.17.0/STM32CubeIDE/plugins/com.st.stm32cube.ide.mcu.externaltools.gnu-tools-for-stm32.12.3.rel1.win32_1.1.0.202410251130/tools/bin/../lib/gcc/arm-none-eabi/12.3.1/../../../../arm-none-eabi/lib/thumb/v7e-m+fp/hard\libc_nano.a(libc_a-fflush.o)
                0x0800ae60                __sflush_r
 .text._fflush_r
                0x0800af68       0x50 C:/ST/STM32CubeIDE_1.17.0/STM32CubeIDE/plugins/com.st.stm32cube.ide.mcu.externaltools.gnu-tools-for-stm32.12.3.rel1.win32_1.1.0.202410251130/tools/bin/../lib/gcc/arm-none-eabi/12.3.1/../../../../arm-none-eabi/lib/thumb/v7e-m+fp/hard\libc_nano.a(libc_a-fflush.o)
                0x0800af68                _fflush_r
 .text.__swhatbuf_r
                0x0800afb8       0x4c C:/ST/STM32CubeIDE_1.17.0/STM32CubeIDE/plugins/com.st.stm32cube.ide.mcu.externaltools.gnu-tools-for-stm32.12.3.rel1.win32_1.1.0.202410251130/tools/bin/../lib/gcc/arm-none-eabi/12.3.1/../../../../arm-none-eabi/lib/thumb/v7e-m+fp/hard\libc_nano.a(libc_a-makebuf.o)
                0x0800afb8                __swhatbuf_r
 .text.__smakebuf_r
                0x0800b004       0x78 C:/ST/STM32CubeIDE_1.17.0/STM32CubeIDE/plugins/com.st.stm32cube.ide.mcu.externaltools.gnu-tools-for-stm32.12.3.rel1.win32_1.1.0.202410251130/tools/bin/../lib/gcc/arm-none-eabi/12.3.1/../../../../arm-none-eabi/lib/thumb/v7e-m+fp/hard\libc_nano.a(libc_a-makebuf.o)
                0x0800b004                __smakebuf_r
 .text._fstat_r
                0x0800b07c       0x24 C:/ST/STM32CubeIDE_1.17.0/STM32CubeIDE/plugins/com.st.stm32cube.ide.mcu.externaltools.gnu-tools-for-stm32.12.3.rel1.win32_1.1.0.202410251130/tools/bin/../lib/gcc/arm-none-eabi/12.3.1/../../../../arm-none-eabi/lib/thumb/v7e-m+fp/hard\libc_nano.a(libc_a-fstatr.o)
                0x0800b07c                _fstat_r
 .text._isatty_r
                0x0800b0a0       0x20 C:/ST/STM32CubeIDE_1.17.0/STM32CubeIDE/plugins/com.st.stm32cube.ide.mcu.externaltools.gnu-tools-for-stm32.12.3.rel1.win32_1.1.0.202410251130/tools/bin/../lib/gcc/arm-none-eabi/12.3.1/../../../../arm-none-eabi/lib/thumb/v7e-m+fp/hard\libc_nano.a(libc_a-isattyr.o)
                0x0800b0a0                _isatty_r
 .text._sbrk_r  0x0800b0c0       0x20 C:/ST/STM32CubeIDE_1.17.0/STM32CubeIDE/plugins/com.st.stm32cube.ide.mcu.externaltools.gnu-tools-for-stm32.12.3.rel1.win32_1.1.0.202410251130/tools/bin/../lib/gcc/arm-none-eabi/12.3.1/../../../../arm-none-eabi/lib/thumb/v7e-m+fp/hard\libc_nano.a(libc_a-sbrkr.o)
                0x0800b0c0                _sbrk_r
 *(.glue_7)
 .glue_7        0x0800b0e0        0x0 linker stubs
 *(.glue_7t)
 .glue_7t       0x0800b0e0        0x0 linker stubs
 *(.eh_frame)
 .eh_frame      0x0800b0e0        0x0 C:/ST/STM32CubeIDE_1.17.0/STM32CubeIDE/plugins/com.st.stm32cube.ide.mcu.externaltools.gnu-tools-for-stm32.12.3.rel1.win32_1.1.0.202410251130/tools/bin/../lib/gcc/arm-none-eabi/12.3.1/thumb/v7e-m+fp/hard/crtbegin.o
 *(.init)
 .init          0x0800b0e0        0x4 C:/ST/STM32CubeIDE_1.17.0/STM32CubeIDE/plugins/com.st.stm32cube.ide.mcu.externaltools.gnu-tools-for-stm32.12.3.rel1.win32_1.1.0.202410251130/tools/bin/../lib/gcc/arm-none-eabi/12.3.1/thumb/v7e-m+fp/hard/crti.o
                0x0800b0e0                _init
 .init          0x0800b0e4        0x8 C:/ST/STM32CubeIDE_1.17.0/STM32CubeIDE/plugins/com.st.stm32cube.ide.mcu.externaltools.gnu-tools-for-stm32.12.3.rel1.win32_1.1.0.202410251130/tools/bin/../lib/gcc/arm-none-eabi/12.3.1/thumb/v7e-m+fp/hard/crtn.o
 *(.fini)
 .fini          0x0800b0ec        0x4 C:/ST/STM32CubeIDE_1.17.0/STM32CubeIDE/plugins/com.st.stm32cube.ide.mcu.externaltools.gnu-tools-for-stm32.12.3.rel1.win32_1.1.0.202410251130/tools/bin/../lib/gcc/arm-none-eabi/12.3.1/thumb/v7e-m+fp/hard/crti.o
                0x0800b0ec                _fini
 .fini          0x0800b0f0        0x8 C:/ST/STM32CubeIDE_1.17.0/STM32CubeIDE/plugins/com.st.stm32cube.ide.mcu.externaltools.gnu-tools-for-stm32.12.3.rel1.win32_1.1.0.202410251130/tools/bin/../lib/gcc/arm-none-eabi/12.3.1/thumb/v7e-m+fp/hard/crtn.o
                0x0800b0f8                        . = ALIGN (0x4)
                0x0800b0f8                        _etext = .

.vfp11_veneer   0x0800b0f8        0x0
 .vfp11_veneer  0x0800b0f8        0x0 linker stubs

.v4_bx          0x0800b0f8        0x0
 .v4_bx         0x0800b0f8        0x0 linker stubs

.iplt           0x0800b0f8        0x0
 .iplt          0x0800b0f8        0x0 C:/ST/STM32CubeIDE_1.17.0/STM32CubeIDE/plugins/com.st.stm32cube.ide.mcu.externaltools.gnu-tools-for-stm32.12.3.rel1.win32_1.1.0.202410251130/tools/bin/../lib/gcc/arm-none-eabi/12.3.1/thumb/v7e-m+fp/hard/crtbegin.o

.rodata         0x0800b0f8     0x12b0
                0x0800b0f8                        . = ALIGN (0x4)
 *(.rodata)
 .rodata        0x0800b0f8       0x52 ./Core/Src/ApplicationCode.o
 *(.rodata*)
 *fill*         0x0800b14a        0x2 
 .rodata.ASCII16x24_Table
                0x0800b14c     0x11d0 ./Core/Src/fonts.o
                0x0800b14c                ASCII16x24_Table
 .rodata.AHBPrescTable
                0x0800c31c       0x10 ./Core/Src/system_stm32f4xx.o
                0x0800c31c                AHBPrescTable
 .rodata.APBPrescTable
                0x0800c32c        0x8 ./Core/Src/system_stm32f4xx.o
                0x0800c32c                APBPrescTable
 .rodata._get_semihosting_exts.str1.1
                0x0800c334       0x16 C:/ST/STM32CubeIDE_1.17.0/STM32CubeIDE/plugins/com.st.stm32cube.ide.mcu.externaltools.gnu-tools-for-stm32.12.3.rel1.win32_1.1.0.202410251130/tools/bin/../lib/gcc/arm-none-eabi/12.3.1/../../../../arm-none-eabi/lib/thumb/v7e-m+fp/hard\librdimon_nano.a(arm_librdimon_a-syscalls.o)
 .rodata.initialise_monitor_handles.str1.1
                0x0800c34a        0x4 C:/ST/STM32CubeIDE_1.17.0/STM32CubeIDE/plugins/com.st.stm32cube.ide.mcu.externaltools.gnu-tools-for-stm32.12.3.rel1.win32_1.1.0.202410251130/tools/bin/../lib/gcc/arm-none-eabi/12.3.1/../../../../arm-none-eabi/lib/thumb/v7e-m+fp/hard\librdimon_nano.a(arm_librdimon_a-syscalls.o)
 .rodata.__utoa.str1.1
                0x0800c34e       0x25 C:/ST/STM32CubeIDE_1.17.0/STM32CubeIDE/plugins/com.st.stm32cube.ide.mcu.externaltools.gnu-tools-for-stm32.12.3.rel1.win32_1.1.0.202410251130/tools/bin/../lib/gcc/arm-none-eabi/12.3.1/../../../../arm-none-eabi/lib/thumb/v7e-m+fp/hard\libc_nano.a(libc_a-utoa.o)
 .rodata._vfprintf_r.str1.1
                0x0800c373       0x11 C:/ST/STM32CubeIDE_1.17.0/STM32CubeIDE/plugins/com.st.stm32cube.ide.mcu.externaltools.gnu-tools-for-stm32.12.3.rel1.win32_1.1.0.202410251130/tools/bin/../lib/gcc/arm-none-eabi/12.3.1/../../../../arm-none-eabi/lib/thumb/v7e-m+fp/hard\libc_nano.a(libc_a-nano-vfprintf.o)
 .rodata._printf_i.str1.1
                0x0800c384       0x22 C:/ST/STM32CubeIDE_1.17.0/STM32CubeIDE/plugins/com.st.stm32cube.ide.mcu.externaltools.gnu-tools-for-stm32.12.3.rel1.win32_1.1.0.202410251130/tools/bin/../lib/gcc/arm-none-eabi/12.3.1/../../../../arm-none-eabi/lib/thumb/v7e-m+fp/hard\libc_nano.a(libc_a-nano-vfprintf_i.o)
                0x0800c3a8                        . = ALIGN (0x4)
 *fill*         0x0800c3a6        0x2 

.ARM.extab      0x0800c3a8        0x0
                0x0800c3a8                        . = ALIGN (0x4)
 *(.ARM.extab* .gnu.linkonce.armextab.*)
                0x0800c3a8                        . = ALIGN (0x4)

.ARM            0x0800c3a8        0x8
                0x0800c3a8                        . = ALIGN (0x4)
                0x0800c3a8                        __exidx_start = .
 *(.ARM.exidx*)
 .ARM.exidx     0x0800c3a8        0x8 C:/ST/STM32CubeIDE_1.17.0/STM32CubeIDE/plugins/com.st.stm32cube.ide.mcu.externaltools.gnu-tools-for-stm32.12.3.rel1.win32_1.1.0.202410251130/tools/bin/../lib/gcc/arm-none-eabi/12.3.1/../../../../arm-none-eabi/lib/thumb/v7e-m+fp/hard\libc_nano.a(libc_a-strlen.o)
 .ARM.exidx     0x0800c3b0        0x0 C:/ST/STM32CubeIDE_1.17.0/STM32CubeIDE/plugins/com.st.stm32cube.ide.mcu.externaltools.gnu-tools-for-stm32.12.3.rel1.win32_1.1.0.202410251130/tools/bin/../lib/gcc/arm-none-eabi/12.3.1/../../../../arm-none-eabi/lib/thumb/v7e-m+fp/hard\libc_nano.a(libc_a-memchr.o)
                                  0x8 (size before relaxing)
 .ARM.exidx     0x0800c3b0        0x0 C:/ST/STM32CubeIDE_1.17.0/STM32CubeIDE/plugins/com.st.stm32cube.ide.mcu.externaltools.gnu-tools-for-stm32.12.3.rel1.win32_1.1.0.202410251130/tools/bin/../lib/gcc/arm-none-eabi/12.3.1/thumb/v7e-m+fp/hard\libgcc.a(_udivmoddi4.o)
                                  0x8 (size before relaxing)
                0x0800c3b0                        __exidx_end = .
                0x0800c3b0                        . = ALIGN (0x4)

.preinit_array  0x0800c3b0        0x0
                0x0800c3b0                        . = ALIGN (0x4)
                0x0800c3b0                        PROVIDE (__preinit_array_start = .)
 *(.preinit_array*)
                0x0800c3b0                        PROVIDE (__preinit_array_end = .)
                0x0800c3b0                        . = ALIGN (0x4)

.init_array     0x0800c3b0        0x4
                0x0800c3b0                        . = ALIGN (0x4)
                0x0800c3b0                        PROVIDE (__init_array_start = .)
 *(SORT_BY_NAME(.init_array.*))
 *(.init_array*)
 .init_array    0x0800c3b0        0x4 C:/ST/STM32CubeIDE_1.17.0/STM32CubeIDE/plugins/com.st.stm32cube.ide.mcu.externaltools.gnu-tools-for-stm32.12.3.rel1.win32_1.1.0.202410251130/tools/bin/../lib/gcc/arm-none-eabi/12.3.1/thumb/v7e-m+fp/hard/crtbegin.o
                0x0800c3b4                        PROVIDE (__init_array_end = .)
                0x0800c3b4                        . = ALIGN (0x4)

.fini_array     0x0800c3b4        0x4
                0x0800c3b4                        . = ALIGN (0x4)
                [!provide]                        PROVIDE (__fini_array_start = .)
 *(SORT_BY_NAME(.fini_array.*))
 *(.fini_array*)
 .fini_array    0x0800c3b4        0x4 C:/ST/STM32CubeIDE_1.17.0/STM32CubeIDE/plugins/com.st.stm32cube.ide.mcu.externaltools.gnu-tools-for-stm32.12.3.rel1.win32_1.1.0.202410251130/tools/bin/../lib/gcc/arm-none-eabi/12.3.1/thumb/v7e-m+fp/hard/crtbegin.o
                [!provide]                        PROVIDE (__fini_array_end = .)
                0x0800c3b8                        . = ALIGN (0x4)
                0x0800c3b8                        _sidata = LOADADDR (.data)

.rel.dyn        0x0800c3b8        0x0
 .rel.iplt      0x0800c3b8        0x0 C:/ST/STM32CubeIDE_1.17.0/STM32CubeIDE/plugins/com.st.stm32cube.ide.mcu.externaltools.gnu-tools-for-stm32.12.3.rel1.win32_1.1.0.202410251130/tools/bin/../lib/gcc/arm-none-eabi/12.3.1/thumb/v7e-m+fp/hard/crtbegin.o

.data           0x20000000       0x80 load address 0x0800c3b8
                0x20000000                        . = ALIGN (0x4)
                0x20000000                        _sdata = .
 *(.data)
 *(.data*)
 .data.rotation
                0x20000000        0x2 ./Core/Src/Block_Driver.o
                0x20000000                rotation
 .data.CurrentTextColor
                0x20000002        0x2 ./Core/Src/LCD_Driver.o
 .data.Font16x24
                0x20000004        0x8 ./Core/Src/fonts.o
                0x20000004                Font16x24
 .data.SpiTimeout
                0x2000000c        0x4 ./Core/Src/ili9341.o
                0x2000000c                SpiTimeout
 .data.SystemCoreClock
                0x20000010        0x4 ./Core/Src/system_stm32f4xx.o
                0x20000010                SystemCoreClock
 .data.uwTickPrio
                0x20000014        0x4 ./Drivers/STM32F4xx_HAL_Driver/Src/stm32f4xx_hal.o
                0x20000014                uwTickPrio
 .data.uwTickFreq
                0x20000018        0x1 ./Drivers/STM32F4xx_HAL_Driver/Src/stm32f4xx_hal.o
                0x20000018                uwTickFreq
 *fill*         0x20000019        0x3 
 .data.supports_ext_stdout_stderr
                0x2000001c        0x4 C:/ST/STM32CubeIDE_1.17.0/STM32CubeIDE/plugins/com.st.stm32cube.ide.mcu.externaltools.gnu-tools-for-stm32.12.3.rel1.win32_1.1.0.202410251130/tools/bin/../lib/gcc/arm-none-eabi/12.3.1/../../../../arm-none-eabi/lib/thumb/v7e-m+fp/hard\librdimon_nano.a(arm_librdimon_a-syscalls.o)
 .data.supports_ext_exit_extended
                0x20000020        0x4 C:/ST/STM32CubeIDE_1.17.0/STM32CubeIDE/plugins/com.st.stm32cube.ide.mcu.externaltools.gnu-tools-for-stm32.12.3.rel1.win32_1.1.0.202410251130/tools/bin/../lib/gcc/arm-none-eabi/12.3.1/../../../../arm-none-eabi/lib/thumb/v7e-m+fp/hard\librdimon_nano.a(arm_librdimon_a-syscalls.o)
 .data.__sglue  0x20000024        0xc C:/ST/STM32CubeIDE_1.17.0/STM32CubeIDE/plugins/com.st.stm32cube.ide.mcu.externaltools.gnu-tools-for-stm32.12.3.rel1.win32_1.1.0.202410251130/tools/bin/../lib/gcc/arm-none-eabi/12.3.1/../../../../arm-none-eabi/lib/thumb/v7e-m+fp/hard\libc_nano.a(libc_a-findfp.o)
                0x20000024                __sglue
 .data._impure_ptr
                0x20000030        0x4 C:/ST/STM32CubeIDE_1.17.0/STM32CubeIDE/plugins/com.st.stm32cube.ide.mcu.externaltools.gnu-tools-for-stm32.12.3.rel1.win32_1.1.0.202410251130/tools/bin/../lib/gcc/arm-none-eabi/12.3.1/../../../../arm-none-eabi/lib/thumb/v7e-m+fp/hard\libc_nano.a(libc_a-impure.o)
                0x20000030                _impure_ptr
 .data._impure_data
                0x20000034       0x4c C:/ST/STM32CubeIDE_1.17.0/STM32CubeIDE/plugins/com.st.stm32cube.ide.mcu.externaltools.gnu-tools-for-stm32.12.3.rel1.win32_1.1.0.202410251130/tools/bin/../lib/gcc/arm-none-eabi/12.3.1/../../../../arm-none-eabi/lib/thumb/v7e-m+fp/hard\libc_nano.a(libc_a-impure.o)
                0x20000034                _impure_data
 *(.RamFunc)
 *(.RamFunc*)
                0x20000080                        . = ALIGN (0x4)
                0x20000080                        _edata = .
                0x0800c438                        _siccmram = LOADADDR (.ccmram)

.igot.plt       0x20000080        0x0 load address 0x0800c438
 .igot.plt      0x20000080        0x0 C:/ST/STM32CubeIDE_1.17.0/STM32CubeIDE/plugins/com.st.stm32cube.ide.mcu.externaltools.gnu-tools-for-stm32.12.3.rel1.win32_1.1.0.202410251130/tools/bin/../lib/gcc/arm-none-eabi/12.3.1/thumb/v7e-m+fp/hard/crtbegin.o

.ccmram         0x10000000        0x0 load address 0x0800c438
                0x10000000                        . = ALIGN (0x4)
                0x10000000                        _sccmram = .
 *(.ccmram)
 *(.ccmram*)
                0x10000000                        . = ALIGN (0x4)
                0x10000000                        _eccmram = .
                0x10000000                        . = ALIGN (0x4)

.bss            0x20000080    0x25eb4
                0x20000080                        _sbss = .
                0x20000080                        __bss_start__ = _sbss
 *(.bss)
 .bss           0x20000080       0x1c C:/ST/STM32CubeIDE_1.17.0/STM32CubeIDE/plugins/com.st.stm32cube.ide.mcu.externaltools.gnu-tools-for-stm32.12.3.rel1.win32_1.1.0.202410251130/tools/bin/../lib/gcc/arm-none-eabi/12.3.1/thumb/v7e-m+fp/hard/crtbegin.o
 *(.bss*)
 .bss.StaticTouchData
                0x2000009c        0x8 ./Core/Src/ApplicationCode.o
 .bss.LCDTouchIRQ
                0x200000a4        0x8 ./Core/Src/ApplicationCode.o
 .bss.statusFlag
                0x200000ac        0x1 ./Core/Src/ApplicationCode.o
 *fill*         0x200000ad        0x3 
 .bss.count.0   0x200000b0        0x4 ./Core/Src/ApplicationCode.o
 .bss.board     0x200000b4      0x140 ./Core/Src/Block_Driver.o
                0x200000b4                board
 .bss.game      0x200001f4      0x140 ./Core/Src/Block_Driver.o
                0x200001f4                game
 .bss.x1_pos    0x20000334        0x2 ./Core/Src/Block_Driver.o
                0x20000334                x1_pos
 .bss.y1_pos    0x20000336        0x2 ./Core/Src/Block_Driver.o
                0x20000336                y1_pos
 .bss.x2_pos    0x20000338        0x2 ./Core/Src/Block_Driver.o
                0x20000338                x2_pos
 .bss.y2_pos    0x2000033a        0x2 ./Core/Src/Block_Driver.o
                0x2000033a                y2_pos
 .bss.x3_pos    0x2000033c        0x2 ./Core/Src/Block_Driver.o
                0x2000033c                x3_pos
 .bss.y3_pos    0x2000033e        0x2 ./Core/Src/Block_Driver.o
                0x2000033e                y3_pos
 .bss.x4_pos    0x20000340        0x2 ./Core/Src/Block_Driver.o
                0x20000340                x4_pos
 .bss.y4_pos    0x20000342        0x2 ./Core/Src/Block_Driver.o
                0x20000342                y4_pos
 .bss.block     0x20000344        0x2 ./Core/Src/Block_Driver.o
                0x20000344                block
 *fill*         0x20000346        0x2 
 .bss.hltdc     0x20000348       0xa8 ./Core/Src/LCD_Driver.o
 .bss.PeriphClkInitStruct
                0x200003f0       0x30 ./Core/Src/LCD_Driver.o
 .bss.LCD_Currentfonts
                0x20000420        0x4 ./Core/Src/LCD_Driver.o
 .bss.frameBuffer
                0x20000424    0x25800 ./Core/Src/LCD_Driver.o
                0x20000424                frameBuffer
 .bss.RNG_1     0x20025c24       0x10 ./Core/Src/RNG_Driver.o
 .bss.scheduledEvents
                0x20025c34        0x4 ./Core/Src/Scheduler.o
 .bss.Timer2    0x20025c38       0x48 ./Core/Src/Timer_Driver.o
                0x20025c38                Timer2
 .bss.SpiHandle
                0x20025c80       0x58 ./Core/Src/ili9341.o
 .bss.Is_LCD_IO_Initialized
                0x20025cd8        0x1 ./Core/Src/ili9341.o
 *fill*         0x20025cd9        0x3 
 .bss.hI2C3     0x20025cdc       0x54 ./Core/Src/stmpe811.o
 .bss.HAL_status
                0x20025d30        0x1 ./Core/Src/stmpe811.o
 *fill*         0x20025d31        0x3 
 .bss.__sbrk_heap_end
                0x20025d34        0x4 ./Core/Src/sysmem.o
 .bss.uwTick    0x20025d38        0x4 ./Drivers/STM32F4xx_HAL_Driver/Src/stm32f4xx_hal.o
                0x20025d38                uwTick
 .bss.monitor_stderr
                0x20025d3c        0x4 C:/ST/STM32CubeIDE_1.17.0/STM32CubeIDE/plugins/com.st.stm32cube.ide.mcu.externaltools.gnu-tools-for-stm32.12.3.rel1.win32_1.1.0.202410251130/tools/bin/../lib/gcc/arm-none-eabi/12.3.1/../../../../arm-none-eabi/lib/thumb/v7e-m+fp/hard\librdimon_nano.a(arm_librdimon_a-syscalls.o)
 .bss.monitor_stdout
                0x20025d40        0x4 C:/ST/STM32CubeIDE_1.17.0/STM32CubeIDE/plugins/com.st.stm32cube.ide.mcu.externaltools.gnu-tools-for-stm32.12.3.rel1.win32_1.1.0.202410251130/tools/bin/../lib/gcc/arm-none-eabi/12.3.1/../../../../arm-none-eabi/lib/thumb/v7e-m+fp/hard\librdimon_nano.a(arm_librdimon_a-syscalls.o)
 .bss.monitor_stdin
                0x20025d44        0x4 C:/ST/STM32CubeIDE_1.17.0/STM32CubeIDE/plugins/com.st.stm32cube.ide.mcu.externaltools.gnu-tools-for-stm32.12.3.rel1.win32_1.1.0.202410251130/tools/bin/../lib/gcc/arm-none-eabi/12.3.1/../../../../arm-none-eabi/lib/thumb/v7e-m+fp/hard\librdimon_nano.a(arm_librdimon_a-syscalls.o)
 .bss.openfiles
                0x20025d48       0xa0 C:/ST/STM32CubeIDE_1.17.0/STM32CubeIDE/plugins/com.st.stm32cube.ide.mcu.externaltools.gnu-tools-for-stm32.12.3.rel1.win32_1.1.0.202410251130/tools/bin/../lib/gcc/arm-none-eabi/12.3.1/../../../../arm-none-eabi/lib/thumb/v7e-m+fp/hard\librdimon_nano.a(arm_librdimon_a-syscalls.o)
 .bss.__sf      0x20025de8      0x138 C:/ST/STM32CubeIDE_1.17.0/STM32CubeIDE/plugins/com.st.stm32cube.ide.mcu.externaltools.gnu-tools-for-stm32.12.3.rel1.win32_1.1.0.202410251130/tools/bin/../lib/gcc/arm-none-eabi/12.3.1/../../../../arm-none-eabi/lib/thumb/v7e-m+fp/hard\libc_nano.a(libc_a-findfp.o)
                0x20025de8                __sf
 .bss.__stdio_exit_handler
                0x20025f20        0x4 C:/ST/STM32CubeIDE_1.17.0/STM32CubeIDE/plugins/com.st.stm32cube.ide.mcu.externaltools.gnu-tools-for-stm32.12.3.rel1.win32_1.1.0.202410251130/tools/bin/../lib/gcc/arm-none-eabi/12.3.1/../../../../arm-none-eabi/lib/thumb/v7e-m+fp/hard\libc_nano.a(libc_a-findfp.o)
                0x20025f20                __stdio_exit_handler
 .bss.errno     0x20025f24        0x4 C:/ST/STM32CubeIDE_1.17.0/STM32CubeIDE/plugins/com.st.stm32cube.ide.mcu.externaltools.gnu-tools-for-stm32.12.3.rel1.win32_1.1.0.202410251130/tools/bin/../lib/gcc/arm-none-eabi/12.3.1/../../../../arm-none-eabi/lib/thumb/v7e-m+fp/hard\libc_nano.a(libc_a-reent.o)
                0x20025f24                errno
 .bss.__lock___malloc_recursive_mutex
                0x20025f28        0x1 C:/ST/STM32CubeIDE_1.17.0/STM32CubeIDE/plugins/com.st.stm32cube.ide.mcu.externaltools.gnu-tools-for-stm32.12.3.rel1.win32_1.1.0.202410251130/tools/bin/../lib/gcc/arm-none-eabi/12.3.1/../../../../arm-none-eabi/lib/thumb/v7e-m+fp/hard\libc_nano.a(libc_a-lock.o)
                0x20025f28                __lock___malloc_recursive_mutex
 .bss.__lock___sfp_recursive_mutex
                0x20025f29        0x1 C:/ST/STM32CubeIDE_1.17.0/STM32CubeIDE/plugins/com.st.stm32cube.ide.mcu.externaltools.gnu-tools-for-stm32.12.3.rel1.win32_1.1.0.202410251130/tools/bin/../lib/gcc/arm-none-eabi/12.3.1/../../../../arm-none-eabi/lib/thumb/v7e-m+fp/hard\libc_nano.a(libc_a-lock.o)
                0x20025f29                __lock___sfp_recursive_mutex
 *fill*         0x20025f2a        0x2 
 .bss.__malloc_sbrk_start
                0x20025f2c        0x4 C:/ST/STM32CubeIDE_1.17.0/STM32CubeIDE/plugins/com.st.stm32cube.ide.mcu.externaltools.gnu-tools-for-stm32.12.3.rel1.win32_1.1.0.202410251130/tools/bin/../lib/gcc/arm-none-eabi/12.3.1/../../../../arm-none-eabi/lib/thumb/v7e-m+fp/hard\libc_nano.a(libc_a-mallocr.o)
                0x20025f2c                __malloc_sbrk_start
 .bss.__malloc_free_list
                0x20025f30        0x4 C:/ST/STM32CubeIDE_1.17.0/STM32CubeIDE/plugins/com.st.stm32cube.ide.mcu.externaltools.gnu-tools-for-stm32.12.3.rel1.win32_1.1.0.202410251130/tools/bin/../lib/gcc/arm-none-eabi/12.3.1/../../../../arm-none-eabi/lib/thumb/v7e-m+fp/hard\libc_nano.a(libc_a-mallocr.o)
                0x20025f30                __malloc_free_list
 *(COMMON)
                0x20025f34                        . = ALIGN (0x4)
                0x20025f34                        _ebss = .
                0x20025f34                        __bss_end__ = _ebss

._user_heap_stack
                0x20025f34      0x604
                0x20025f38                        . = ALIGN (0x8)
 *fill*         0x20025f34        0x4 
                0x20025f38                        PROVIDE (end = .)
                0x20025f38                        PROVIDE (_end = .)
                0x20026138                        . = (. + _Min_Heap_Size)
 *fill*         0x20025f38      0x200 
                0x20026538                        . = (. + _Min_Stack_Size)
 *fill*         0x20026138      0x400 
                0x20026538                        . = ALIGN (0x8)

/DISCARD/
 libc.a(*)
 libm.a(*)
 libgcc.a(*)

.ARM.attributes
                0x00000000       0x30
 *(.ARM.attributes)
 .ARM.attributes
                0x00000000       0x22 C:/ST/STM32CubeIDE_1.17.0/STM32CubeIDE/plugins/com.st.stm32cube.ide.mcu.externaltools.gnu-tools-for-stm32.12.3.rel1.win32_1.1.0.202410251130/tools/bin/../lib/gcc/arm-none-eabi/12.3.1/thumb/v7e-m+fp/hard/crti.o
 .ARM.attributes
                0x00000022       0x34 C:/ST/STM32CubeIDE_1.17.0/STM32CubeIDE/plugins/com.st.stm32cube.ide.mcu.externaltools.gnu-tools-for-stm32.12.3.rel1.win32_1.1.0.202410251130/tools/bin/../lib/gcc/arm-none-eabi/12.3.1/thumb/v7e-m+fp/hard/crtbegin.o
 .ARM.attributes
                0x00000056       0x34 ./Core/Src/ApplicationCode.o
 .ARM.attributes
                0x0000008a       0x34 ./Core/Src/Block_Driver.o
 .ARM.attributes
                0x000000be       0x34 ./Core/Src/Button_Driver.o
 .ARM.attributes
                0x000000f2       0x34 ./Core/Src/InterruptControl.o
 .ARM.attributes
                0x00000126       0x34 ./Core/Src/LCD_Driver.o
 .ARM.attributes
                0x0000015a       0x34 ./Core/Src/RNG_Driver.o
 .ARM.attributes
                0x0000018e       0x34 ./Core/Src/Scheduler.o
 .ARM.attributes
                0x000001c2       0x34 ./Core/Src/Timer_Driver.o
 .ARM.attributes
                0x000001f6       0x34 ./Core/Src/fonts.o
 .ARM.attributes
                0x0000022a       0x34 ./Core/Src/ili9341.o
 .ARM.attributes
                0x0000025e       0x34 ./Core/Src/main.o
 .ARM.attributes
                0x00000292       0x34 ./Core/Src/stm32f4xx_hal_msp.o
 .ARM.attributes
                0x000002c6       0x34 ./Core/Src/stm32f4xx_it.o
 .ARM.attributes
                0x000002fa       0x34 ./Core/Src/stmpe811.o
 .ARM.attributes
                0x0000032e       0x34 ./Core/Src/sysmem.o
 .ARM.attributes
                0x00000362       0x34 ./Core/Src/system_stm32f4xx.o
 .ARM.attributes
                0x00000396       0x21 ./Core/Startup/startup_stm32f429zitx.o
 .ARM.attributes
                0x000003b7       0x34 ./Drivers/STM32F4xx_HAL_Driver/Src/stm32f4xx_hal.o
 .ARM.attributes
                0x000003eb       0x34 ./Drivers/STM32F4xx_HAL_Driver/Src/stm32f4xx_hal_cortex.o
 .ARM.attributes
                0x0000041f       0x34 ./Drivers/STM32F4xx_HAL_Driver/Src/stm32f4xx_hal_exti.o
 .ARM.attributes
                0x00000453       0x34 ./Drivers/STM32F4xx_HAL_Driver/Src/stm32f4xx_hal_gpio.o
 .ARM.attributes
                0x00000487       0x34 ./Drivers/STM32F4xx_HAL_Driver/Src/stm32f4xx_hal_i2c.o
 .ARM.attributes
                0x000004bb       0x34 ./Drivers/STM32F4xx_HAL_Driver/Src/stm32f4xx_hal_ltdc.o
 .ARM.attributes
                0x000004ef       0x34 ./Drivers/STM32F4xx_HAL_Driver/Src/stm32f4xx_hal_rcc.o
 .ARM.attributes
                0x00000523       0x34 ./Drivers/STM32F4xx_HAL_Driver/Src/stm32f4xx_hal_rcc_ex.o
 .ARM.attributes
                0x00000557       0x34 ./Drivers/STM32F4xx_HAL_Driver/Src/stm32f4xx_hal_rng.o
 .ARM.attributes
                0x0000058b       0x34 ./Drivers/STM32F4xx_HAL_Driver/Src/stm32f4xx_hal_spi.o
 .ARM.attributes
                0x000005bf       0x34 C:/ST/STM32CubeIDE_1.17.0/STM32CubeIDE/plugins/com.st.stm32cube.ide.mcu.externaltools.gnu-tools-for-stm32.12.3.rel1.win32_1.1.0.202410251130/tools/bin/../lib/gcc/arm-none-eabi/12.3.1/../../../../arm-none-eabi/lib/thumb/v7e-m+fp/hard\librdimon_nano.a(arm_librdimon_a-syscalls.o)
 .ARM.attributes
                0x000005f3       0x34 C:/ST/STM32CubeIDE_1.17.0/STM32CubeIDE/plugins/com.st.stm32cube.ide.mcu.externaltools.gnu-tools-for-stm32.12.3.rel1.win32_1.1.0.202410251130/tools/bin/../lib/gcc/arm-none-eabi/12.3.1/../../../../arm-none-eabi/lib/thumb/v7e-m+fp/hard\libc_nano.a(libc_a-itoa.o)
 .ARM.attributes
                0x00000627       0x34 C:/ST/STM32CubeIDE_1.17.0/STM32CubeIDE/plugins/com.st.stm32cube.ide.mcu.externaltools.gnu-tools-for-stm32.12.3.rel1.win32_1.1.0.202410251130/tools/bin/../lib/gcc/arm-none-eabi/12.3.1/../../../../arm-none-eabi/lib/thumb/v7e-m+fp/hard\libc_nano.a(libc_a-utoa.o)
 .ARM.attributes
                0x0000065b       0x34 C:/ST/STM32CubeIDE_1.17.0/STM32CubeIDE/plugins/com.st.stm32cube.ide.mcu.externaltools.gnu-tools-for-stm32.12.3.rel1.win32_1.1.0.202410251130/tools/bin/../lib/gcc/arm-none-eabi/12.3.1/../../../../arm-none-eabi/lib/thumb/v7e-m+fp/hard\libc_nano.a(libc_a-findfp.o)
 .ARM.attributes
                0x0000068f       0x34 C:/ST/STM32CubeIDE_1.17.0/STM32CubeIDE/plugins/com.st.stm32cube.ide.mcu.externaltools.gnu-tools-for-stm32.12.3.rel1.win32_1.1.0.202410251130/tools/bin/../lib/gcc/arm-none-eabi/12.3.1/../../../../arm-none-eabi/lib/thumb/v7e-m+fp/hard\libc_nano.a(libc_a-fwalk.o)
 .ARM.attributes
                0x000006c3       0x34 C:/ST/STM32CubeIDE_1.17.0/STM32CubeIDE/plugins/com.st.stm32cube.ide.mcu.externaltools.gnu-tools-for-stm32.12.3.rel1.win32_1.1.0.202410251130/tools/bin/../lib/gcc/arm-none-eabi/12.3.1/../../../../arm-none-eabi/lib/thumb/v7e-m+fp/hard\libc_nano.a(libc_a-printf.o)
 .ARM.attributes
                0x000006f7       0x34 C:/ST/STM32CubeIDE_1.17.0/STM32CubeIDE/plugins/com.st.stm32cube.ide.mcu.externaltools.gnu-tools-for-stm32.12.3.rel1.win32_1.1.0.202410251130/tools/bin/../lib/gcc/arm-none-eabi/12.3.1/../../../../arm-none-eabi/lib/thumb/v7e-m+fp/hard\libc_nano.a(libc_a-puts.o)
 .ARM.attributes
                0x0000072b       0x34 C:/ST/STM32CubeIDE_1.17.0/STM32CubeIDE/plugins/com.st.stm32cube.ide.mcu.externaltools.gnu-tools-for-stm32.12.3.rel1.win32_1.1.0.202410251130/tools/bin/../lib/gcc/arm-none-eabi/12.3.1/../../../../arm-none-eabi/lib/thumb/v7e-m+fp/hard\libc_nano.a(libc_a-stdio.o)
 .ARM.attributes
                0x0000075f       0x34 C:/ST/STM32CubeIDE_1.17.0/STM32CubeIDE/plugins/com.st.stm32cube.ide.mcu.externaltools.gnu-tools-for-stm32.12.3.rel1.win32_1.1.0.202410251130/tools/bin/../lib/gcc/arm-none-eabi/12.3.1/../../../../arm-none-eabi/lib/thumb/v7e-m+fp/hard\libc_nano.a(libc_a-wbuf.o)
 .ARM.attributes
                0x00000793       0x34 C:/ST/STM32CubeIDE_1.17.0/STM32CubeIDE/plugins/com.st.stm32cube.ide.mcu.externaltools.gnu-tools-for-stm32.12.3.rel1.win32_1.1.0.202410251130/tools/bin/../lib/gcc/arm-none-eabi/12.3.1/../../../../arm-none-eabi/lib/thumb/v7e-m+fp/hard\libc_nano.a(libc_a-wsetup.o)
 .ARM.attributes
                0x000007c7       0x34 C:/ST/STM32CubeIDE_1.17.0/STM32CubeIDE/plugins/com.st.stm32cube.ide.mcu.externaltools.gnu-tools-for-stm32.12.3.rel1.win32_1.1.0.202410251130/tools/bin/../lib/gcc/arm-none-eabi/12.3.1/../../../../arm-none-eabi/lib/thumb/v7e-m+fp/hard\libc_nano.a(libc_a-memset.o)
 .ARM.attributes
                0x000007fb       0x34 C:/ST/STM32CubeIDE_1.17.0/STM32CubeIDE/plugins/com.st.stm32cube.ide.mcu.externaltools.gnu-tools-for-stm32.12.3.rel1.win32_1.1.0.202410251130/tools/bin/../lib/gcc/arm-none-eabi/12.3.1/../../../../arm-none-eabi/lib/thumb/v7e-m+fp/hard\libc_nano.a(libc_a-closer.o)
 .ARM.attributes
                0x0000082f       0x34 C:/ST/STM32CubeIDE_1.17.0/STM32CubeIDE/plugins/com.st.stm32cube.ide.mcu.externaltools.gnu-tools-for-stm32.12.3.rel1.win32_1.1.0.202410251130/tools/bin/../lib/gcc/arm-none-eabi/12.3.1/../../../../arm-none-eabi/lib/thumb/v7e-m+fp/hard\libc_nano.a(libc_a-reent.o)
 .ARM.attributes
                0x00000863       0x34 C:/ST/STM32CubeIDE_1.17.0/STM32CubeIDE/plugins/com.st.stm32cube.ide.mcu.externaltools.gnu-tools-for-stm32.12.3.rel1.win32_1.1.0.202410251130/tools/bin/../lib/gcc/arm-none-eabi/12.3.1/../../../../arm-none-eabi/lib/thumb/v7e-m+fp/hard\libc_nano.a(libc_a-impure.o)
 .ARM.attributes
                0x00000897       0x34 C:/ST/STM32CubeIDE_1.17.0/STM32CubeIDE/plugins/com.st.stm32cube.ide.mcu.externaltools.gnu-tools-for-stm32.12.3.rel1.win32_1.1.0.202410251130/tools/bin/../lib/gcc/arm-none-eabi/12.3.1/../../../../arm-none-eabi/lib/thumb/v7e-m+fp/hard\libc_nano.a(libc_a-lseekr.o)
 .ARM.attributes
                0x000008cb       0x34 C:/ST/STM32CubeIDE_1.17.0/STM32CubeIDE/plugins/com.st.stm32cube.ide.mcu.externaltools.gnu-tools-for-stm32.12.3.rel1.win32_1.1.0.202410251130/tools/bin/../lib/gcc/arm-none-eabi/12.3.1/../../../../arm-none-eabi/lib/thumb/v7e-m+fp/hard\libc_nano.a(libc_a-readr.o)
 .ARM.attributes
                0x000008ff       0x34 C:/ST/STM32CubeIDE_1.17.0/STM32CubeIDE/plugins/com.st.stm32cube.ide.mcu.externaltools.gnu-tools-for-stm32.12.3.rel1.win32_1.1.0.202410251130/tools/bin/../lib/gcc/arm-none-eabi/12.3.1/../../../../arm-none-eabi/lib/thumb/v7e-m+fp/hard\libc_nano.a(libc_a-writer.o)
 .ARM.attributes
                0x00000933       0x34 C:/ST/STM32CubeIDE_1.17.0/STM32CubeIDE/plugins/com.st.stm32cube.ide.mcu.externaltools.gnu-tools-for-stm32.12.3.rel1.win32_1.1.0.202410251130/tools/bin/../lib/gcc/arm-none-eabi/12.3.1/../../../../arm-none-eabi/lib/thumb/v7e-m+fp/hard\libc_nano.a(libc_a-errno.o)
 .ARM.attributes
                0x00000967       0x34 C:/ST/STM32CubeIDE_1.17.0/STM32CubeIDE/plugins/com.st.stm32cube.ide.mcu.externaltools.gnu-tools-for-stm32.12.3.rel1.win32_1.1.0.202410251130/tools/bin/../lib/gcc/arm-none-eabi/12.3.1/../../../../arm-none-eabi/lib/thumb/v7e-m+fp/hard\libc_nano.a(libc_a-init.o)
 .ARM.attributes
                0x0000099b       0x34 C:/ST/STM32CubeIDE_1.17.0/STM32CubeIDE/plugins/com.st.stm32cube.ide.mcu.externaltools.gnu-tools-for-stm32.12.3.rel1.win32_1.1.0.202410251130/tools/bin/../lib/gcc/arm-none-eabi/12.3.1/../../../../arm-none-eabi/lib/thumb/v7e-m+fp/hard\libc_nano.a(libc_a-lock.o)
 .ARM.attributes
                0x000009cf       0x17 C:/ST/STM32CubeIDE_1.17.0/STM32CubeIDE/plugins/com.st.stm32cube.ide.mcu.externaltools.gnu-tools-for-stm32.12.3.rel1.win32_1.1.0.202410251130/tools/bin/../lib/gcc/arm-none-eabi/12.3.1/../../../../arm-none-eabi/lib/thumb/v7e-m+fp/hard\libc_nano.a(libc_a-strlen.o)
 .ARM.attributes
                0x000009e6       0x34 C:/ST/STM32CubeIDE_1.17.0/STM32CubeIDE/plugins/com.st.stm32cube.ide.mcu.externaltools.gnu-tools-for-stm32.12.3.rel1.win32_1.1.0.202410251130/tools/bin/../lib/gcc/arm-none-eabi/12.3.1/../../../../arm-none-eabi/lib/thumb/v7e-m+fp/hard\libc_nano.a(libc_a-freer.o)
 .ARM.attributes
                0x00000a1a       0x34 C:/ST/STM32CubeIDE_1.17.0/STM32CubeIDE/plugins/com.st.stm32cube.ide.mcu.externaltools.gnu-tools-for-stm32.12.3.rel1.win32_1.1.0.202410251130/tools/bin/../lib/gcc/arm-none-eabi/12.3.1/../../../../arm-none-eabi/lib/thumb/v7e-m+fp/hard\libc_nano.a(libc_a-mallocr.o)
 .ARM.attributes
                0x00000a4e       0x34 C:/ST/STM32CubeIDE_1.17.0/STM32CubeIDE/plugins/com.st.stm32cube.ide.mcu.externaltools.gnu-tools-for-stm32.12.3.rel1.win32_1.1.0.202410251130/tools/bin/../lib/gcc/arm-none-eabi/12.3.1/../../../../arm-none-eabi/lib/thumb/v7e-m+fp/hard\libc_nano.a(libc_a-mlock.o)
 .ARM.attributes
                0x00000a82       0x34 C:/ST/STM32CubeIDE_1.17.0/STM32CubeIDE/plugins/com.st.stm32cube.ide.mcu.externaltools.gnu-tools-for-stm32.12.3.rel1.win32_1.1.0.202410251130/tools/bin/../lib/gcc/arm-none-eabi/12.3.1/../../../../arm-none-eabi/lib/thumb/v7e-m+fp/hard\libc_nano.a(libc_a-nano-vfprintf.o)
 .ARM.attributes
                0x00000ab6       0x34 C:/ST/STM32CubeIDE_1.17.0/STM32CubeIDE/plugins/com.st.stm32cube.ide.mcu.externaltools.gnu-tools-for-stm32.12.3.rel1.win32_1.1.0.202410251130/tools/bin/../lib/gcc/arm-none-eabi/12.3.1/../../../../arm-none-eabi/lib/thumb/v7e-m+fp/hard\libc_nano.a(libc_a-nano-vfprintf_i.o)
 .ARM.attributes
                0x00000aea       0x34 C:/ST/STM32CubeIDE_1.17.0/STM32CubeIDE/plugins/com.st.stm32cube.ide.mcu.externaltools.gnu-tools-for-stm32.12.3.rel1.win32_1.1.0.202410251130/tools/bin/../lib/gcc/arm-none-eabi/12.3.1/../../../../arm-none-eabi/lib/thumb/v7e-m+fp/hard\libc_nano.a(libc_a-fflush.o)
 .ARM.attributes
                0x00000b1e       0x34 C:/ST/STM32CubeIDE_1.17.0/STM32CubeIDE/plugins/com.st.stm32cube.ide.mcu.externaltools.gnu-tools-for-stm32.12.3.rel1.win32_1.1.0.202410251130/tools/bin/../lib/gcc/arm-none-eabi/12.3.1/../../../../arm-none-eabi/lib/thumb/v7e-m+fp/hard\libc_nano.a(libc_a-makebuf.o)
 .ARM.attributes
                0x00000b52       0x34 C:/ST/STM32CubeIDE_1.17.0/STM32CubeIDE/plugins/com.st.stm32cube.ide.mcu.externaltools.gnu-tools-for-stm32.12.3.rel1.win32_1.1.0.202410251130/tools/bin/../lib/gcc/arm-none-eabi/12.3.1/../../../../arm-none-eabi/lib/thumb/v7e-m+fp/hard\libc_nano.a(libc_a-fstatr.o)
 .ARM.attributes
                0x00000b86       0x34 C:/ST/STM32CubeIDE_1.17.0/STM32CubeIDE/plugins/com.st.stm32cube.ide.mcu.externaltools.gnu-tools-for-stm32.12.3.rel1.win32_1.1.0.202410251130/tools/bin/../lib/gcc/arm-none-eabi/12.3.1/../../../../arm-none-eabi/lib/thumb/v7e-m+fp/hard\libc_nano.a(libc_a-isattyr.o)
 .ARM.attributes
                0x00000bba       0x34 C:/ST/STM32CubeIDE_1.17.0/STM32CubeIDE/plugins/com.st.stm32cube.ide.mcu.externaltools.gnu-tools-for-stm32.12.3.rel1.win32_1.1.0.202410251130/tools/bin/../lib/gcc/arm-none-eabi/12.3.1/../../../../arm-none-eabi/lib/thumb/v7e-m+fp/hard\libc_nano.a(libc_a-sbrkr.o)
 .ARM.attributes