../Core/Src/ApplicationCode.c:24:6:ApplicationInit	8	static
../Core/Src/ApplicationCode.c:47:6:LCD_Visual_Demo	8	static
../Core/Src/ApplicationCode.c:54:6:LCD_Touch_Polling_Demo	8	static
../Core/Src/ApplicationCode.c:75:6:spawnBlock	8	static
../Core/Src/ApplicationCode.c:80:6:spawnSquare	8	static
../Core/Src/ApplicationCode.c:85:6:spawnRect	8	static
../Core/Src/ApplicationCode.c:90:6:spawnS	8	static
../Core/Src/ApplicationCode.c:95:6:spawnZ	8	static
../Core/Src/ApplicationCode.c:100:6:gameRun	8	static
../Core/Src/ApplicationCode.c:107:6:LCDTouchScreenInterruptGPIOInit	32	static
../Core/Src/ApplicationCode.c:132:6:EXTI15_10_IRQHandler	16	static
../Core/Src/ApplicationCode.c:194:6:EXTI0_IRQHandler	8	static
