../Drivers/CMSIS/Include/core_cm4.h:1684:22:__NVIC_EnableIRQ	16	static,ignoring_inline_asm
../Drivers/CMSIS/Include/core_cm4.h:1722:22:__NVIC_DisableIRQ	16	static,ignoring_inline_asm
../Core/Src/ApplicationCode.c:23:6:gameRun	8	static
../Core/Src/ApplicationCode.c:27:6:ApplicationInit	8	static
../Core/Src/ApplicationCode.c:51:6:LCD_Visual_Demo	8	static
../Core/Src/ApplicationCode.c:57:6:LCD_Touch_Polling_Demo	8	static
../Core/Src/ApplicationCode.c:78:6:LCDTouchScreenInterruptGPIOInit	32	static
../Core/Src/ApplicationCode.c:103:6:EXTI15_10_IRQHandler	16	static
../Core/Src/ApplicationCode.c:162:6:EXTI0_IRQHandler	8	static
