../Core/Src/ApplicationCode.c:23:6:ApplicationInit	8	static
../Core/Src/ApplicationCode.c:45:6:LCD_Visual_Demo	8	static
../Core/Src/ApplicationCode.c:52:6:LCD_Touch_Polling_Demo	8	static
../Core/Src/ApplicationCode.c:72:6:spawnBlock	8	static
../Core/Src/ApplicationCode.c:77:6:spawnSquare	8	static
../Core/Src/ApplicationCode.c:82:6:spawnRect	8	static
../Core/Src/ApplicationCode.c:87:6:spawnS	8	static
../Core/Src/ApplicationCode.c:92:6:spawnZ	8	static
../Core/Src/ApplicationCode.c:100:6:LCDTouchScreenInterruptGPIOInit	32	static
../Core/Src/ApplicationCode.c:125:6:EXTI15_10_IRQHandler	16	static
