../Core/Src/ApplicationCode.c:11:6:applicationInit	8	static
../Core/Src/ApplicationCode.c:35:6:greenLEDInit	8	static
../Core/Src/ApplicationCode.c:39:6:redLEDInit	8	static
../Core/Src/ApplicationCode.c:45:6:appButtonInit	8	static
../Core/Src/ApplicationCode.c:49:6:executeButtonPollingRoutine	8	static
../Core/Src/ApplicationCode.c:58:6:toggleGreenLED	8	static
../Core/Src/ApplicationCode.c:62:6:toggleRedLED	8	static
../Core/Src/ApplicationCode.c:68:6:activateGreenLED	8	static
../Core/Src/ApplicationCode.c:72:6:activateRedLED	8	static
../Core/Src/ApplicationCode.c:76:6:deactivateGreenLED	8	static
../Core/Src/ApplicationCode.c:80:6:deactivateRedLED	8	static
../Core/Src/ApplicationCode.c:84:6:appDelay	32	static
../Core/Src/ApplicationCode.c:100:6:buttonInterrupt_Init	8	static
../Core/Src/ApplicationCode.c:106:6:EXTI0_IRQHandler	8	static
../Core/Src/ApplicationCode.c:121:6:GyroInitialize	8	static
../Core/Src/ApplicationCode.c:125:6:getGyroID	8	static
../Core/Src/ApplicationCode.c:129:6:GyroPowerON	8	static
../Core/Src/ApplicationCode.c:133:6:getGyroTemp	8	static
../Core/Src/ApplicationCode.c:137:6:configGyroReg	8	static
../Core/Src/ApplicationCode.c:141:6:checkHALStatus	8	static
../Core/Src/ApplicationCode.c:145:6:yes_SlaveComm	8	static
../Core/Src/ApplicationCode.c:149:6:no_SlaveComm	8	static
