../Core/Src/Block_Driver.c:54:6:DrawBlock	24	static
../Core/Src/Block_Driver.c:69:6:spawn_square	24	static
../Core/Src/Block_Driver.c:101:6:spawn_rect	24	static
../Core/Src/Block_Driver.c:113:6:spawn_s	24	static
../Core/Src/Block_Driver.c:135:6:spawn_z	24	static
../Core/Src/Block_Driver.c:155:6:spawn_l	24	static
../Core/Src/Block_Driver.c:175:6:spawn_j	24	static
../Core/Src/Block_Driver.c:195:6:spawn_t	24	static
../Core/Src/Block_Driver.c:218:6:spawn_block	8	static
../Core/Src/Block_Driver.c:354:10:block_checkCollision	4	static
../Core/Src/Block_Driver.c:367:6:block_place	16	static
../Core/Src/Block_Driver.c:379:6:block_fall	120	static
../Core/Src/Block_Driver.c:732:6:block_rotate	224	static
../Core/Src/Block_Driver.c:1095:10:check_gameEnd	16	static
../Core/Src/Block_Driver.c:1107:6:game_Run	8	static
../Core/Src/Block_Driver.c:1117:6:game_End	16	static
