../Core/Src/Block_Driver.c:52:6:spawn_square	24	static
../Core/Src/Block_Driver.c:84:6:spawn_rect	24	static
../Core/Src/Block_Driver.c:95:6:spawn_s	24	static
../Core/Src/Block_Driver.c:117:6:spawn_z	24	static
../Core/Src/Block_Driver.c:137:6:spawn_l	24	static
../Core/Src/Block_Driver.c:157:6:spawn_j	24	static
../Core/Src/Block_Driver.c:177:6:spawn_t	24	static
../Core/Src/Block_Driver.c:200:6:spawn_block	8	static
../Core/Src/Block_Driver.c:335:10:block_checkCollision	8	static
../Core/Src/Block_Driver.c:360:6:block_place	12	static
../Core/Src/Block_Driver.c:370:6:block_fall	120	static
../Core/Src/Block_Driver.c:574:6:block_rotate	4	static
../Core/Src/Block_Driver.c:579:6:game_Run	8	static
