../Core/Src/LCD_Driver.c:34:6:LCD_GPIO_Init	56	static
../Core/Src/LCD_Driver.c:117:6:LTCD_Layer_Init	72	static
../Core/Src/LCD_Driver.c:144:6:clearScreen	8	static
../Core/Src/LCD_Driver.c:149:6:LTCD__Init	8	static
../Core/Src/LCD_Driver.c:208:6:LCD_Draw_Pixel	16	static
../Core/Src/LCD_Driver.c:218:6:LCD_Draw_Circle_Fill	32	static
../Core/Src/LCD_Driver.c:232:6:LCD_Draw_Vertical_Line	32	static
../Core/Src/LCD_Driver.c:240:6:LCD_Draw_Horizontal_Line	32	static
../Core/Src/LCD_Driver.c:250:6:LCD_DrawGrid	16	static
../Core/Src/LCD_Driver.c:270:6:LCD_Clear	24	static
../Core/Src/LCD_Driver.c:281:6:LCD_SetTextColor	16	static
../Core/Src/LCD_Driver.c:287:6:LCD_SetFont	16	static
../Core/Src/LCD_Driver.c:293:6:LCD_Draw_Char	24	static
../Core/Src/LCD_Driver.c:313:6:LCD_DisplayChar	16	static
../Core/Src/LCD_Driver.c:319:6:visualDemo	16	static
../Core/Src/LCD_Driver.c:365:6:LCD_StartScreen	8	static
../Core/Src/LCD_Driver.c:383:6:LCD_Error_Handler	4	static,ignoring_inline_asm
../Core/Src/LCD_Driver.c:398:6:InitializeLCDTouch	8	static
../Core/Src/LCD_Driver.c:406:18:returnTouchStateAndLocation	16	static
../Core/Src/LCD_Driver.c:411:6:DetermineTouchPosition	16	static
../Core/Src/LCD_Driver.c:416:9:ReadRegisterFromTouchModule	16	static
../Core/Src/LCD_Driver.c:421:6:WriteDataToTouchModule	16	static
